<!doctype html public "-//w3c//dtd html 4.0 transitional//en">
<html><head>
<title>Static Call Graph - [.\Objects\project.axf]</title></head>
<body><HR>
<H1>Static Call Graph for image .\Objects\project.axf</H1><HR>
<BR><P>#&#060CALLGRAPH&#062# ARM Linker, 6100100: Last Updated: Fri Mar 20 18:51:48 2026
<BR><P>
<H3>Maximum Stack Usage =        440 bytes + Unknown(Functions without stacksize, Cycles, Untraceable Function Pointers)</H3><H3>
Call chain for Maximum Stack Depth:</H3>
USART1_IRQHandler &rArr; UART1_IdleCallback &rArr; Uart1Driver::irqHandler() &rArr; osMessageQueuePut &rArr; xQueueGenericSend &rArr; xTaskResumeAll &rArr; xTaskIncrementTick
<P>
<H3>
Functions with no stack information
</H3><UL>
 <LI><a href="#[1a9]">__user_initial_stackheap</a>
 <LI><a href="#[2c5]">unw_getcontext</a>
 <LI><a href="#[333]">libunwind::Registers_arm::saveVFPWithFSTMD(unsigned long long*)</a>
 <LI><a href="#[331]">libunwind::Registers_arm::saveVFPWithFSTMX(unsigned long long*)</a>
 <LI><a href="#[332]">libunwind::Registers_arm::saveVFPv3(unsigned long long*)</a>
 <LI><a href="#[33a]">libunwind::Registers_arm::restoreCoreAndJumpTo()</a>
 <LI><a href="#[33c]">libunwind::Registers_arm::restoreVFPWithFLDMD(unsigned long long*)</a>
 <LI><a href="#[33b]">libunwind::Registers_arm::restoreVFPWithFLDMX(unsigned long long*)</a>
 <LI><a href="#[33d]">libunwind::Registers_arm::restoreVFPv3(unsigned long long*)</a>
 <LI><a href="#[44a]">_Unwind_Complete</a>
 <LI><a href="#[35a]">_Unwind_DeleteException</a>
 <LI><a href="#[2c1]">_Unwind_GetLanguageSpecificData</a>
 <LI><a href="#[2c3]">_Unwind_GetRegionStart</a>
 <LI><a href="#[2c4]">_Unwind_RaiseException</a>
 <LI><a href="#[2c8]">_Unwind_Resume</a>
 <LI><a href="#[2c9]">_Unwind_VRS_Get</a>
 <LI><a href="#[2cd]">_Unwind_VRS_Interpret</a>
 <LI><a href="#[2ce]">_Unwind_VRS_Pop</a>
 <LI><a href="#[2d0]">_Unwind_VRS_Set</a>
 <LI><a href="#[2f6]">__cxxabiv1::__enum_type_info::~__enum_type_info()</a>
 <LI><a href="#[44c]">__cxxabiv1::__enum_type_info::~__enum_type_info__sub_object()</a>
 <LI><a href="#[44d]">__cxxabiv1::__shim_type_info::~__shim_type_info()</a>
 <LI><a href="#[129]">__cxxabiv1::__shim_type_info::~__shim_type_info__sub_object()</a>
 <LI><a href="#[44e]">__cxxabiv1::__array_type_info::~__array_type_info()</a>
 <LI><a href="#[44f]">__cxxabiv1::__array_type_info::~__array_type_info__sub_object()</a>
 <LI><a href="#[450]">__cxxabiv1::__class_type_info::~__class_type_info()</a>
 <LI><a href="#[451]">__cxxabiv1::__class_type_info::~__class_type_info__sub_object()</a>
 <LI><a href="#[452]">__cxxabiv1::__pbase_type_info::~__pbase_type_info()</a>
 <LI><a href="#[453]">__cxxabiv1::__pbase_type_info::~__pbase_type_info__sub_object()</a>
 <LI><a href="#[454]">__cxxabiv1::__pointer_type_info::~__pointer_type_info()</a>
 <LI><a href="#[455]">__cxxabiv1::__pointer_type_info::~__pointer_type_info__sub_object()</a>
 <LI><a href="#[456]">__cxxabiv1::__function_type_info::~__function_type_info()</a>
 <LI><a href="#[457]">__cxxabiv1::__function_type_info::~__function_type_info__sub_object()</a>
 <LI><a href="#[458]">__cxxabiv1::__si_class_type_info::~__si_class_type_info()</a>
 <LI><a href="#[459]">__cxxabiv1::__si_class_type_info::~__si_class_type_info__sub_object()</a>
 <LI><a href="#[45a]">__cxxabiv1::__vmi_class_type_info::~__vmi_class_type_info()</a>
 <LI><a href="#[45b]">__cxxabiv1::__vmi_class_type_info::~__vmi_class_type_info__sub_object()</a>
 <LI><a href="#[45c]">__cxxabiv1::__fundamental_type_info::~__fundamental_type_info()</a>
 <LI><a href="#[45d]">__cxxabiv1::__fundamental_type_info::~__fundamental_type_info__sub_object()</a>
 <LI><a href="#[45e]">__cxxabiv1::__pointer_to_member_type_info::~__pointer_to_member_type_info()</a>
 <LI><a href="#[45f]">__cxxabiv1::__pointer_to_member_type_info::~__pointer_to_member_type_info__sub_object()</a>
 <LI><a href="#[12a]">__cxxabiv1::__class_type_info::~__class_type_info__deallocating()</a>
 <LI><a href="#[2f8]">__cxxabiv1::__free_with_fallback(void*)</a>
 <LI><a href="#[131]">__cxxabiv1::__si_class_type_info::~__si_class_type_info__deallocating()</a>
 <LI><a href="#[2fa]">__cxxabiv1::__calloc_with_fallback(unsigned, unsigned)</a>
 <LI><a href="#[135]">__cxxabiv1::__fundamental_type_info::~__fundamental_type_info__deallocating()</a>
 <LI><a href="#[2fc]">__cxxabiv1::__aligned_free_with_fallback(void*)</a>
 <LI><a href="#[2fd]">__cxxabiv1::__aligned_malloc_with_fallback(unsigned)</a>
 <LI><a href="#[146]">libunwind::UnwindCursor&lang;libunwind::LocalAddressSpace, libunwind::Registers_arm&rang;::saveVFPAsX()</a>
 <LI><a href="#[13d]">libunwind::UnwindCursor&lang;libunwind::LocalAddressSpace, libunwind::Registers_arm&rang;::getFloatReg(int)</a>
 <LI><a href="#[13e]">libunwind::UnwindCursor&lang;libunwind::LocalAddressSpace, libunwind::Registers_arm&rang;::setFloatReg(int, unsigned long long)</a>
 <LI><a href="#[142]">libunwind::UnwindCursor&lang;libunwind::LocalAddressSpace, libunwind::Registers_arm&rang;::isSignalFrame()</a>
 <LI><a href="#[334]">libunwind::UnwindCursor&lang;libunwind::LocalAddressSpace, libunwind::Registers_arm&rang;::stepWithEHABI()</a>
 <LI><a href="#[13c]">libunwind::UnwindCursor&lang;libunwind::LocalAddressSpace, libunwind::Registers_arm&rang;::validFloatReg(int)</a>
 <LI><a href="#[143]">libunwind::UnwindCursor&lang;libunwind::LocalAddressSpace, libunwind::Registers_arm&rang;::getFunctionName(char*, unsigned, unsigned*)</a>
 <LI><a href="#[145]">libunwind::UnwindCursor&lang;libunwind::LocalAddressSpace, libunwind::Registers_arm&rang;::getRegisterName(int)</a>
 <LI><a href="#[337]">libunwind::UnwindCursor&lang;libunwind::LocalAddressSpace, libunwind::Registers_arm&rang;::getInfoFromEHABISection(unsigned, const libunwind::UnwindInfoSections&)</a>
 <LI><a href="#[144]">libunwind::UnwindCursor&lang;libunwind::LocalAddressSpace, libunwind::Registers_arm&rang;::setInfoBasedOnIPRegister(bool)</a>
 <LI><a href="#[13f]">libunwind::UnwindCursor&lang;libunwind::LocalAddressSpace, libunwind::Registers_arm&rang;::step()</a>
 <LI><a href="#[13a]">libunwind::UnwindCursor&lang;libunwind::LocalAddressSpace, libunwind::Registers_arm&rang;::getReg(int)</a>
 <LI><a href="#[141]">libunwind::UnwindCursor&lang;libunwind::LocalAddressSpace, libunwind::Registers_arm&rang;::jumpto()</a>
 <LI><a href="#[13b]">libunwind::UnwindCursor&lang;libunwind::LocalAddressSpace, libunwind::Registers_arm&rang;::setReg(int, unsigned)</a>
 <LI><a href="#[140]">libunwind::UnwindCursor&lang;libunwind::LocalAddressSpace, libunwind::Registers_arm&rang;::getInfo(unw_proc_info_t*)</a>
 <LI><a href="#[139]">libunwind::UnwindCursor&lang;libunwind::LocalAddressSpace, libunwind::Registers_arm&rang;::validReg(int)</a>
 <LI><a href="#[138]">libunwind::UnwindCursor&lang;libunwind::LocalAddressSpace, libunwind::Registers_arm&rang;::~UnwindCursor__deallocating()</a>
 <LI><a href="#[336]">libunwind::Registers_arm::getRegisterName(int)</a>
 <LI><a href="#[339]">libunwind::Registers_arm::restoreSavedFloatRegisters()</a>
 <LI><a href="#[137]">libunwind::AbstractUnwindCursor::~AbstractUnwindCursor__sub_object()</a>
 <LI><a href="#[12b]">__cxxabiv1::__shim_type_info::noop1() const</a>
 <LI><a href="#[12c]">__cxxabiv1::__shim_type_info::noop2() const</a>
 <LI><a href="#[12e]">__cxxabiv1::__class_type_info::search_above_dst(__cxxabiv1::__dynamic_cast_info*, const void*, const void*, int, bool) const</a>
 <LI><a href="#[12f]">__cxxabiv1::__class_type_info::search_below_dst(__cxxabiv1::__dynamic_cast_info*, const void*, int, bool) const</a>
 <LI><a href="#[130]">__cxxabiv1::__class_type_info::has_unambiguous_public_base(__cxxabiv1::__dynamic_cast_info*, void*, int) const</a>
 <LI><a href="#[33f]">__cxxabiv1::__class_type_info::process_static_type_above_dst(__cxxabiv1::__dynamic_cast_info*, const void*, const void*, int) const</a>
 <LI><a href="#[12d]">__cxxabiv1::__class_type_info::can_catch(const __cxxabiv1::__shim_type_info*, void*&) const</a>
 <LI><a href="#[341]">__cxxabiv1::__pbase_type_info::can_catch(const __cxxabiv1::__shim_type_info*, void*&) const</a>
 <LI><a href="#[342]">__cxxabiv1::__pointer_type_info::can_catch_nested(const __cxxabiv1::__shim_type_info*) const</a>
 <LI><a href="#[344]">__cxxabiv1::__pointer_type_info::can_catch(const __cxxabiv1::__shim_type_info*, void*&) const</a>
 <LI><a href="#[132]">__cxxabiv1::__si_class_type_info::search_above_dst(__cxxabiv1::__dynamic_cast_info*, const void*, const void*, int, bool) const</a>
 <LI><a href="#[133]">__cxxabiv1::__si_class_type_info::search_below_dst(__cxxabiv1::__dynamic_cast_info*, const void*, int, bool) const</a>
 <LI><a href="#[134]">__cxxabiv1::__si_class_type_info::has_unambiguous_public_base(__cxxabiv1::__dynamic_cast_info*, void*, int) const</a>
 <LI><a href="#[345]">__cxxabiv1::__vmi_class_type_info::search_above_dst(__cxxabiv1::__dynamic_cast_info*, const void*, const void*, int, bool) const</a>
 <LI><a href="#[136]">__cxxabiv1::__fundamental_type_info::can_catch(const __cxxabiv1::__shim_type_info*, void*&) const</a>
 <LI><a href="#[343]">__cxxabiv1::__pointer_to_member_type_info::can_catch_nested(const __cxxabiv1::__shim_type_info*) const</a>
 <LI><a href="#[346]">__cxxabiv1::__pointer_to_member_type_info::can_catch(const __cxxabiv1::__shim_type_info*, void*&) const</a>
 <LI><a href="#[148]">std::bad_exception::what() const</a>
 <LI><a href="#[14a]">std::bad_array_length::what() const</a>
 <LI><a href="#[14c]">std::bad_array_new_length::what() const</a>
 <LI><a href="#[14e]">std::bad_alloc::what() const</a>
 <LI><a href="#[147]">std::bad_exception::~bad_exception__deallocating()</a>
 <LI><a href="#[469]">std::bad_array_length::bad_array_length()</a>
 <LI><a href="#[46a]">std::bad_array_length::bad_array_length__sub_object()</a>
 <LI><a href="#[149]">std::bad_array_length::~bad_array_length__deallocating()</a>
 <LI><a href="#[46b]">std::bad_array_new_length::bad_array_new_length()</a>
 <LI><a href="#[46c]">std::bad_array_new_length::bad_array_new_length__sub_object()</a>
 <LI><a href="#[14b]">std::bad_array_new_length::~bad_array_new_length__deallocating()</a>
 <LI><a href="#[338]">T2 std::__1::__upper_bound&lang;std::__1::__less&lang;unsigned, unsigned&rang;&, libunwind::EHABISectionIterator&lang;libunwind::LocalAddressSpace&rang;, unsigned&rang;(T2, T2, const T3&, T1)</a>
 <LI><a href="#[46d]">std::bad_alloc::bad_alloc()</a>
 <LI><a href="#[46e]">std::bad_alloc::bad_alloc__sub_object()</a>
 <LI><a href="#[14d]">std::bad_alloc::~bad_alloc__deallocating()</a>
 <LI><a href="#[3]">std::bad_exception::~bad_exception()</a>
 <LI><a href="#[46f]">std::bad_exception::~bad_exception__sub_object()</a>
 <LI><a href="#[470]">std::bad_array_length::~bad_array_length()</a>
 <LI><a href="#[471]">std::bad_array_length::~bad_array_length__sub_object()</a>
 <LI><a href="#[472]">std::bad_array_new_length::~bad_array_new_length()</a>
 <LI><a href="#[473]">std::bad_array_new_length::~bad_array_new_length__sub_object()</a>
 <LI><a href="#[474]">std::bad_alloc::~bad_alloc()</a>
 <LI><a href="#[475]">std::bad_alloc::~bad_alloc__sub_object()</a>
 <LI><a href="#[476]">std::exception::~exception()</a>
 <LI><a href="#[c]">std::exception::~exception__sub_object()</a>
 <LI><a href="#[477]">std::type_info::~type_info()</a>
 <LI><a href="#[a]">std::type_info::~type_info__sub_object()</a>
 <LI><a href="#[347]">std::unexpected()</a>
 <LI><a href="#[304]">std::__terminate(void(*)())</a>
 <LI><a href="#[348]">std::__unexpected(void(*)())</a>
 <LI><a href="#[356]">std::get_terminate()</a>
 <LI><a href="#[478]">std::set_terminate(void(*)())</a>
 <LI><a href="#[357]">std::get_unexpected()</a>
 <LI><a href="#[479]">std::set_unexpected(void(*)())</a>
 <LI><a href="#[11f]">std::terminate()</a>
 <LI><a href="#[34c]">operator delete[] (void*)</a>
 <LI><a href="#[34d]">operator delete[] (void*, const std::nothrow_t&)</a>
 <LI><a href="#[34e]">operator delete[] (void*, unsigned)</a>
 <LI><a href="#[2f7]">operator delete (void*)</a>
 <LI><a href="#[34f]">operator delete (void*, const std::nothrow_t&)</a>
 <LI><a href="#[350]">operator delete (void*, unsigned)</a>
 <LI><a href="#[11b]">__aeabi_unwind_cpp_pr0</a>
 <LI><a href="#[11c]">__aeabi_unwind_cpp_pr1</a>
 <LI><a href="#[11d]">__aeabi_unwind_cpp_pr2</a>
 <LI><a href="#[351]">__cxa_allocate_dependent_exception</a>
 <LI><a href="#[352]">__cxa_allocate_exception</a>
 <LI><a href="#[303]">__cxa_begin_catch</a>
 <LI><a href="#[355]">__cxa_begin_cleanup</a>
 <LI><a href="#[353]">__cxa_call_unexpected</a>
 <LI><a href="#[306]">__cxa_decrement_exception_refcount</a>
 <LI><a href="#[34a]">__cxa_end_catch</a>
 <LI><a href="#[354]">__cxa_get_globals</a>
 <LI><a href="#[34b]">__cxa_get_globals_fast</a>
 <LI><a href="#[392]">__cxa_guard_acquire</a>
 <LI><a href="#[359]">__cxa_rethrow</a>
 <LI><a href="#[35b]">__cxa_rethrow_primary_exception</a>
 <LI><a href="#[358]">__cxa_throw</a>
 <LI><a href="#[340]">__dynamic_cast</a>
 <LI><a href="#[35c]">__gnu_unwind_frame</a>
 <LI><a href="#[128]">__gxx_personality_v0</a>
 <LI><a href="#[349]">abort_message</a>
 <LI><a href="#[335]">decode_eht_entry</a>
 <LI><a href="#[2cc]">unw_get_fpreg</a>
 <LI><a href="#[2c2]">unw_get_proc_info</a>
 <LI><a href="#[2ca]">unw_get_reg</a>
 <LI><a href="#[2c6]">unw_init_local</a>
 <LI><a href="#[2f2]">unw_resume</a>
 <LI><a href="#[2cb]">unw_save_vfp_as_X</a>
 <LI><a href="#[2d1]">unw_set_fpreg</a>
 <LI><a href="#[2cf]">unw_set_reg</a>
 <LI><a href="#[315]">unw_step</a>
 <LI><a href="#[302]">_ZN10__cxxabiv1L12failed_throwEPNS_15__cxa_exceptionE</a>
 <LI><a href="#[121]">_ZN10__cxxabiv1L22exception_cleanup_funcE19_Unwind_Reason_CodeP21_Unwind_Control_Block</a>
 <LI><a href="#[120]">_ZN10__cxxabiv1L27dependent_exception_cleanupE19_Unwind_Reason_CodeP21_Unwind_Control_Block</a>
 <LI><a href="#[153]">__cxa_end_cleanup_impl</a>
 <LI><a href="#[2fe]">_ZN10__cxxabiv1L11scan_eh_tabERNS_12_GLOBAL__N_112scan_resultsE14_Unwind_ActionbP21_Unwind_Control_BlockP15_Unwind_Context</a>
 <LI><a href="#[305]">_ZN10__cxxabiv1L13set_registersEP21_Unwind_Control_BlockP15_Unwind_ContextRKNS_12_GLOBAL__N_112scan_resultsE</a>
 <LI><a href="#[300]">_ZN10__cxxabiv1L14call_terminateEbP21_Unwind_Control_Block</a>
 <LI><a href="#[2ff]">_ZN10__cxxabiv1L18readEncodedPointerEPPKhh</a>
 <LI><a href="#[301]">_ZN10__cxxabiv1L24exception_spec_can_catchExPKhhPKNS_16__shim_type_infoEPvP21_Unwind_Control_Block</a>
 <LI><a href="#[2c7]">_ZL13unwind_phase2P13unw_context_tP12unw_cursor_tP21_Unwind_Control_Blockb</a>
 <LI><a href="#[314]">&lang;unnamed namespace 1&rang;::unwindOneFrame(unsigned, _Unwind_Control_Block*, _Unwind_Context*)</a>
 <LI><a href="#[2f9]">&lang;unnamed namespace 1&rang;::fallback_free(void*)</a>
 <LI><a href="#[2fb]">&lang;unnamed namespace 1&rang;::fallback_malloc(unsigned)</a>
</UL>
</UL>
<P>
<H3>
Mutually Recursive functions
</H3> <LI><a href="#[8f]">ADC3_IRQHandler</a>&nbsp;&nbsp;&nbsp;&rArr;&nbsp;&nbsp;&nbsp;<a href="#[8f]">ADC3_IRQHandler</a><BR>
 <LI><a href="#[12]">BusFault_Handler</a>&nbsp;&nbsp;&nbsp;&rArr;&nbsp;&nbsp;&nbsp;<a href="#[12]">BusFault_Handler</a><BR>
 <LI><a href="#[10]">HardFault_Handler</a>&nbsp;&nbsp;&nbsp;&rArr;&nbsp;&nbsp;&nbsp;<a href="#[10]">HardFault_Handler</a><BR>
 <LI><a href="#[11]">MemManage_Handler</a>&nbsp;&nbsp;&nbsp;&rArr;&nbsp;&nbsp;&nbsp;<a href="#[11]">MemManage_Handler</a><BR>
 <LI><a href="#[f]">NMI_Handler</a>&nbsp;&nbsp;&nbsp;&rArr;&nbsp;&nbsp;&nbsp;<a href="#[f]">NMI_Handler</a><BR>
 <LI><a href="#[284]">UART_EndRxTransfer</a>&nbsp;&nbsp;&nbsp;&rArr;&nbsp;&nbsp;&nbsp;<a href="#[284]">UART_EndRxTransfer</a><BR>
 <LI><a href="#[13]">UsageFault_Handler</a>&nbsp;&nbsp;&nbsp;&rArr;&nbsp;&nbsp;&nbsp;<a href="#[13]">UsageFault_Handler</a><BR>
 <LI><a href="#[283]">UART_EndTxTransfer</a>&nbsp;&nbsp;&nbsp;&rArr;&nbsp;&nbsp;&nbsp;<a href="#[283]">UART_EndTxTransfer</a><BR>
 <LI><a href="#[11f]">std::terminate()</a>&nbsp;&nbsp;&nbsp;&rArr;&nbsp;&nbsp;&nbsp;<a href="#[31d]">__clang_call_terminate</a><BR>
 <LI><a href="#[304]">std::__terminate(void(*)())</a>&nbsp;&nbsp;&nbsp;&rArr;&nbsp;&nbsp;&nbsp;<a href="#[303]">__cxa_begin_catch</a><BR>
 <LI><a href="#[353]">__cxa_call_unexpected</a>&nbsp;&nbsp;&nbsp;&rArr;&nbsp;&nbsp;&nbsp;<a href="#[303]">__cxa_begin_catch</a><BR>
 <LI><a href="#[300]">_ZN10__cxxabiv1L14call_terminateEbP21_Unwind_Control_Block</a>&nbsp;&nbsp;&nbsp;&rArr;&nbsp;&nbsp;&nbsp;<a href="#[303]">__cxa_begin_catch</a><BR>
 <LI><a href="#[302]">_ZN10__cxxabiv1L12failed_throwEPNS_15__cxa_exceptionE</a>&nbsp;&nbsp;&nbsp;&rArr;&nbsp;&nbsp;&nbsp;<a href="#[303]">__cxa_begin_catch</a><BR>
 <LI><a href="#[359]">__cxa_rethrow</a>&nbsp;&nbsp;&nbsp;&rArr;&nbsp;&nbsp;&nbsp;<a href="#[303]">__cxa_begin_catch</a><BR>
 <LI><a href="#[352]">__cxa_allocate_exception</a>&nbsp;&nbsp;&nbsp;&rArr;&nbsp;&nbsp;&nbsp;<a href="#[11f]">std::terminate()</a><BR>
</UL>
<P>
<H3>
Function Pointers
</H3><UL>
 <LI><a href="#[8f]">ADC3_IRQHandler</a> from startup_stm32h743xx.o(.text) referenced from startup_stm32h743xx.o(RESET)
 <LI><a href="#[2a]">ADC_IRQHandler</a> from startup_stm32h743xx.o(.text) referenced from startup_stm32h743xx.o(RESET)
 <LI><a href="#[91]">BDMA_Channel0_IRQHandler</a> from startup_stm32h743xx.o(.text) referenced from startup_stm32h743xx.o(RESET)
 <LI><a href="#[92]">BDMA_Channel1_IRQHandler</a> from startup_stm32h743xx.o(.text) referenced from startup_stm32h743xx.o(RESET)
 <LI><a href="#[93]">BDMA_Channel2_IRQHandler</a> from startup_stm32h743xx.o(.text) referenced from startup_stm32h743xx.o(RESET)
 <LI><a href="#[94]">BDMA_Channel3_IRQHandler</a> from startup_stm32h743xx.o(.text) referenced from startup_stm32h743xx.o(RESET)
 <LI><a href="#[95]">BDMA_Channel4_IRQHandler</a> from startup_stm32h743xx.o(.text) referenced from startup_stm32h743xx.o(RESET)
 <LI><a href="#[96]">BDMA_Channel5_IRQHandler</a> from startup_stm32h743xx.o(.text) referenced from startup_stm32h743xx.o(RESET)
 <LI><a href="#[97]">BDMA_Channel6_IRQHandler</a> from startup_stm32h743xx.o(.text) referenced from startup_stm32h743xx.o(RESET)
 <LI><a href="#[98]">BDMA_Channel7_IRQHandler</a> from startup_stm32h743xx.o(.text) referenced from startup_stm32h743xx.o(RESET)
 <LI><a href="#[12]">BusFault_Handler</a> from stm32h7xx_it.o(.text.BusFault_Handler) referenced from startup_stm32h743xx.o(RESET)
 <LI><a href="#[70]">CEC_IRQHandler</a> from startup_stm32h743xx.o(.text) referenced from startup_stm32h743xx.o(RESET)
 <LI><a href="#[99]">COMP1_IRQHandler</a> from startup_stm32h743xx.o(.text) referenced from startup_stm32h743xx.o(RESET)
 <LI><a href="#[9f]">CRS_IRQHandler</a> from startup_stm32h743xx.o(.text) referenced from startup_stm32h743xx.o(RESET)
 <LI><a href="#[61]">DCMI_IRQHandler</a> from startup_stm32h743xx.o(.text) referenced from startup_stm32h743xx.o(RESET)
 <LI><a href="#[80]">DFSDM1_FLT0_IRQHandler</a> from startup_stm32h743xx.o(.text) referenced from startup_stm32h743xx.o(RESET)
 <LI><a href="#[81]">DFSDM1_FLT1_IRQHandler</a> from startup_stm32h743xx.o(.text) referenced from startup_stm32h743xx.o(RESET)
 <LI><a href="#[82]">DFSDM1_FLT2_IRQHandler</a> from startup_stm32h743xx.o(.text) referenced from startup_stm32h743xx.o(RESET)
 <LI><a href="#[83]">DFSDM1_FLT3_IRQHandler</a> from startup_stm32h743xx.o(.text) referenced from startup_stm32h743xx.o(RESET)
 <LI><a href="#[23]">DMA1_Stream0_IRQHandler</a> from stm32h7xx_it.o(.text.DMA1_Stream0_IRQHandler) referenced from startup_stm32h743xx.o(RESET)
 <LI><a href="#[24]">DMA1_Stream1_IRQHandler</a> from stm32h7xx_it.o(.text.DMA1_Stream1_IRQHandler) referenced from startup_stm32h743xx.o(RESET)
 <LI><a href="#[25]">DMA1_Stream2_IRQHandler</a> from startup_stm32h743xx.o(.text) referenced from startup_stm32h743xx.o(RESET)
 <LI><a href="#[26]">DMA1_Stream3_IRQHandler</a> from startup_stm32h743xx.o(.text) referenced from startup_stm32h743xx.o(RESET)
 <LI><a href="#[27]">DMA1_Stream4_IRQHandler</a> from startup_stm32h743xx.o(.text) referenced from startup_stm32h743xx.o(RESET)
 <LI><a href="#[28]">DMA1_Stream5_IRQHandler</a> from startup_stm32h743xx.o(.text) referenced from startup_stm32h743xx.o(RESET)
 <LI><a href="#[29]">DMA1_Stream6_IRQHandler</a> from startup_stm32h743xx.o(.text) referenced from startup_stm32h743xx.o(RESET)
 <LI><a href="#[46]">DMA1_Stream7_IRQHandler</a> from startup_stm32h743xx.o(.text) referenced from startup_stm32h743xx.o(RESET)
 <LI><a href="#[6c]">DMA2D_IRQHandler</a> from startup_stm32h743xx.o(.text) referenced from startup_stm32h743xx.o(RESET)
 <LI><a href="#[4f]">DMA2_Stream0_IRQHandler</a> from startup_stm32h743xx.o(.text) referenced from startup_stm32h743xx.o(RESET)
 <LI><a href="#[50]">DMA2_Stream1_IRQHandler</a> from startup_stm32h743xx.o(.text) referenced from startup_stm32h743xx.o(RESET)
 <LI><a href="#[51]">DMA2_Stream2_IRQHandler</a> from startup_stm32h743xx.o(.text) referenced from startup_stm32h743xx.o(RESET)
 <LI><a href="#[52]">DMA2_Stream3_IRQHandler</a> from startup_stm32h743xx.o(.text) referenced from startup_stm32h743xx.o(RESET)
 <LI><a href="#[53]">DMA2_Stream4_IRQHandler</a> from startup_stm32h743xx.o(.text) referenced from startup_stm32h743xx.o(RESET)
 <LI><a href="#[57]">DMA2_Stream5_IRQHandler</a> from startup_stm32h743xx.o(.text) referenced from startup_stm32h743xx.o(RESET)
 <LI><a href="#[58]">DMA2_Stream6_IRQHandler</a> from startup_stm32h743xx.o(.text) referenced from startup_stm32h743xx.o(RESET)
 <LI><a href="#[59]">DMA2_Stream7_IRQHandler</a> from startup_stm32h743xx.o(.text) referenced from startup_stm32h743xx.o(RESET)
 <LI><a href="#[78]">DMAMUX1_OVR_IRQHandler</a> from startup_stm32h743xx.o(.text) referenced from startup_stm32h743xx.o(RESET)
 <LI><a href="#[90]">DMAMUX2_OVR_IRQHandler</a> from startup_stm32h743xx.o(.text) referenced from startup_stm32h743xx.o(RESET)
 <LI><a href="#[15]">DebugMon_Handler</a> from stm32h7xx_it.o(.text.DebugMon_Handler) referenced from startup_stm32h743xx.o(RESET)
 <LI><a href="#[a0]">ECC_IRQHandler</a> from startup_stm32h743xx.o(.text) referenced from startup_stm32h743xx.o(RESET)
 <LI><a href="#[54]">ETH_IRQHandler</a> from startup_stm32h743xx.o(.text) referenced from startup_stm32h743xx.o(RESET)
 <LI><a href="#[55]">ETH_WKUP_IRQHandler</a> from startup_stm32h743xx.o(.text) referenced from startup_stm32h743xx.o(RESET)
 <LI><a href="#[1e]">EXTI0_IRQHandler</a> from startup_stm32h743xx.o(.text) referenced from startup_stm32h743xx.o(RESET)
 <LI><a href="#[40]">EXTI15_10_IRQHandler</a> from startup_stm32h743xx.o(.text) referenced from startup_stm32h743xx.o(RESET)
 <LI><a href="#[1f]">EXTI1_IRQHandler</a> from startup_stm32h743xx.o(.text) referenced from startup_stm32h743xx.o(RESET)
 <LI><a href="#[20]">EXTI2_IRQHandler</a> from startup_stm32h743xx.o(.text) referenced from startup_stm32h743xx.o(RESET)
 <LI><a href="#[21]">EXTI3_IRQHandler</a> from startup_stm32h743xx.o(.text) referenced from startup_stm32h743xx.o(RESET)
 <LI><a href="#[22]">EXTI4_IRQHandler</a> from startup_stm32h743xx.o(.text) referenced from startup_stm32h743xx.o(RESET)
 <LI><a href="#[2f]">EXTI9_5_IRQHandler</a> from startup_stm32h743xx.o(.text) referenced from startup_stm32h743xx.o(RESET)
 <LI><a href="#[2b]">FDCAN1_IT0_IRQHandler</a> from startup_stm32h743xx.o(.text) referenced from startup_stm32h743xx.o(RESET)
 <LI><a href="#[2d]">FDCAN1_IT1_IRQHandler</a> from startup_stm32h743xx.o(.text) referenced from startup_stm32h743xx.o(RESET)
 <LI><a href="#[2c]">FDCAN2_IT0_IRQHandler</a> from startup_stm32h743xx.o(.text) referenced from startup_stm32h743xx.o(RESET)
 <LI><a href="#[2e]">FDCAN2_IT1_IRQHandler</a> from startup_stm32h743xx.o(.text) referenced from startup_stm32h743xx.o(RESET)
 <LI><a href="#[56]">FDCAN_CAL_IRQHandler</a> from startup_stm32h743xx.o(.text) referenced from startup_stm32h743xx.o(RESET)
 <LI><a href="#[1c]">FLASH_IRQHandler</a> from startup_stm32h743xx.o(.text) referenced from startup_stm32h743xx.o(RESET)
 <LI><a href="#[47]">FMC_IRQHandler</a> from startup_stm32h743xx.o(.text) referenced from startup_stm32h743xx.o(RESET)
 <LI><a href="#[63]">FPU_IRQHandler</a> from startup_stm32h743xx.o(.text) referenced from startup_stm32h743xx.o(RESET)
 <LI><a href="#[114]">HAL_GPIO_Init</a> from stm32h7xx_hal_gpio.o(.text.HAL_GPIO_Init) referenced from board.o(.text._Z12MX_GPIO_Initv)
 <LI><a href="#[10d]">HAL_GPIO_WritePin</a> from stm32h7xx_hal_gpio.o(.text.HAL_GPIO_WritePin) referenced from oled.o(.text.OLED_Hw_Init)
 <LI><a href="#[b2]">HAL_I2C_AbortCpltCallback</a> from stm32h7xx_hal_i2c.o(.text.HAL_I2C_AbortCpltCallback) referenced from stm32h7xx_hal_i2c.o(.text.HAL_I2C_Init)
 <LI><a href="#[b2]">HAL_I2C_AbortCpltCallback</a> from stm32h7xx_hal_i2c.o(.text.HAL_I2C_AbortCpltCallback) referenced from stm32h7xx_hal_i2c.o(.text.HAL_I2C_UnRegisterCallback)
 <LI><a href="#[b3]">HAL_I2C_AddrCallback</a> from stm32h7xx_hal_i2c.o(.text.HAL_I2C_AddrCallback) referenced from stm32h7xx_hal_i2c.o(.text.HAL_I2C_Init)
 <LI><a href="#[b3]">HAL_I2C_AddrCallback</a> from stm32h7xx_hal_i2c.o(.text.HAL_I2C_AddrCallback) referenced from stm32h7xx_hal_i2c.o(.text.HAL_I2C_UnRegisterAddrCallback)
 <LI><a href="#[b1]">HAL_I2C_ErrorCallback</a> from stm32h7xx_hal_i2c.o(.text.HAL_I2C_ErrorCallback) referenced from stm32h7xx_hal_i2c.o(.text.HAL_I2C_Init)
 <LI><a href="#[b1]">HAL_I2C_ErrorCallback</a> from stm32h7xx_hal_i2c.o(.text.HAL_I2C_ErrorCallback) referenced from stm32h7xx_hal_i2c.o(.text.HAL_I2C_UnRegisterCallback)
 <LI><a href="#[ae]">HAL_I2C_ListenCpltCallback</a> from stm32h7xx_hal_i2c.o(.text.HAL_I2C_ListenCpltCallback) referenced from stm32h7xx_hal_i2c.o(.text.HAL_I2C_Init)
 <LI><a href="#[ae]">HAL_I2C_ListenCpltCallback</a> from stm32h7xx_hal_i2c.o(.text.HAL_I2C_ListenCpltCallback) referenced from stm32h7xx_hal_i2c.o(.text.HAL_I2C_UnRegisterCallback)
 <LI><a href="#[ab]">HAL_I2C_MasterRxCpltCallback</a> from stm32h7xx_hal_i2c.o(.text.HAL_I2C_MasterRxCpltCallback) referenced from stm32h7xx_hal_i2c.o(.text.HAL_I2C_Init)
 <LI><a href="#[ab]">HAL_I2C_MasterRxCpltCallback</a> from stm32h7xx_hal_i2c.o(.text.HAL_I2C_MasterRxCpltCallback) referenced from stm32h7xx_hal_i2c.o(.text.HAL_I2C_UnRegisterCallback)
 <LI><a href="#[aa]">HAL_I2C_MasterTxCpltCallback</a> from stm32h7xx_hal_i2c.o(.text.HAL_I2C_MasterTxCpltCallback) referenced from stm32h7xx_hal_i2c.o(.text.HAL_I2C_Init)
 <LI><a href="#[aa]">HAL_I2C_MasterTxCpltCallback</a> from stm32h7xx_hal_i2c.o(.text.HAL_I2C_MasterTxCpltCallback) referenced from stm32h7xx_hal_i2c.o(.text.HAL_I2C_UnRegisterCallback)
 <LI><a href="#[b0]">HAL_I2C_MemRxCpltCallback</a> from stm32h7xx_hal_i2c.o(.text.HAL_I2C_MemRxCpltCallback) referenced from stm32h7xx_hal_i2c.o(.text.HAL_I2C_Init)
 <LI><a href="#[b0]">HAL_I2C_MemRxCpltCallback</a> from stm32h7xx_hal_i2c.o(.text.HAL_I2C_MemRxCpltCallback) referenced from stm32h7xx_hal_i2c.o(.text.HAL_I2C_UnRegisterCallback)
 <LI><a href="#[af]">HAL_I2C_MemTxCpltCallback</a> from stm32h7xx_hal_i2c.o(.text.HAL_I2C_MemTxCpltCallback) referenced from stm32h7xx_hal_i2c.o(.text.HAL_I2C_Init)
 <LI><a href="#[af]">HAL_I2C_MemTxCpltCallback</a> from stm32h7xx_hal_i2c.o(.text.HAL_I2C_MemTxCpltCallback) referenced from stm32h7xx_hal_i2c.o(.text.HAL_I2C_UnRegisterCallback)
 <LI><a href="#[c0]">HAL_I2C_MspDeInit</a> from stm32h7xx_hal_msp.o(.text.HAL_I2C_MspDeInit) referenced from stm32h7xx_hal_i2c.o(.text.HAL_I2C_UnRegisterCallback)
 <LI><a href="#[b4]">HAL_I2C_MspInit</a> from stm32h7xx_hal_msp.o(.text.HAL_I2C_MspInit) referenced from stm32h7xx_hal_i2c.o(.text.HAL_I2C_Init)
 <LI><a href="#[b4]">HAL_I2C_MspInit</a> from stm32h7xx_hal_msp.o(.text.HAL_I2C_MspInit) referenced from stm32h7xx_hal_i2c.o(.text.HAL_I2C_UnRegisterCallback)
 <LI><a href="#[ad]">HAL_I2C_SlaveRxCpltCallback</a> from stm32h7xx_hal_i2c.o(.text.HAL_I2C_SlaveRxCpltCallback) referenced from stm32h7xx_hal_i2c.o(.text.HAL_I2C_Init)
 <LI><a href="#[ad]">HAL_I2C_SlaveRxCpltCallback</a> from stm32h7xx_hal_i2c.o(.text.HAL_I2C_SlaveRxCpltCallback) referenced from stm32h7xx_hal_i2c.o(.text.HAL_I2C_UnRegisterCallback)
 <LI><a href="#[ac]">HAL_I2C_SlaveTxCpltCallback</a> from stm32h7xx_hal_i2c.o(.text.HAL_I2C_SlaveTxCpltCallback) referenced from stm32h7xx_hal_i2c.o(.text.HAL_I2C_Init)
 <LI><a href="#[ac]">HAL_I2C_SlaveTxCpltCallback</a> from stm32h7xx_hal_i2c.o(.text.HAL_I2C_SlaveTxCpltCallback) referenced from stm32h7xx_hal_i2c.o(.text.HAL_I2C_UnRegisterCallback)
 <LI><a href="#[ca]">HAL_SPI_AbortCpltCallback</a> from stm32h7xx_hal_spi.o(.text.HAL_SPI_AbortCpltCallback) referenced from stm32h7xx_hal_spi.o(.text.HAL_SPI_Init)
 <LI><a href="#[ca]">HAL_SPI_AbortCpltCallback</a> from stm32h7xx_hal_spi.o(.text.HAL_SPI_AbortCpltCallback) referenced from stm32h7xx_hal_spi.o(.text.HAL_SPI_UnRegisterCallback)
 <LI><a href="#[c9]">HAL_SPI_ErrorCallback</a> from stm32h7xx_hal_spi.o(.text.HAL_SPI_ErrorCallback) referenced from stm32h7xx_hal_spi.o(.text.HAL_SPI_Init)
 <LI><a href="#[c9]">HAL_SPI_ErrorCallback</a> from stm32h7xx_hal_spi.o(.text.HAL_SPI_ErrorCallback) referenced from stm32h7xx_hal_spi.o(.text.HAL_SPI_UnRegisterCallback)
 <LI><a href="#[d4]">HAL_SPI_MspDeInit</a> from stm32h7xx_hal_msp.o(.text.HAL_SPI_MspDeInit) referenced from stm32h7xx_hal_spi.o(.text.HAL_SPI_UnRegisterCallback)
 <LI><a href="#[cc]">HAL_SPI_MspInit</a> from stm32h7xx_hal_msp.o(.text.HAL_SPI_MspInit) referenced from stm32h7xx_hal_spi.o(.text.HAL_SPI_Init)
 <LI><a href="#[cc]">HAL_SPI_MspInit</a> from stm32h7xx_hal_msp.o(.text.HAL_SPI_MspInit) referenced from stm32h7xx_hal_spi.o(.text.HAL_SPI_UnRegisterCallback)
 <LI><a href="#[c4]">HAL_SPI_RxCpltCallback</a> from stm32h7xx_hal_spi.o(.text.HAL_SPI_RxCpltCallback) referenced from stm32h7xx_hal_spi.o(.text.HAL_SPI_Init)
 <LI><a href="#[c4]">HAL_SPI_RxCpltCallback</a> from stm32h7xx_hal_spi.o(.text.HAL_SPI_RxCpltCallback) referenced from stm32h7xx_hal_spi.o(.text.HAL_SPI_UnRegisterCallback)
 <LI><a href="#[c7]">HAL_SPI_RxHalfCpltCallback</a> from stm32h7xx_hal_spi.o(.text.HAL_SPI_RxHalfCpltCallback) referenced from stm32h7xx_hal_spi.o(.text.HAL_SPI_Init)
 <LI><a href="#[c7]">HAL_SPI_RxHalfCpltCallback</a> from stm32h7xx_hal_spi.o(.text.HAL_SPI_RxHalfCpltCallback) referenced from stm32h7xx_hal_spi.o(.text.HAL_SPI_UnRegisterCallback)
 <LI><a href="#[cb]">HAL_SPI_SuspendCallback</a> from stm32h7xx_hal_spi.o(.text.HAL_SPI_SuspendCallback) referenced from stm32h7xx_hal_spi.o(.text.HAL_SPI_Init)
 <LI><a href="#[cb]">HAL_SPI_SuspendCallback</a> from stm32h7xx_hal_spi.o(.text.HAL_SPI_SuspendCallback) referenced from stm32h7xx_hal_spi.o(.text.HAL_SPI_UnRegisterCallback)
 <LI><a href="#[c3]">HAL_SPI_TxCpltCallback</a> from stm32h7xx_hal_spi.o(.text.HAL_SPI_TxCpltCallback) referenced from stm32h7xx_hal_spi.o(.text.HAL_SPI_Init)
 <LI><a href="#[c3]">HAL_SPI_TxCpltCallback</a> from stm32h7xx_hal_spi.o(.text.HAL_SPI_TxCpltCallback) referenced from stm32h7xx_hal_spi.o(.text.HAL_SPI_UnRegisterCallback)
 <LI><a href="#[c6]">HAL_SPI_TxHalfCpltCallback</a> from stm32h7xx_hal_spi.o(.text.HAL_SPI_TxHalfCpltCallback) referenced from stm32h7xx_hal_spi.o(.text.HAL_SPI_Init)
 <LI><a href="#[c6]">HAL_SPI_TxHalfCpltCallback</a> from stm32h7xx_hal_spi.o(.text.HAL_SPI_TxHalfCpltCallback) referenced from stm32h7xx_hal_spi.o(.text.HAL_SPI_UnRegisterCallback)
 <LI><a href="#[c5]">HAL_SPI_TxRxCpltCallback</a> from stm32h7xx_hal_spi.o(.text.HAL_SPI_TxRxCpltCallback) referenced from stm32h7xx_hal_spi.o(.text.HAL_SPI_Init)
 <LI><a href="#[c5]">HAL_SPI_TxRxCpltCallback</a> from stm32h7xx_hal_spi.o(.text.HAL_SPI_TxRxCpltCallback) referenced from stm32h7xx_hal_spi.o(.text.HAL_SPI_UnRegisterCallback)
 <LI><a href="#[c8]">HAL_SPI_TxRxHalfCpltCallback</a> from stm32h7xx_hal_spi.o(.text.HAL_SPI_TxRxHalfCpltCallback) referenced from stm32h7xx_hal_spi.o(.text.HAL_SPI_Init)
 <LI><a href="#[c8]">HAL_SPI_TxRxHalfCpltCallback</a> from stm32h7xx_hal_spi.o(.text.HAL_SPI_TxRxHalfCpltCallback) referenced from stm32h7xx_hal_spi.o(.text.HAL_SPI_UnRegisterCallback)
 <LI><a href="#[ee]">HAL_TIMEx_Break2Callback</a> from stm32h7xx_hal_tim_ex.o(.text.HAL_TIMEx_Break2Callback) referenced from stm32h7xx_hal_tim.o(.text.HAL_TIM_UnRegisterCallback)
 <LI><a href="#[ee]">HAL_TIMEx_Break2Callback</a> from stm32h7xx_hal_tim_ex.o(.text.HAL_TIMEx_Break2Callback) referenced from stm32h7xx_hal_tim.o(.text.TIM_ResetCallback)
 <LI><a href="#[ef]">HAL_TIMEx_BreakCallback</a> from stm32h7xx_hal_tim_ex.o(.text.HAL_TIMEx_BreakCallback) referenced from stm32h7xx_hal_tim.o(.text.HAL_TIM_UnRegisterCallback)
 <LI><a href="#[ef]">HAL_TIMEx_BreakCallback</a> from stm32h7xx_hal_tim_ex.o(.text.HAL_TIMEx_BreakCallback) referenced from stm32h7xx_hal_tim.o(.text.TIM_ResetCallback)
 <LI><a href="#[f1]">HAL_TIMEx_CommutCallback</a> from stm32h7xx_hal_tim_ex.o(.text.HAL_TIMEx_CommutCallback) referenced from stm32h7xx_hal_tim.o(.text.HAL_TIM_UnRegisterCallback)
 <LI><a href="#[f1]">HAL_TIMEx_CommutCallback</a> from stm32h7xx_hal_tim_ex.o(.text.HAL_TIMEx_CommutCallback) referenced from stm32h7xx_hal_tim.o(.text.TIM_ResetCallback)
 <LI><a href="#[f0]">HAL_TIMEx_CommutHalfCpltCallback</a> from stm32h7xx_hal_tim_ex.o(.text.HAL_TIMEx_CommutHalfCpltCallback) referenced from stm32h7xx_hal_tim.o(.text.HAL_TIM_UnRegisterCallback)
 <LI><a href="#[f0]">HAL_TIMEx_CommutHalfCpltCallback</a> from stm32h7xx_hal_tim_ex.o(.text.HAL_TIMEx_CommutHalfCpltCallback) referenced from stm32h7xx_hal_tim.o(.text.TIM_ResetCallback)
 <LI><a href="#[d7]">HAL_TIMEx_HallSensor_MspDeInit</a> from stm32h7xx_hal_tim_ex.o(.text.HAL_TIMEx_HallSensor_MspDeInit) referenced from stm32h7xx_hal_tim_ex.o(.text.HAL_TIMEx_HallSensor_DeInit)
 <LI><a href="#[d7]">HAL_TIMEx_HallSensor_MspDeInit</a> from stm32h7xx_hal_tim_ex.o(.text.HAL_TIMEx_HallSensor_MspDeInit) referenced from stm32h7xx_hal_tim.o(.text.HAL_TIM_UnRegisterCallback)
 <LI><a href="#[d8]">HAL_TIMEx_HallSensor_MspInit</a> from stm32h7xx_hal_tim_ex.o(.text.HAL_TIMEx_HallSensor_MspInit) referenced from stm32h7xx_hal_tim_ex.o(.text.HAL_TIMEx_HallSensor_Init)
 <LI><a href="#[d8]">HAL_TIMEx_HallSensor_MspInit</a> from stm32h7xx_hal_tim_ex.o(.text.HAL_TIMEx_HallSensor_MspInit) referenced from stm32h7xx_hal_tim.o(.text.HAL_TIM_UnRegisterCallback)
 <LI><a href="#[ed]">HAL_TIM_Base_MspDeInit</a> from stm32h7xx_hal_msp.o(.text.HAL_TIM_Base_MspDeInit) referenced from stm32h7xx_hal_tim.o(.text.HAL_TIM_UnRegisterCallback)
 <LI><a href="#[d9]">HAL_TIM_Base_MspInit</a> from stm32h7xx_hal_msp.o(.text.HAL_TIM_Base_MspInit) referenced from stm32h7xx_hal_tim.o(.text.HAL_TIM_Base_Init)
 <LI><a href="#[d9]">HAL_TIM_Base_MspInit</a> from stm32h7xx_hal_msp.o(.text.HAL_TIM_Base_MspInit) referenced from stm32h7xx_hal_tim.o(.text.HAL_TIM_UnRegisterCallback)
 <LI><a href="#[e3]">HAL_TIM_Encoder_MspDeInit</a> from stm32h7xx_hal_tim.o(.text.HAL_TIM_Encoder_MspDeInit) referenced from stm32h7xx_hal_tim.o(.text.HAL_TIM_Encoder_DeInit)
 <LI><a href="#[e3]">HAL_TIM_Encoder_MspDeInit</a> from stm32h7xx_hal_tim.o(.text.HAL_TIM_Encoder_MspDeInit) referenced from stm32h7xx_hal_tim.o(.text.HAL_TIM_UnRegisterCallback)
 <LI><a href="#[e4]">HAL_TIM_Encoder_MspInit</a> from stm32h7xx_hal_tim.o(.text.HAL_TIM_Encoder_MspInit) referenced from stm32h7xx_hal_tim.o(.text.HAL_TIM_Encoder_Init)
 <LI><a href="#[e4]">HAL_TIM_Encoder_MspInit</a> from stm32h7xx_hal_tim.o(.text.HAL_TIM_Encoder_MspInit) referenced from stm32h7xx_hal_tim.o(.text.HAL_TIM_UnRegisterCallback)
 <LI><a href="#[f2]">HAL_TIM_ErrorCallback</a> from stm32h7xx_hal_tim.o(.text.HAL_TIM_ErrorCallback) referenced from stm32h7xx_hal_tim.o(.text.HAL_TIM_UnRegisterCallback)
 <LI><a href="#[f2]">HAL_TIM_ErrorCallback</a> from stm32h7xx_hal_tim.o(.text.HAL_TIM_ErrorCallback) referenced from stm32h7xx_hal_tim.o(.text.TIM_ResetCallback)
 <LI><a href="#[f7]">HAL_TIM_IC_CaptureCallback</a> from stm32h7xx_hal_tim.o(.text.HAL_TIM_IC_CaptureCallback) referenced from stm32h7xx_hal_tim.o(.text.HAL_TIM_UnRegisterCallback)
 <LI><a href="#[f7]">HAL_TIM_IC_CaptureCallback</a> from stm32h7xx_hal_tim.o(.text.HAL_TIM_IC_CaptureCallback) referenced from stm32h7xx_hal_tim.o(.text.TIM_ResetCallback)
 <LI><a href="#[f6]">HAL_TIM_IC_CaptureHalfCpltCallback</a> from stm32h7xx_hal_tim.o(.text.HAL_TIM_IC_CaptureHalfCpltCallback) referenced from stm32h7xx_hal_tim.o(.text.HAL_TIM_UnRegisterCallback)
 <LI><a href="#[f6]">HAL_TIM_IC_CaptureHalfCpltCallback</a> from stm32h7xx_hal_tim.o(.text.HAL_TIM_IC_CaptureHalfCpltCallback) referenced from stm32h7xx_hal_tim.o(.text.TIM_ResetCallback)
 <LI><a href="#[e5]">HAL_TIM_IC_MspDeInit</a> from stm32h7xx_hal_tim.o(.text.HAL_TIM_IC_MspDeInit) referenced from stm32h7xx_hal_tim.o(.text.HAL_TIM_IC_DeInit)
 <LI><a href="#[e5]">HAL_TIM_IC_MspDeInit</a> from stm32h7xx_hal_tim.o(.text.HAL_TIM_IC_MspDeInit) referenced from stm32h7xx_hal_tim.o(.text.HAL_TIM_UnRegisterCallback)
 <LI><a href="#[e6]">HAL_TIM_IC_MspInit</a> from stm32h7xx_hal_tim.o(.text.HAL_TIM_IC_MspInit) referenced from stm32h7xx_hal_tim.o(.text.HAL_TIM_IC_Init)
 <LI><a href="#[e6]">HAL_TIM_IC_MspInit</a> from stm32h7xx_hal_tim.o(.text.HAL_TIM_IC_MspInit) referenced from stm32h7xx_hal_tim.o(.text.HAL_TIM_UnRegisterCallback)
 <LI><a href="#[f5]">HAL_TIM_OC_DelayElapsedCallback</a> from stm32h7xx_hal_tim.o(.text.HAL_TIM_OC_DelayElapsedCallback) referenced from stm32h7xx_hal_tim.o(.text.HAL_TIM_UnRegisterCallback)
 <LI><a href="#[f5]">HAL_TIM_OC_DelayElapsedCallback</a> from stm32h7xx_hal_tim.o(.text.HAL_TIM_OC_DelayElapsedCallback) referenced from stm32h7xx_hal_tim.o(.text.TIM_ResetCallback)
 <LI><a href="#[e7]">HAL_TIM_OC_MspDeInit</a> from stm32h7xx_hal_tim.o(.text.HAL_TIM_OC_MspDeInit) referenced from stm32h7xx_hal_tim.o(.text.HAL_TIM_OC_DeInit)
 <LI><a href="#[e7]">HAL_TIM_OC_MspDeInit</a> from stm32h7xx_hal_tim.o(.text.HAL_TIM_OC_MspDeInit) referenced from stm32h7xx_hal_tim.o(.text.HAL_TIM_UnRegisterCallback)
 <LI><a href="#[e8]">HAL_TIM_OC_MspInit</a> from stm32h7xx_hal_tim.o(.text.HAL_TIM_OC_MspInit) referenced from stm32h7xx_hal_tim.o(.text.HAL_TIM_OC_Init)
 <LI><a href="#[e8]">HAL_TIM_OC_MspInit</a> from stm32h7xx_hal_tim.o(.text.HAL_TIM_OC_MspInit) referenced from stm32h7xx_hal_tim.o(.text.HAL_TIM_UnRegisterCallback)
 <LI><a href="#[e9]">HAL_TIM_OnePulse_MspDeInit</a> from stm32h7xx_hal_tim.o(.text.HAL_TIM_OnePulse_MspDeInit) referenced from stm32h7xx_hal_tim.o(.text.HAL_TIM_OnePulse_DeInit)
 <LI><a href="#[e9]">HAL_TIM_OnePulse_MspDeInit</a> from stm32h7xx_hal_tim.o(.text.HAL_TIM_OnePulse_MspDeInit) referenced from stm32h7xx_hal_tim.o(.text.HAL_TIM_UnRegisterCallback)
 <LI><a href="#[ea]">HAL_TIM_OnePulse_MspInit</a> from stm32h7xx_hal_tim.o(.text.HAL_TIM_OnePulse_MspInit) referenced from stm32h7xx_hal_tim.o(.text.HAL_TIM_OnePulse_Init)
 <LI><a href="#[ea]">HAL_TIM_OnePulse_MspInit</a> from stm32h7xx_hal_tim.o(.text.HAL_TIM_OnePulse_MspInit) referenced from stm32h7xx_hal_tim.o(.text.HAL_TIM_UnRegisterCallback)
 <LI><a href="#[eb]">HAL_TIM_PWM_MspDeInit</a> from stm32h7xx_hal_tim.o(.text.HAL_TIM_PWM_MspDeInit) referenced from stm32h7xx_hal_tim.o(.text.HAL_TIM_PWM_DeInit)
 <LI><a href="#[eb]">HAL_TIM_PWM_MspDeInit</a> from stm32h7xx_hal_tim.o(.text.HAL_TIM_PWM_MspDeInit) referenced from stm32h7xx_hal_tim.o(.text.HAL_TIM_UnRegisterCallback)
 <LI><a href="#[ec]">HAL_TIM_PWM_MspInit</a> from stm32h7xx_hal_tim.o(.text.HAL_TIM_PWM_MspInit) referenced from stm32h7xx_hal_tim.o(.text.HAL_TIM_PWM_Init)
 <LI><a href="#[ec]">HAL_TIM_PWM_MspInit</a> from stm32h7xx_hal_tim.o(.text.HAL_TIM_PWM_MspInit) referenced from stm32h7xx_hal_tim.o(.text.HAL_TIM_UnRegisterCallback)
 <LI><a href="#[f4]">HAL_TIM_PWM_PulseFinishedCallback</a> from stm32h7xx_hal_tim.o(.text.HAL_TIM_PWM_PulseFinishedCallback) referenced from stm32h7xx_hal_tim.o(.text.HAL_TIM_UnRegisterCallback)
 <LI><a href="#[f4]">HAL_TIM_PWM_PulseFinishedCallback</a> from stm32h7xx_hal_tim.o(.text.HAL_TIM_PWM_PulseFinishedCallback) referenced from stm32h7xx_hal_tim.o(.text.TIM_ResetCallback)
 <LI><a href="#[f3]">HAL_TIM_PWM_PulseFinishedHalfCpltCallback</a> from stm32h7xx_hal_tim.o(.text.HAL_TIM_PWM_PulseFinishedHalfCpltCallback) referenced from stm32h7xx_hal_tim.o(.text.HAL_TIM_UnRegisterCallback)
 <LI><a href="#[f3]">HAL_TIM_PWM_PulseFinishedHalfCpltCallback</a> from stm32h7xx_hal_tim.o(.text.HAL_TIM_PWM_PulseFinishedHalfCpltCallback) referenced from stm32h7xx_hal_tim.o(.text.TIM_ResetCallback)
 <LI><a href="#[11a]">HAL_TIM_PWM_Start</a> from stm32h7xx_hal_tim.o(.text.HAL_TIM_PWM_Start) referenced from led.o(.text._ZN6LedPwm4initEv)
 <LI><a href="#[fb]">HAL_TIM_PeriodElapsedCallback</a> from stm32h7xx_hal_timebase_tim.o(.text.HAL_TIM_PeriodElapsedCallback) referenced from stm32h7xx_hal_tim.o(.text.HAL_TIM_UnRegisterCallback)
 <LI><a href="#[fb]">HAL_TIM_PeriodElapsedCallback</a> from stm32h7xx_hal_timebase_tim.o(.text.HAL_TIM_PeriodElapsedCallback) referenced from stm32h7xx_hal_tim.o(.text.TIM_ResetCallback)
 <LI><a href="#[fa]">HAL_TIM_PeriodElapsedHalfCpltCallback</a> from stm32h7xx_hal_tim.o(.text.HAL_TIM_PeriodElapsedHalfCpltCallback) referenced from stm32h7xx_hal_tim.o(.text.HAL_TIM_UnRegisterCallback)
 <LI><a href="#[fa]">HAL_TIM_PeriodElapsedHalfCpltCallback</a> from stm32h7xx_hal_tim.o(.text.HAL_TIM_PeriodElapsedHalfCpltCallback) referenced from stm32h7xx_hal_tim.o(.text.TIM_ResetCallback)
 <LI><a href="#[f9]">HAL_TIM_TriggerCallback</a> from stm32h7xx_hal_tim.o(.text.HAL_TIM_TriggerCallback) referenced from stm32h7xx_hal_tim.o(.text.HAL_TIM_UnRegisterCallback)
 <LI><a href="#[f9]">HAL_TIM_TriggerCallback</a> from stm32h7xx_hal_tim.o(.text.HAL_TIM_TriggerCallback) referenced from stm32h7xx_hal_tim.o(.text.TIM_ResetCallback)
 <LI><a href="#[f8]">HAL_TIM_TriggerHalfCpltCallback</a> from stm32h7xx_hal_tim.o(.text.HAL_TIM_TriggerHalfCpltCallback) referenced from stm32h7xx_hal_tim.o(.text.HAL_TIM_UnRegisterCallback)
 <LI><a href="#[f8]">HAL_TIM_TriggerHalfCpltCallback</a> from stm32h7xx_hal_tim.o(.text.HAL_TIM_TriggerHalfCpltCallback) referenced from stm32h7xx_hal_tim.o(.text.TIM_ResetCallback)
 <LI><a href="#[10c]">HAL_UARTEx_RxEventCallback</a> from stm32h7xx_hal_uart.o(.text.HAL_UARTEx_RxEventCallback) referenced from stm32h7xx_hal_uart.o(.text.HAL_UART_UnRegisterRxEventCallback)
 <LI><a href="#[10c]">HAL_UARTEx_RxEventCallback</a> from stm32h7xx_hal_uart.o(.text.HAL_UARTEx_RxEventCallback) referenced from stm32h7xx_hal_uart.o(.text.UART_InitCallbacksToDefault)
 <LI><a href="#[102]">HAL_UARTEx_RxFifoFullCallback</a> from stm32h7xx_hal_uart_ex.o(.text.HAL_UARTEx_RxFifoFullCallback) referenced from stm32h7xx_hal_uart.o(.text.HAL_UART_UnRegisterCallback)
 <LI><a href="#[102]">HAL_UARTEx_RxFifoFullCallback</a> from stm32h7xx_hal_uart_ex.o(.text.HAL_UARTEx_RxFifoFullCallback) referenced from stm32h7xx_hal_uart.o(.text.UART_InitCallbacksToDefault)
 <LI><a href="#[101]">HAL_UARTEx_TxFifoEmptyCallback</a> from stm32h7xx_hal_uart_ex.o(.text.HAL_UARTEx_TxFifoEmptyCallback) referenced from stm32h7xx_hal_uart.o(.text.HAL_UART_UnRegisterCallback)
 <LI><a href="#[101]">HAL_UARTEx_TxFifoEmptyCallback</a> from stm32h7xx_hal_uart_ex.o(.text.HAL_UARTEx_TxFifoEmptyCallback) referenced from stm32h7xx_hal_uart.o(.text.UART_InitCallbacksToDefault)
 <LI><a href="#[103]">HAL_UARTEx_WakeupCallback</a> from stm32h7xx_hal_uart_ex.o(.text.HAL_UARTEx_WakeupCallback) referenced from stm32h7xx_hal_uart.o(.text.HAL_UART_UnRegisterCallback)
 <LI><a href="#[103]">HAL_UARTEx_WakeupCallback</a> from stm32h7xx_hal_uart_ex.o(.text.HAL_UARTEx_WakeupCallback) referenced from stm32h7xx_hal_uart.o(.text.UART_InitCallbacksToDefault)
 <LI><a href="#[106]">HAL_UART_AbortCpltCallback</a> from stm32h7xx_hal_uart.o(.text.HAL_UART_AbortCpltCallback) referenced from stm32h7xx_hal_uart.o(.text.HAL_UART_UnRegisterCallback)
 <LI><a href="#[106]">HAL_UART_AbortCpltCallback</a> from stm32h7xx_hal_uart.o(.text.HAL_UART_AbortCpltCallback) referenced from stm32h7xx_hal_uart.o(.text.UART_InitCallbacksToDefault)
 <LI><a href="#[104]">HAL_UART_AbortReceiveCpltCallback</a> from stm32h7xx_hal_uart.o(.text.HAL_UART_AbortReceiveCpltCallback) referenced from stm32h7xx_hal_uart.o(.text.HAL_UART_UnRegisterCallback)
 <LI><a href="#[104]">HAL_UART_AbortReceiveCpltCallback</a> from stm32h7xx_hal_uart.o(.text.HAL_UART_AbortReceiveCpltCallback) referenced from stm32h7xx_hal_uart.o(.text.UART_InitCallbacksToDefault)
 <LI><a href="#[105]">HAL_UART_AbortTransmitCpltCallback</a> from stm32h7xx_hal_uart.o(.text.HAL_UART_AbortTransmitCpltCallback) referenced from stm32h7xx_hal_uart.o(.text.HAL_UART_UnRegisterCallback)
 <LI><a href="#[105]">HAL_UART_AbortTransmitCpltCallback</a> from stm32h7xx_hal_uart.o(.text.HAL_UART_AbortTransmitCpltCallback) referenced from stm32h7xx_hal_uart.o(.text.UART_InitCallbacksToDefault)
 <LI><a href="#[107]">HAL_UART_ErrorCallback</a> from stm32h7xx_hal_uart.o(.text.HAL_UART_ErrorCallback) referenced from stm32h7xx_hal_uart.o(.text.HAL_UART_UnRegisterCallback)
 <LI><a href="#[107]">HAL_UART_ErrorCallback</a> from stm32h7xx_hal_uart.o(.text.HAL_UART_ErrorCallback) referenced from stm32h7xx_hal_uart.o(.text.UART_InitCallbacksToDefault)
 <LI><a href="#[fc]">HAL_UART_MspDeInit</a> from stm32h7xx_hal_msp.o(.text.HAL_UART_MspDeInit) referenced from stm32h7xx_hal_uart.o(.text.HAL_UART_DeInit)
 <LI><a href="#[fc]">HAL_UART_MspDeInit</a> from stm32h7xx_hal_msp.o(.text.HAL_UART_MspDeInit) referenced from stm32h7xx_hal_uart.o(.text.HAL_UART_UnRegisterCallback)
 <LI><a href="#[a8]">HAL_UART_MspInit</a> from stm32h7xx_hal_msp.o(.text.HAL_UART_MspInit) referenced from stm32h7xx_hal_uart.o(.text.HAL_HalfDuplex_Init)
 <LI><a href="#[a8]">HAL_UART_MspInit</a> from stm32h7xx_hal_msp.o(.text.HAL_UART_MspInit) referenced from stm32h7xx_hal_uart.o(.text.HAL_MultiProcessor_Init)
 <LI><a href="#[a8]">HAL_UART_MspInit</a> from stm32h7xx_hal_msp.o(.text.HAL_UART_MspInit) referenced from stm32h7xx_hal_uart.o(.text.HAL_UART_Init)
 <LI><a href="#[a8]">HAL_UART_MspInit</a> from stm32h7xx_hal_msp.o(.text.HAL_UART_MspInit) referenced from stm32h7xx_hal_uart.o(.text.HAL_UART_UnRegisterCallback)
 <LI><a href="#[108]">HAL_UART_RxCpltCallback</a> from stm32h7xx_hal_uart.o(.text.HAL_UART_RxCpltCallback) referenced from stm32h7xx_hal_uart.o(.text.HAL_UART_UnRegisterCallback)
 <LI><a href="#[108]">HAL_UART_RxCpltCallback</a> from stm32h7xx_hal_uart.o(.text.HAL_UART_RxCpltCallback) referenced from stm32h7xx_hal_uart.o(.text.UART_InitCallbacksToDefault)
 <LI><a href="#[109]">HAL_UART_RxHalfCpltCallback</a> from stm32h7xx_hal_uart.o(.text.HAL_UART_RxHalfCpltCallback) referenced from stm32h7xx_hal_uart.o(.text.HAL_UART_UnRegisterCallback)
 <LI><a href="#[109]">HAL_UART_RxHalfCpltCallback</a> from stm32h7xx_hal_uart.o(.text.HAL_UART_RxHalfCpltCallback) referenced from stm32h7xx_hal_uart.o(.text.UART_InitCallbacksToDefault)
 <LI><a href="#[10a]">HAL_UART_TxCpltCallback</a> from stm32h7xx_hal_uart.o(.text.HAL_UART_TxCpltCallback) referenced from stm32h7xx_hal_uart.o(.text.HAL_UART_UnRegisterCallback)
 <LI><a href="#[10a]">HAL_UART_TxCpltCallback</a> from stm32h7xx_hal_uart.o(.text.HAL_UART_TxCpltCallback) referenced from stm32h7xx_hal_uart.o(.text.UART_InitCallbacksToDefault)
 <LI><a href="#[10b]">HAL_UART_TxHalfCpltCallback</a> from stm32h7xx_hal_uart.o(.text.HAL_UART_TxHalfCpltCallback) referenced from stm32h7xx_hal_uart.o(.text.HAL_UART_UnRegisterCallback)
 <LI><a href="#[10b]">HAL_UART_TxHalfCpltCallback</a> from stm32h7xx_hal_uart.o(.text.HAL_UART_TxHalfCpltCallback) referenced from stm32h7xx_hal_uart.o(.text.UART_InitCallbacksToDefault)
 <LI><a href="#[7f]">HRTIM1_FLT_IRQHandler</a> from startup_stm32h743xx.o(.text) referenced from startup_stm32h743xx.o(RESET)
 <LI><a href="#[79]">HRTIM1_Master_IRQHandler</a> from startup_stm32h743xx.o(.text) referenced from startup_stm32h743xx.o(RESET)
 <LI><a href="#[7a]">HRTIM1_TIMA_IRQHandler</a> from startup_stm32h743xx.o(.text) referenced from startup_stm32h743xx.o(RESET)
 <LI><a href="#[7b]">HRTIM1_TIMB_IRQHandler</a> from startup_stm32h743xx.o(.text) referenced from startup_stm32h743xx.o(RESET)
 <LI><a href="#[7c]">HRTIM1_TIMC_IRQHandler</a> from startup_stm32h743xx.o(.text) referenced from startup_stm32h743xx.o(RESET)
 <LI><a href="#[7d]">HRTIM1_TIMD_IRQHandler</a> from startup_stm32h743xx.o(.text) referenced from startup_stm32h743xx.o(RESET)
 <LI><a href="#[7e]">HRTIM1_TIME_IRQHandler</a> from startup_stm32h743xx.o(.text) referenced from startup_stm32h743xx.o(RESET)
 <LI><a href="#[8e]">HSEM1_IRQHandler</a> from startup_stm32h743xx.o(.text) referenced from startup_stm32h743xx.o(RESET)
 <LI><a href="#[10]">HardFault_Handler</a> from stm32h7xx_it.o(.text.HardFault_Handler) referenced from startup_stm32h743xx.o(RESET)
 <LI><a href="#[38]">I2C1_ER_IRQHandler</a> from startup_stm32h743xx.o(.text) referenced from startup_stm32h743xx.o(RESET)
 <LI><a href="#[37]">I2C1_EV_IRQHandler</a> from startup_stm32h743xx.o(.text) referenced from startup_stm32h743xx.o(RESET)
 <LI><a href="#[3a]">I2C2_ER_IRQHandler</a> from startup_stm32h743xx.o(.text) referenced from startup_stm32h743xx.o(RESET)
 <LI><a href="#[39]">I2C2_EV_IRQHandler</a> from startup_stm32h743xx.o(.text) referenced from startup_stm32h743xx.o(RESET)
 <LI><a href="#[5c]">I2C3_ER_IRQHandler</a> from startup_stm32h743xx.o(.text) referenced from startup_stm32h743xx.o(RESET)
 <LI><a href="#[5b]">I2C3_EV_IRQHandler</a> from startup_stm32h743xx.o(.text) referenced from startup_stm32h743xx.o(RESET)
 <LI><a href="#[72]">I2C4_ER_IRQHandler</a> from startup_stm32h743xx.o(.text) referenced from startup_stm32h743xx.o(RESET)
 <LI><a href="#[71]">I2C4_EV_IRQHandler</a> from startup_stm32h743xx.o(.text) referenced from startup_stm32h743xx.o(RESET)
 <LI><a href="#[be]">I2C_DMAAbort</a> from stm32h7xx_hal_i2c.o(.text.I2C_DMAAbort) referenced from stm32h7xx_hal_i2c.o(.text.HAL_I2C_Slave_Seq_Transmit_IT)
 <LI><a href="#[be]">I2C_DMAAbort</a> from stm32h7xx_hal_i2c.o(.text.I2C_DMAAbort) referenced from stm32h7xx_hal_i2c.o(.text.I2C_ITError)
 <LI><a href="#[b6]">I2C_DMAError</a> from stm32h7xx_hal_i2c.o(.text.I2C_DMAError) referenced from stm32h7xx_hal_i2c.o(.text.HAL_I2C_Master_Seq_Receive_DMA)
 <LI><a href="#[b6]">I2C_DMAError</a> from stm32h7xx_hal_i2c.o(.text.I2C_DMAError) referenced from stm32h7xx_hal_i2c.o(.text.HAL_I2C_Master_Seq_Transmit_DMA)
 <LI><a href="#[b6]">I2C_DMAError</a> from stm32h7xx_hal_i2c.o(.text.I2C_DMAError) referenced from stm32h7xx_hal_i2c.o(.text.HAL_I2C_Master_Transmit_DMA)
 <LI><a href="#[b6]">I2C_DMAError</a> from stm32h7xx_hal_i2c.o(.text.I2C_DMAError) referenced from stm32h7xx_hal_i2c.o(.text.HAL_I2C_Mem_Write_DMA)
 <LI><a href="#[b6]">I2C_DMAError</a> from stm32h7xx_hal_i2c.o(.text.I2C_DMAError) referenced from stm32h7xx_hal_i2c.o(.text.HAL_I2C_Slave_Seq_Receive_DMA)
 <LI><a href="#[b6]">I2C_DMAError</a> from stm32h7xx_hal_i2c.o(.text.I2C_DMAError) referenced from stm32h7xx_hal_i2c.o(.text.HAL_I2C_Slave_Seq_Transmit_DMA)
 <LI><a href="#[b6]">I2C_DMAError</a> from stm32h7xx_hal_i2c.o(.text.I2C_DMAError) referenced from stm32h7xx_hal_i2c.o(.text.HAL_I2C_Slave_Transmit_DMA)
 <LI><a href="#[b7]">I2C_DMAMasterReceiveCplt</a> from stm32h7xx_hal_i2c.o(.text.I2C_DMAMasterReceiveCplt) referenced from stm32h7xx_hal_i2c.o(.text.HAL_I2C_Master_Seq_Receive_DMA)
 <LI><a href="#[b7]">I2C_DMAMasterReceiveCplt</a> from stm32h7xx_hal_i2c.o(.text.I2C_DMAMasterReceiveCplt) referenced from stm32h7xx_hal_i2c.o(.text.HAL_I2C_Mem_Read_DMA)
 <LI><a href="#[b9]">I2C_DMAMasterTransmitCplt</a> from stm32h7xx_hal_i2c.o(.text.I2C_DMAMasterTransmitCplt) referenced from stm32h7xx_hal_i2c.o(.text.HAL_I2C_Master_Seq_Transmit_DMA)
 <LI><a href="#[b9]">I2C_DMAMasterTransmitCplt</a> from stm32h7xx_hal_i2c.o(.text.I2C_DMAMasterTransmitCplt) referenced from stm32h7xx_hal_i2c.o(.text.HAL_I2C_Master_Transmit_DMA)
 <LI><a href="#[b9]">I2C_DMAMasterTransmitCplt</a> from stm32h7xx_hal_i2c.o(.text.I2C_DMAMasterTransmitCplt) referenced from stm32h7xx_hal_i2c.o(.text.HAL_I2C_Mem_Write_DMA)
 <LI><a href="#[bd]">I2C_DMASlaveReceiveCplt</a> from stm32h7xx_hal_i2c.o(.text.I2C_DMASlaveReceiveCplt) referenced from stm32h7xx_hal_i2c.o(.text.HAL_I2C_Slave_Seq_Receive_DMA)
 <LI><a href="#[bf]">I2C_DMASlaveTransmitCplt</a> from stm32h7xx_hal_i2c.o(.text.I2C_DMASlaveTransmitCplt) referenced from stm32h7xx_hal_i2c.o(.text.HAL_I2C_Slave_Transmit_DMA)
 <LI><a href="#[b5]">I2C_Master_ISR_DMA</a> from stm32h7xx_hal_i2c.o(.text.I2C_Master_ISR_DMA) referenced from stm32h7xx_hal_i2c.o(.text.HAL_I2C_Master_Seq_Receive_DMA)
 <LI><a href="#[b5]">I2C_Master_ISR_DMA</a> from stm32h7xx_hal_i2c.o(.text.I2C_Master_ISR_DMA) referenced from stm32h7xx_hal_i2c.o(.text.HAL_I2C_Master_Seq_Transmit_DMA)
 <LI><a href="#[b5]">I2C_Master_ISR_DMA</a> from stm32h7xx_hal_i2c.o(.text.I2C_Master_ISR_DMA) referenced from stm32h7xx_hal_i2c.o(.text.HAL_I2C_Master_Transmit_DMA)
 <LI><a href="#[b5]">I2C_Master_ISR_DMA</a> from stm32h7xx_hal_i2c.o(.text.I2C_Master_ISR_DMA) referenced from stm32h7xx_hal_i2c.o(.text.I2C_Enable_IRQ)
 <LI><a href="#[b8]">I2C_Master_ISR_IT</a> from stm32h7xx_hal_i2c.o(.text.I2C_Master_ISR_IT) referenced from stm32h7xx_hal_i2c.o(.text.HAL_I2C_Master_Seq_Receive_IT)
 <LI><a href="#[b8]">I2C_Master_ISR_IT</a> from stm32h7xx_hal_i2c.o(.text.I2C_Master_ISR_IT) referenced from stm32h7xx_hal_i2c.o(.text.HAL_I2C_Master_Seq_Transmit_DMA)
 <LI><a href="#[b8]">I2C_Master_ISR_IT</a> from stm32h7xx_hal_i2c.o(.text.I2C_Master_ISR_IT) referenced from stm32h7xx_hal_i2c.o(.text.HAL_I2C_Master_Seq_Transmit_IT)
 <LI><a href="#[b8]">I2C_Master_ISR_IT</a> from stm32h7xx_hal_i2c.o(.text.I2C_Master_ISR_IT) referenced from stm32h7xx_hal_i2c.o(.text.HAL_I2C_Master_Transmit_DMA)
 <LI><a href="#[b8]">I2C_Master_ISR_IT</a> from stm32h7xx_hal_i2c.o(.text.I2C_Master_ISR_IT) referenced from stm32h7xx_hal_i2c.o(.text.HAL_I2C_Master_Transmit_IT)
 <LI><a href="#[ba]">I2C_Mem_ISR_DMA</a> from stm32h7xx_hal_i2c.o(.text.I2C_Mem_ISR_DMA) referenced from stm32h7xx_hal_i2c.o(.text.HAL_I2C_Mem_Read_DMA)
 <LI><a href="#[ba]">I2C_Mem_ISR_DMA</a> from stm32h7xx_hal_i2c.o(.text.I2C_Mem_ISR_DMA) referenced from stm32h7xx_hal_i2c.o(.text.HAL_I2C_Mem_Write_DMA)
 <LI><a href="#[ba]">I2C_Mem_ISR_DMA</a> from stm32h7xx_hal_i2c.o(.text.I2C_Mem_ISR_DMA) referenced from stm32h7xx_hal_i2c.o(.text.I2C_Enable_IRQ)
 <LI><a href="#[bb]">I2C_Mem_ISR_IT</a> from stm32h7xx_hal_i2c.o(.text.I2C_Mem_ISR_IT) referenced from stm32h7xx_hal_i2c.o(.text.HAL_I2C_Mem_Write_IT)
 <LI><a href="#[bc]">I2C_Slave_ISR_DMA</a> from stm32h7xx_hal_i2c.o(.text.I2C_Slave_ISR_DMA) referenced from stm32h7xx_hal_i2c.o(.text.HAL_I2C_Slave_Seq_Receive_DMA)
 <LI><a href="#[bc]">I2C_Slave_ISR_DMA</a> from stm32h7xx_hal_i2c.o(.text.I2C_Slave_ISR_DMA) referenced from stm32h7xx_hal_i2c.o(.text.HAL_I2C_Slave_Seq_Transmit_DMA)
 <LI><a href="#[bc]">I2C_Slave_ISR_DMA</a> from stm32h7xx_hal_i2c.o(.text.I2C_Slave_ISR_DMA) referenced from stm32h7xx_hal_i2c.o(.text.HAL_I2C_Slave_Transmit_DMA)
 <LI><a href="#[bc]">I2C_Slave_ISR_DMA</a> from stm32h7xx_hal_i2c.o(.text.I2C_Slave_ISR_DMA) referenced from stm32h7xx_hal_i2c.o(.text.I2C_Enable_IRQ)
 <LI><a href="#[a9]">I2C_Slave_ISR_IT</a> from stm32h7xx_hal_i2c.o(.text.I2C_Slave_ISR_IT) referenced from stm32h7xx_hal_i2c.o(.text.HAL_I2C_EnableListen_IT)
 <LI><a href="#[a9]">I2C_Slave_ISR_IT</a> from stm32h7xx_hal_i2c.o(.text.I2C_Slave_ISR_IT) referenced from stm32h7xx_hal_i2c.o(.text.HAL_I2C_Slave_Seq_Receive_IT)
 <LI><a href="#[a9]">I2C_Slave_ISR_IT</a> from stm32h7xx_hal_i2c.o(.text.I2C_Slave_ISR_IT) referenced from stm32h7xx_hal_i2c.o(.text.HAL_I2C_Slave_Seq_Transmit_IT)
 <LI><a href="#[a9]">I2C_Slave_ISR_IT</a> from stm32h7xx_hal_i2c.o(.text.I2C_Slave_ISR_IT) referenced from stm32h7xx_hal_i2c.o(.text.HAL_I2C_Slave_Transmit_IT)
 <LI><a href="#[a9]">I2C_Slave_ISR_IT</a> from stm32h7xx_hal_i2c.o(.text.I2C_Slave_ISR_IT) referenced from stm32h7xx_hal_i2c.o(.text.I2C_ITError)
 <LI><a href="#[8b]">JPEG_IRQHandler</a> from startup_stm32h743xx.o(.text) referenced from startup_stm32h743xx.o(RESET)
 <LI><a href="#[6f]">LPTIM1_IRQHandler</a> from startup_stm32h743xx.o(.text) referenced from startup_stm32h743xx.o(RESET)
 <LI><a href="#[9a]">LPTIM2_IRQHandler</a> from startup_stm32h743xx.o(.text) referenced from startup_stm32h743xx.o(RESET)
 <LI><a href="#[9b]">LPTIM3_IRQHandler</a> from startup_stm32h743xx.o(.text) referenced from startup_stm32h743xx.o(RESET)
 <LI><a href="#[9c]">LPTIM4_IRQHandler</a> from startup_stm32h743xx.o(.text) referenced from startup_stm32h743xx.o(RESET)
 <LI><a href="#[9d]">LPTIM5_IRQHandler</a> from startup_stm32h743xx.o(.text) referenced from startup_stm32h743xx.o(RESET)
 <LI><a href="#[9e]">LPUART1_IRQHandler</a> from startup_stm32h743xx.o(.text) referenced from startup_stm32h743xx.o(RESET)
 <LI><a href="#[6b]">LTDC_ER_IRQHandler</a> from startup_stm32h743xx.o(.text) referenced from startup_stm32h743xx.o(RESET)
 <LI><a href="#[6a]">LTDC_IRQHandler</a> from startup_stm32h743xx.o(.text) referenced from startup_stm32h743xx.o(RESET)
 <LI><a href="#[8a]">MDIOS_IRQHandler</a> from startup_stm32h743xx.o(.text) referenced from startup_stm32h743xx.o(RESET)
 <LI><a href="#[89]">MDIOS_WKUP_IRQHandler</a> from startup_stm32h743xx.o(.text) referenced from startup_stm32h743xx.o(RESET)
 <LI><a href="#[8c]">MDMA_IRQHandler</a> from startup_stm32h743xx.o(.text) referenced from startup_stm32h743xx.o(RESET)
 <LI><a href="#[11]">MemManage_Handler</a> from stm32h7xx_it.o(.text.MemManage_Handler) referenced from startup_stm32h743xx.o(RESET)
 <LI><a href="#[f]">NMI_Handler</a> from stm32h7xx_it.o(.text.NMI_Handler) referenced from startup_stm32h743xx.o(RESET)
 <LI><a href="#[10e]">OLED_WR_Byte</a> from oled.o(.text.OLED_WR_Byte) referenced from oled.o(.text.OLED_SetPosition)
 <LI><a href="#[75]">OTG_FS_EP1_IN_IRQHandler</a> from startup_stm32h743xx.o(.text) referenced from startup_stm32h743xx.o(RESET)
 <LI><a href="#[74]">OTG_FS_EP1_OUT_IRQHandler</a> from startup_stm32h743xx.o(.text) referenced from startup_stm32h743xx.o(RESET)
 <LI><a href="#[77]">OTG_FS_IRQHandler</a> from startup_stm32h743xx.o(.text) referenced from startup_stm32h743xx.o(RESET)
 <LI><a href="#[76]">OTG_FS_WKUP_IRQHandler</a> from startup_stm32h743xx.o(.text) referenced from startup_stm32h743xx.o(RESET)
 <LI><a href="#[5e]">OTG_HS_EP1_IN_IRQHandler</a> from startup_stm32h743xx.o(.text) referenced from startup_stm32h743xx.o(RESET)
 <LI><a href="#[5d]">OTG_HS_EP1_OUT_IRQHandler</a> from startup_stm32h743xx.o(.text) referenced from startup_stm32h743xx.o(RESET)
 <LI><a href="#[60]">OTG_HS_IRQHandler</a> from startup_stm32h743xx.o(.text) referenced from startup_stm32h743xx.o(RESET)
 <LI><a href="#[5f]">OTG_HS_WKUP_IRQHandler</a> from startup_stm32h743xx.o(.text) referenced from startup_stm32h743xx.o(RESET)
 <LI><a href="#[19]">PVD_AVD_IRQHandler</a> from startup_stm32h743xx.o(.text) referenced from startup_stm32h743xx.o(RESET)
 <LI><a href="#[16]">PendSV_Handler</a> from port.o(.text.PendSV_Handler) referenced from startup_stm32h743xx.o(RESET)
 <LI><a href="#[6e]">QUADSPI_IRQHandler</a> from startup_stm32h743xx.o(.text) referenced from startup_stm32h743xx.o(RESET)
 <LI><a href="#[1d]">RCC_IRQHandler</a> from startup_stm32h743xx.o(.text) referenced from startup_stm32h743xx.o(RESET)
 <LI><a href="#[62]">RNG_IRQHandler</a> from startup_stm32h743xx.o(.text) referenced from startup_stm32h743xx.o(RESET)
 <LI><a href="#[41]">RTC_Alarm_IRQHandler</a> from startup_stm32h743xx.o(.text) referenced from startup_stm32h743xx.o(RESET)
 <LI><a href="#[1b]">RTC_WKUP_IRQHandler</a> from startup_stm32h743xx.o(.text) referenced from startup_stm32h743xx.o(RESET)
 <LI><a href="#[e]">Reset_Handler</a> from startup_stm32h743xx.o(.text) referenced from startup_stm32h743xx.o(RESET)
 <LI><a href="#[69]">SAI1_IRQHandler</a> from startup_stm32h743xx.o(.text) referenced from startup_stm32h743xx.o(RESET)
 <LI><a href="#[6d]">SAI2_IRQHandler</a> from startup_stm32h743xx.o(.text) referenced from startup_stm32h743xx.o(RESET)
 <LI><a href="#[84]">SAI3_IRQHandler</a> from startup_stm32h743xx.o(.text) referenced from startup_stm32h743xx.o(RESET)
 <LI><a href="#[a1]">SAI4_IRQHandler</a> from startup_stm32h743xx.o(.text) referenced from startup_stm32h743xx.o(RESET)
 <LI><a href="#[48]">SDMMC1_IRQHandler</a> from stm32h7xx_it.o(.text.SDMMC1_IRQHandler) referenced from startup_stm32h743xx.o(RESET)
 <LI><a href="#[8d]">SDMMC2_IRQHandler</a> from startup_stm32h743xx.o(.text) referenced from startup_stm32h743xx.o(RESET)
 <LI><a href="#[c1]">SDMMC_GetResponse</a> from stm32h7xx_ll_sdmmc.o(.text.SDMMC_GetResponse) referenced from stm32h7xx_hal_sd.o(.text.HAL_SD_InitCard)
 <LI><a href="#[73]">SPDIF_RX_IRQHandler</a> from startup_stm32h743xx.o(.text) referenced from startup_stm32h743xx.o(RESET)
 <LI><a href="#[3b]">SPI1_IRQHandler</a> from stm32h7xx_it.o(.text.SPI1_IRQHandler) referenced from startup_stm32h743xx.o(RESET)
 <LI><a href="#[3c]">SPI2_IRQHandler</a> from startup_stm32h743xx.o(.text) referenced from startup_stm32h743xx.o(RESET)
 <LI><a href="#[4a]">SPI3_IRQHandler</a> from startup_stm32h743xx.o(.text) referenced from startup_stm32h743xx.o(RESET)
 <LI><a href="#[66]">SPI4_IRQHandler</a> from startup_stm32h743xx.o(.text) referenced from startup_stm32h743xx.o(RESET)
 <LI><a href="#[67]">SPI5_IRQHandler</a> from startup_stm32h743xx.o(.text) referenced from startup_stm32h743xx.o(RESET)
 <LI><a href="#[68]">SPI6_IRQHandler</a> from startup_stm32h743xx.o(.text) referenced from startup_stm32h743xx.o(RESET)
 <LI><a href="#[c2]">SPI_DMAAbortOnError</a> from stm32h7xx_hal_spi.o(.text.SPI_DMAAbortOnError) referenced from stm32h7xx_hal_spi.o(.text.HAL_SPI_IRQHandler)
 <LI><a href="#[cf]">SPI_DMAError</a> from stm32h7xx_hal_spi.o(.text.SPI_DMAError) referenced from stm32h7xx_hal_spi.o(.text.HAL_SPI_Receive_DMA)
 <LI><a href="#[cf]">SPI_DMAError</a> from stm32h7xx_hal_spi.o(.text.SPI_DMAError) referenced from stm32h7xx_hal_spi.o(.text.HAL_SPI_Transmit_DMA)
 <LI><a href="#[ce]">SPI_DMAHalfReceiveCplt</a> from stm32h7xx_hal_spi.o(.text.SPI_DMAHalfReceiveCplt) referenced from stm32h7xx_hal_spi.o(.text.HAL_SPI_Receive_DMA)
 <LI><a href="#[d3]">SPI_DMAHalfTransmitCplt</a> from stm32h7xx_hal_spi.o(.text.SPI_DMAHalfTransmitCplt) referenced from stm32h7xx_hal_spi.o(.text.HAL_SPI_Transmit_DMA)
 <LI><a href="#[d1]">SPI_DMAHalfTransmitReceiveCplt</a> from stm32h7xx_hal_spi.o(.text.SPI_DMAHalfTransmitReceiveCplt) referenced from stm32h7xx_hal_spi.o(.text.HAL_SPI_TransmitReceive_DMA)
 <LI><a href="#[cd]">SPI_DMAReceiveCplt</a> from stm32h7xx_hal_spi.o(.text.SPI_DMAReceiveCplt) referenced from stm32h7xx_hal_spi.o(.text.HAL_SPI_Receive_DMA)
 <LI><a href="#[d2]">SPI_DMATransmitCplt</a> from stm32h7xx_hal_spi.o(.text.SPI_DMATransmitCplt) referenced from stm32h7xx_hal_spi.o(.text.HAL_SPI_Transmit_DMA)
 <LI><a href="#[d0]">SPI_DMATransmitReceiveCplt</a> from stm32h7xx_hal_spi.o(.text.SPI_DMATransmitReceiveCplt) referenced from stm32h7xx_hal_spi.o(.text.HAL_SPI_TransmitReceive_DMA)
 <LI><a href="#[14]">SVC_Handler</a> from port.o(.text.SVC_Handler) referenced from startup_stm32h743xx.o(RESET)
 <LI><a href="#[85]">SWPMI1_IRQHandler</a> from startup_stm32h743xx.o(.text) referenced from startup_stm32h743xx.o(RESET)
 <LI><a href="#[17]">SysTick_Handler</a> from cmsis_os2.o(.text.SysTick_Handler) referenced from startup_stm32h743xx.o(RESET)
 <LI><a href="#[a3]">SystemInit</a> from system_stm32h7xx.o(.text.SystemInit) referenced from startup_stm32h743xx.o(.text)
 <LI><a href="#[1a]">TAMP_STAMP_IRQHandler</a> from startup_stm32h743xx.o(.text) referenced from startup_stm32h743xx.o(RESET)
 <LI><a href="#[86]">TIM15_IRQHandler</a> from startup_stm32h743xx.o(.text) referenced from startup_stm32h743xx.o(RESET)
 <LI><a href="#[87]">TIM16_IRQHandler</a> from startup_stm32h743xx.o(.text) referenced from startup_stm32h743xx.o(RESET)
 <LI><a href="#[88]">TIM17_IRQHandler</a> from startup_stm32h743xx.o(.text) referenced from startup_stm32h743xx.o(RESET)
 <LI><a href="#[30]">TIM1_BRK_IRQHandler</a> from startup_stm32h743xx.o(.text) referenced from startup_stm32h743xx.o(RESET)
 <LI><a href="#[33]">TIM1_CC_IRQHandler</a> from startup_stm32h743xx.o(.text) referenced from startup_stm32h743xx.o(RESET)
 <LI><a href="#[32]">TIM1_TRG_COM_IRQHandler</a> from startup_stm32h743xx.o(.text) referenced from startup_stm32h743xx.o(RESET)
 <LI><a href="#[31]">TIM1_UP_IRQHandler</a> from startup_stm32h743xx.o(.text) referenced from startup_stm32h743xx.o(RESET)
 <LI><a href="#[34]">TIM2_IRQHandler</a> from startup_stm32h743xx.o(.text) referenced from startup_stm32h743xx.o(RESET)
 <LI><a href="#[35]">TIM3_IRQHandler</a> from startup_stm32h743xx.o(.text) referenced from startup_stm32h743xx.o(RESET)
 <LI><a href="#[36]">TIM4_IRQHandler</a> from startup_stm32h743xx.o(.text) referenced from startup_stm32h743xx.o(RESET)
 <LI><a href="#[49]">TIM5_IRQHandler</a> from startup_stm32h743xx.o(.text) referenced from startup_stm32h743xx.o(RESET)
 <LI><a href="#[4d]">TIM6_DAC_IRQHandler</a> from stm32h7xx_it.o(.text.TIM6_DAC_IRQHandler) referenced from startup_stm32h743xx.o(RESET)
 <LI><a href="#[4e]">TIM7_IRQHandler</a> from startup_stm32h743xx.o(.text) referenced from startup_stm32h743xx.o(RESET)
 <LI><a href="#[42]">TIM8_BRK_TIM12_IRQHandler</a> from startup_stm32h743xx.o(.text) referenced from startup_stm32h743xx.o(RESET)
 <LI><a href="#[45]">TIM8_CC_IRQHandler</a> from startup_stm32h743xx.o(.text) referenced from startup_stm32h743xx.o(RESET)
 <LI><a href="#[44]">TIM8_TRG_COM_TIM14_IRQHandler</a> from startup_stm32h743xx.o(.text) referenced from startup_stm32h743xx.o(RESET)
 <LI><a href="#[43]">TIM8_UP_TIM13_IRQHandler</a> from startup_stm32h743xx.o(.text) referenced from startup_stm32h743xx.o(RESET)
 <LI><a href="#[d5]">TIMEx_DMACommutationCplt</a> from stm32h7xx_hal_tim_ex.o(.text.TIMEx_DMACommutationCplt) referenced from stm32h7xx_hal_tim_ex.o(.text.HAL_TIMEx_ConfigCommutEvent_DMA)
 <LI><a href="#[d5]">TIMEx_DMACommutationCplt</a> from stm32h7xx_hal_tim_ex.o(.text.TIMEx_DMACommutationCplt) referenced from stm32h7xx_hal_tim.o(.text.HAL_TIM_DMABurst_MultiWriteStart)
 <LI><a href="#[d6]">TIMEx_DMACommutationHalfCplt</a> from stm32h7xx_hal_tim_ex.o(.text.TIMEx_DMACommutationHalfCplt) referenced from stm32h7xx_hal_tim_ex.o(.text.HAL_TIMEx_ConfigCommutEvent_DMA)
 <LI><a href="#[d6]">TIMEx_DMACommutationHalfCplt</a> from stm32h7xx_hal_tim_ex.o(.text.TIMEx_DMACommutationHalfCplt) referenced from stm32h7xx_hal_tim.o(.text.HAL_TIM_DMABurst_MultiWriteStart)
 <LI><a href="#[db]">TIM_DMACaptureCplt</a> from stm32h7xx_hal_tim.o(.text.TIM_DMACaptureCplt) referenced from stm32h7xx_hal_tim.o(.text.HAL_TIM_DMABurst_MultiReadStart)
 <LI><a href="#[db]">TIM_DMACaptureCplt</a> from stm32h7xx_hal_tim.o(.text.TIM_DMACaptureCplt) referenced from stm32h7xx_hal_tim.o(.text.HAL_TIM_Encoder_Start_DMA)
 <LI><a href="#[db]">TIM_DMACaptureCplt</a> from stm32h7xx_hal_tim.o(.text.TIM_DMACaptureCplt) referenced from stm32h7xx_hal_tim.o(.text.HAL_TIM_IC_Start_DMA)
 <LI><a href="#[dc]">TIM_DMACaptureHalfCplt</a> from stm32h7xx_hal_tim.o(.text.TIM_DMACaptureHalfCplt) referenced from stm32h7xx_hal_tim.o(.text.HAL_TIM_DMABurst_MultiReadStart)
 <LI><a href="#[dc]">TIM_DMACaptureHalfCplt</a> from stm32h7xx_hal_tim.o(.text.TIM_DMACaptureHalfCplt) referenced from stm32h7xx_hal_tim.o(.text.HAL_TIM_Encoder_Start_DMA)
 <LI><a href="#[dc]">TIM_DMACaptureHalfCplt</a> from stm32h7xx_hal_tim.o(.text.TIM_DMACaptureHalfCplt) referenced from stm32h7xx_hal_tim.o(.text.HAL_TIM_IC_Start_DMA)
 <LI><a href="#[e1]">TIM_DMADelayPulseCplt</a> from stm32h7xx_hal_tim.o(.text.TIM_DMADelayPulseCplt) referenced from stm32h7xx_hal_tim.o(.text.HAL_TIM_DMABurst_MultiWriteStart)
 <LI><a href="#[e1]">TIM_DMADelayPulseCplt</a> from stm32h7xx_hal_tim.o(.text.TIM_DMADelayPulseCplt) referenced from stm32h7xx_hal_tim.o(.text.HAL_TIM_OC_Start_DMA)
 <LI><a href="#[e1]">TIM_DMADelayPulseCplt</a> from stm32h7xx_hal_tim.o(.text.TIM_DMADelayPulseCplt) referenced from stm32h7xx_hal_tim.o(.text.HAL_TIM_PWM_Start_DMA)
 <LI><a href="#[e2]">TIM_DMADelayPulseHalfCplt</a> from stm32h7xx_hal_tim.o(.text.TIM_DMADelayPulseHalfCplt) referenced from stm32h7xx_hal_tim.o(.text.HAL_TIM_DMABurst_MultiWriteStart)
 <LI><a href="#[e2]">TIM_DMADelayPulseHalfCplt</a> from stm32h7xx_hal_tim.o(.text.TIM_DMADelayPulseHalfCplt) referenced from stm32h7xx_hal_tim.o(.text.HAL_TIM_OC_Start_DMA)
 <LI><a href="#[e2]">TIM_DMADelayPulseHalfCplt</a> from stm32h7xx_hal_tim.o(.text.TIM_DMADelayPulseHalfCplt) referenced from stm32h7xx_hal_tim.o(.text.HAL_TIM_PWM_Start_DMA)
 <LI><a href="#[da]">TIM_DMAError</a> from stm32h7xx_hal_tim.o(.text.TIM_DMAError) referenced from stm32h7xx_hal_tim.o(.text.HAL_TIM_Base_Start_DMA)
 <LI><a href="#[da]">TIM_DMAError</a> from stm32h7xx_hal_tim.o(.text.TIM_DMAError) referenced from stm32h7xx_hal_tim.o(.text.HAL_TIM_DMABurst_MultiReadStart)
 <LI><a href="#[da]">TIM_DMAError</a> from stm32h7xx_hal_tim.o(.text.TIM_DMAError) referenced from stm32h7xx_hal_tim.o(.text.HAL_TIM_DMABurst_MultiWriteStart)
 <LI><a href="#[da]">TIM_DMAError</a> from stm32h7xx_hal_tim.o(.text.TIM_DMAError) referenced from stm32h7xx_hal_tim.o(.text.HAL_TIM_Encoder_Start_DMA)
 <LI><a href="#[da]">TIM_DMAError</a> from stm32h7xx_hal_tim.o(.text.TIM_DMAError) referenced from stm32h7xx_hal_tim.o(.text.HAL_TIM_IC_Start_DMA)
 <LI><a href="#[da]">TIM_DMAError</a> from stm32h7xx_hal_tim.o(.text.TIM_DMAError) referenced from stm32h7xx_hal_tim.o(.text.HAL_TIM_OC_Start_DMA)
 <LI><a href="#[da]">TIM_DMAError</a> from stm32h7xx_hal_tim.o(.text.TIM_DMAError) referenced from stm32h7xx_hal_tim.o(.text.HAL_TIM_PWM_Start_DMA)
 <LI><a href="#[dd]">TIM_DMAPeriodElapsedCplt</a> from stm32h7xx_hal_tim.o(.text.TIM_DMAPeriodElapsedCplt) referenced from stm32h7xx_hal_tim.o(.text.HAL_TIM_DMABurst_MultiReadStart)
 <LI><a href="#[dd]">TIM_DMAPeriodElapsedCplt</a> from stm32h7xx_hal_tim.o(.text.TIM_DMAPeriodElapsedCplt) referenced from stm32h7xx_hal_tim.o(.text.HAL_TIM_DMABurst_MultiWriteStart)
 <LI><a href="#[de]">TIM_DMAPeriodElapsedHalfCplt</a> from stm32h7xx_hal_tim.o(.text.TIM_DMAPeriodElapsedHalfCplt) referenced from stm32h7xx_hal_tim.o(.text.HAL_TIM_DMABurst_MultiReadStart)
 <LI><a href="#[de]">TIM_DMAPeriodElapsedHalfCplt</a> from stm32h7xx_hal_tim.o(.text.TIM_DMAPeriodElapsedHalfCplt) referenced from stm32h7xx_hal_tim.o(.text.HAL_TIM_DMABurst_MultiWriteStart)
 <LI><a href="#[df]">TIM_DMATriggerCplt</a> from stm32h7xx_hal_tim.o(.text.TIM_DMATriggerCplt) referenced from stm32h7xx_hal_tim.o(.text.HAL_TIM_DMABurst_MultiWriteStart)
 <LI><a href="#[e0]">TIM_DMATriggerHalfCplt</a> from stm32h7xx_hal_tim.o(.text.TIM_DMATriggerHalfCplt) referenced from stm32h7xx_hal_tim.o(.text.HAL_TIM_DMABurst_MultiWriteStart)
 <LI><a href="#[4b]">UART4_IRQHandler</a> from startup_stm32h743xx.o(.text) referenced from startup_stm32h743xx.o(RESET)
 <LI><a href="#[4c]">UART5_IRQHandler</a> from startup_stm32h743xx.o(.text) referenced from startup_stm32h743xx.o(RESET)
 <LI><a href="#[64]">UART7_IRQHandler</a> from startup_stm32h743xx.o(.text) referenced from startup_stm32h743xx.o(RESET)
 <LI><a href="#[65]">UART8_IRQHandler</a> from startup_stm32h743xx.o(.text) referenced from startup_stm32h743xx.o(RESET)
 <LI><a href="#[fd]">UART_DMAAbortOnError</a> from stm32h7xx_hal_uart.o(.text.UART_DMAAbortOnError) referenced from stm32h7xx_hal_uart.o(.text.HAL_UART_IRQHandler)
 <LI><a href="#[100]">UART_DMAError</a> from stm32h7xx_hal_uart.o(.text.UART_DMAError) referenced from stm32h7xx_hal_uart.o(.text.HAL_UART_Transmit_DMA)
 <LI><a href="#[100]">UART_DMAError</a> from stm32h7xx_hal_uart.o(.text.UART_DMAError) referenced from stm32h7xx_hal_uart.o(.text.UART_Start_Receive_DMA)
 <LI><a href="#[110]">UART_DMAReceiveCplt</a> from stm32h7xx_hal_uart.o(.text.UART_DMAReceiveCplt) referenced from stm32h7xx_hal_uart.o(.text.UART_Start_Receive_DMA)
 <LI><a href="#[10f]">UART_DMARxHalfCplt</a> from stm32h7xx_hal_uart.o(.text.UART_DMARxHalfCplt) referenced from stm32h7xx_hal_uart.o(.text.UART_Start_Receive_DMA)
 <LI><a href="#[ff]">UART_DMATransmitCplt</a> from stm32h7xx_hal_uart.o(.text.UART_DMATransmitCplt) referenced from stm32h7xx_hal_uart.o(.text.HAL_UART_Transmit_DMA)
 <LI><a href="#[fe]">UART_DMATxHalfCplt</a> from stm32h7xx_hal_uart.o(.text.UART_DMATxHalfCplt) referenced from stm32h7xx_hal_uart.o(.text.HAL_UART_Transmit_DMA)
 <LI><a href="#[3d]">USART1_IRQHandler</a> from stm32h7xx_it.o(.text.USART1_IRQHandler) referenced from startup_stm32h743xx.o(RESET)
 <LI><a href="#[3e]">USART2_IRQHandler</a> from startup_stm32h743xx.o(.text) referenced from startup_stm32h743xx.o(RESET)
 <LI><a href="#[3f]">USART3_IRQHandler</a> from stm32h7xx_it.o(.text.USART3_IRQHandler) referenced from startup_stm32h743xx.o(RESET)
 <LI><a href="#[5a]">USART6_IRQHandler</a> from startup_stm32h743xx.o(.text) referenced from startup_stm32h743xx.o(RESET)
 <LI><a href="#[13]">UsageFault_Handler</a> from stm32h7xx_it.o(.text.UsageFault_Handler) referenced from startup_stm32h743xx.o(RESET)
 <LI><a href="#[a2]">WAKEUP_PIN_IRQHandler</a> from startup_stm32h743xx.o(.text) referenced from startup_stm32h743xx.o(RESET)
 <LI><a href="#[18]">WWDG_IRQHandler</a> from startup_stm32h743xx.o(.text) referenced from startup_stm32h743xx.o(RESET)
 <LI><a href="#[150]">_GLOBAL__sub_I_board.cpp</a> from board.o(.text._GLOBAL__sub_I_board.cpp) referenced from board.o(.init_array)
 <LI><a href="#[14f]">_GLOBAL__sub_I_main.cpp</a> from main.o(.text._GLOBAL__sub_I_main.cpp) referenced from main.o(.init_array)
 <LI><a href="#[122]">StartDefaultTask(void*)</a> from main.o(.text._Z16StartDefaultTaskPv) referenced from main.o(.text.main)
 <LI><a href="#[129]">__cxxabiv1::__shim_type_info::~__shim_type_info__sub_object()</a> from private_typeinfo.cpp.o(.text._ZN10__cxxabiv116__shim_type_infoD2Ev) referenced from private_typeinfo.cpp.o(.rodata._ZTVN10__cxxabiv117__class_type_infoE)
 <LI><a href="#[129]">__cxxabiv1::__shim_type_info::~__shim_type_info__sub_object()</a> from private_typeinfo.cpp.o(.text._ZN10__cxxabiv116__shim_type_infoD2Ev) referenced from private_typeinfo.cpp.o(.rodata._ZTVN10__cxxabiv120__si_class_type_infoE)
 <LI><a href="#[129]">__cxxabiv1::__shim_type_info::~__shim_type_info__sub_object()</a> from private_typeinfo.cpp.o(.text._ZN10__cxxabiv116__shim_type_infoD2Ev) referenced from private_typeinfo.cpp.o(.rodata._ZTVN10__cxxabiv123__fundamental_type_infoE)
 <LI><a href="#[12a]">__cxxabiv1::__class_type_info::~__class_type_info__deallocating()</a> from private_typeinfo.cpp.o(.text._ZN10__cxxabiv117__class_type_infoD0Ev) referenced from private_typeinfo.cpp.o(.rodata._ZTVN10__cxxabiv117__class_type_infoE)
 <LI><a href="#[131]">__cxxabiv1::__si_class_type_info::~__si_class_type_info__deallocating()</a> from private_typeinfo.cpp.o(.text._ZN10__cxxabiv120__si_class_type_infoD0Ev) referenced from private_typeinfo.cpp.o(.rodata._ZTVN10__cxxabiv120__si_class_type_infoE)
 <LI><a href="#[135]">__cxxabiv1::__fundamental_type_info::~__fundamental_type_info__deallocating()</a> from private_typeinfo.cpp.o(.text._ZN10__cxxabiv123__fundamental_type_infoD0Ev) referenced from private_typeinfo.cpp.o(.rodata._ZTVN10__cxxabiv123__fundamental_type_infoE)
 <LI><a href="#[121]">_ZN10__cxxabiv1L22exception_cleanup_funcE19_Unwind_Reason_CodeP21_Unwind_Control_Block</a> from cxa_exception.cpp.o(.text._ZN10__cxxabiv1L22exception_cleanup_funcE19_Unwind_Reason_CodeP21_Unwind_Control_Block) referenced 2 times from cxa_exception.cpp.o(.text.__cxa_throw)
 <LI><a href="#[120]">_ZN10__cxxabiv1L27dependent_exception_cleanupE19_Unwind_Reason_CodeP21_Unwind_Control_Block</a> from cxa_exception.cpp.o(.text._ZN10__cxxabiv1L27dependent_exception_cleanupE19_Unwind_Reason_CodeP21_Unwind_Control_Block) referenced 2 times from cxa_exception.cpp.o(.text.__cxa_rethrow_primary_exception)
 <LI><a href="#[115]">BluetoothDriver::sendAT(const char*, char*, unsigned short)</a> from kt6368a.o(.text._ZN15BluetoothDriver6sendATEPKcPct) referenced from kt6368a.o(.text._ZN15BluetoothDriver12autoBaudScanEv)
 <LI><a href="#[111]">Key::Key(GPIO_TypeDef*, unsigned short, Key::ActiveLevel, unsigned, unsigned)</a> from key.o(.text._ZN3KeyC2EP12GPIO_TypeDeftNS_11ActiveLevelEjj) referenced from board.o(.text._GLOBAL__sub_I_board.cpp)
 <LI><a href="#[112]">Key::~Key()</a> from key.o(.text._ZN3KeyD2Ev) referenced from board.o(.text._GLOBAL__sub_I_board.cpp)
 <LI><a href="#[119]">Bmi088::delayUs(unsigned, void*)</a> from bmi088.o(.text._ZN6Bmi0887delayUsEjPv) referenced from bmi088.o(.text._ZN6Bmi0884initEv)
 <LI><a href="#[117]">Bmi088::spiRead(unsigned char, unsigned char*, unsigned, void*)</a> from bmi088.o(.text._ZN6Bmi0887spiReadEhPhjPv) referenced from bmi088.o(.text._ZN6Bmi0884initEv)
 <LI><a href="#[118]">Bmi088::spiWrite(unsigned char, const unsigned char*, unsigned, void*)</a> from bmi088.o(.text._ZN6Bmi0888spiWriteEhPKhjPv) referenced from bmi088.o(.text._ZN6Bmi0884initEv)
 <LI><a href="#[146]">libunwind::UnwindCursor&lang;libunwind::LocalAddressSpace, libunwind::Registers_arm&rang;::saveVFPAsX()</a> from libunwind.cpp.o(.text._ZN9libunwind12UnwindCursorINS_17LocalAddressSpaceENS_13Registers_armEE10saveVFPAsXEv) referenced from libunwind.cpp.o(.rodata._ZTVN9libunwind12UnwindCursorINS_17LocalAddressSpaceENS_13Registers_armEEE)
 <LI><a href="#[13d]">libunwind::UnwindCursor&lang;libunwind::LocalAddressSpace, libunwind::Registers_arm&rang;::getFloatReg(int)</a> from libunwind.cpp.o(.text._ZN9libunwind12UnwindCursorINS_17LocalAddressSpaceENS_13Registers_armEE11getFloatRegEi) referenced from libunwind.cpp.o(.rodata._ZTVN9libunwind12UnwindCursorINS_17LocalAddressSpaceENS_13Registers_armEEE)
 <LI><a href="#[13e]">libunwind::UnwindCursor&lang;libunwind::LocalAddressSpace, libunwind::Registers_arm&rang;::setFloatReg(int, unsigned long long)</a> from libunwind.cpp.o(.text._ZN9libunwind12UnwindCursorINS_17LocalAddressSpaceENS_13Registers_armEE11setFloatRegEiy) referenced from libunwind.cpp.o(.rodata._ZTVN9libunwind12UnwindCursorINS_17LocalAddressSpaceENS_13Registers_armEEE)
 <LI><a href="#[142]">libunwind::UnwindCursor&lang;libunwind::LocalAddressSpace, libunwind::Registers_arm&rang;::isSignalFrame()</a> from libunwind.cpp.o(.text._ZN9libunwind12UnwindCursorINS_17LocalAddressSpaceENS_13Registers_armEE13isSignalFrameEv) referenced from libunwind.cpp.o(.rodata._ZTVN9libunwind12UnwindCursorINS_17LocalAddressSpaceENS_13Registers_armEEE)
 <LI><a href="#[13c]">libunwind::UnwindCursor&lang;libunwind::LocalAddressSpace, libunwind::Registers_arm&rang;::validFloatReg(int)</a> from libunwind.cpp.o(.text._ZN9libunwind12UnwindCursorINS_17LocalAddressSpaceENS_13Registers_armEE13validFloatRegEi) referenced from libunwind.cpp.o(.rodata._ZTVN9libunwind12UnwindCursorINS_17LocalAddressSpaceENS_13Registers_armEEE)
 <LI><a href="#[143]">libunwind::UnwindCursor&lang;libunwind::LocalAddressSpace, libunwind::Registers_arm&rang;::getFunctionName(char*, unsigned, unsigned*)</a> from libunwind.cpp.o(.text._ZN9libunwind12UnwindCursorINS_17LocalAddressSpaceENS_13Registers_armEE15getFunctionNameEPcjPj) referenced from libunwind.cpp.o(.rodata._ZTVN9libunwind12UnwindCursorINS_17LocalAddressSpaceENS_13Registers_armEEE)
 <LI><a href="#[145]">libunwind::UnwindCursor&lang;libunwind::LocalAddressSpace, libunwind::Registers_arm&rang;::getRegisterName(int)</a> from libunwind.cpp.o(.text._ZN9libunwind12UnwindCursorINS_17LocalAddressSpaceENS_13Registers_armEE15getRegisterNameEi) referenced from libunwind.cpp.o(.rodata._ZTVN9libunwind12UnwindCursorINS_17LocalAddressSpaceENS_13Registers_armEEE)
 <LI><a href="#[144]">libunwind::UnwindCursor&lang;libunwind::LocalAddressSpace, libunwind::Registers_arm&rang;::setInfoBasedOnIPRegister(bool)</a> from libunwind.cpp.o(.text._ZN9libunwind12UnwindCursorINS_17LocalAddressSpaceENS_13Registers_armEE24setInfoBasedOnIPRegisterEb) referenced from libunwind.cpp.o(.rodata._ZTVN9libunwind12UnwindCursorINS_17LocalAddressSpaceENS_13Registers_armEEE)
 <LI><a href="#[13f]">libunwind::UnwindCursor&lang;libunwind::LocalAddressSpace, libunwind::Registers_arm&rang;::step()</a> from libunwind.cpp.o(.text._ZN9libunwind12UnwindCursorINS_17LocalAddressSpaceENS_13Registers_armEE4stepEv) referenced from libunwind.cpp.o(.rodata._ZTVN9libunwind12UnwindCursorINS_17LocalAddressSpaceENS_13Registers_armEEE)
 <LI><a href="#[13a]">libunwind::UnwindCursor&lang;libunwind::LocalAddressSpace, libunwind::Registers_arm&rang;::getReg(int)</a> from libunwind.cpp.o(.text._ZN9libunwind12UnwindCursorINS_17LocalAddressSpaceENS_13Registers_armEE6getRegEi) referenced from libunwind.cpp.o(.rodata._ZTVN9libunwind12UnwindCursorINS_17LocalAddressSpaceENS_13Registers_armEEE)
[...]
<LI><a href="#[3c1]">&gt;&gt;</a>&nbsp;&nbsp;&nbsp;ulTaskNotifyTake
<LI><a href="#[3ee]">&gt;&gt;</a>&nbsp;&nbsp;&nbsp;xTaskNotifyWait
<LI><a href="#[3c7]">&gt;&gt;</a>&nbsp;&nbsp;&nbsp;vTaskPlaceOnEventListRestricted
<LI><a href="#[3ce]">&gt;&gt;</a>&nbsp;&nbsp;&nbsp;vTaskPlaceOnEventList
</UL>

<P><STRONG><a name="[3a5]"></a>prvAddNewTaskToReadyList</STRONG> (Thumb, 220 bytes, Stack size 32 bytes, tasks.o(.text.prvAddNewTaskToReadyList))
<BR><BR>[Stack]<UL><LI>Max Depth = 32<LI>Call Chain = prvAddNewTaskToReadyList
</UL>
<BR>[Calls]<UL><LI><a href="#[3a3]">&gt;&gt;</a>&nbsp;&nbsp;&nbsp;vListInsertEnd
<LI><a href="#[38d]">&gt;&gt;</a>&nbsp;&nbsp;&nbsp;vPortExitCritical
<LI><a href="#[38c]">&gt;&gt;</a>&nbsp;&nbsp;&nbsp;vPortEnterCritical
<LI><a href="#[123]">&gt;&gt;</a>&nbsp;&nbsp;&nbsp;vListInitialise
</UL>
<BR>[Called By]<UL><LI><a href="#[3a0]">&gt;&gt;</a>&nbsp;&nbsp;&nbsp;xTaskCreateStatic
<LI><a href="#[39f]">&gt;&gt;</a>&nbsp;&nbsp;&nbsp;xTaskCreate
</UL>

<P><STRONG><a name="[3aa]"></a>prvDeleteTCB</STRONG> (Thumb, 58 bytes, Stack size 8 bytes, tasks.o(.text.prvDeleteTCB))
<BR><BR>[Stack]<UL><LI>Max Depth = 88<LI>Call Chain = prvDeleteTCB &rArr; vPortFree &rArr; xTaskResumeAll &rArr; xTaskIncrementTick
</UL>
<BR>[Calls]<UL><LI><a href="#[3ab]">&gt;&gt;</a>&nbsp;&nbsp;&nbsp;vPortFree
</UL>
<BR>[Called By]<UL><LI><a href="#[3c9]">&gt;&gt;</a>&nbsp;&nbsp;&nbsp;vTaskDelete
<LI><a href="#[126]">&gt;&gt;</a>&nbsp;&nbsp;&nbsp;prvIdleTask
</UL>

<P><STRONG><a name="[126]"></a>prvIdleTask</STRONG> (Thumb, 92 bytes, Stack size 24 bytes, tasks.o(.text.prvIdleTask))
<BR><BR>[Stack]<UL><LI>Max Depth = 112<LI>Call Chain = prvIdleTask &rArr; prvDeleteTCB &rArr; vPortFree &rArr; xTaskResumeAll &rArr; xTaskIncrementTick
</UL>
<BR>[Calls]<UL><LI><a href="#[3a2]">&gt;&gt;</a>&nbsp;&nbsp;&nbsp;uxListRemove
<LI><a href="#[38d]">&gt;&gt;</a>&nbsp;&nbsp;&nbsp;vPortExitCritical
<LI><a href="#[38c]">&gt;&gt;</a>&nbsp;&nbsp;&nbsp;vPortEnterCritical
<LI><a href="#[3aa]">&gt;&gt;</a>&nbsp;&nbsp;&nbsp;prvDeleteTCB
</UL>
<BR>[Address Reference Count : 1]<UL><LI> tasks.o(.text.vTaskStartScheduler)
</UL>
<P><STRONG><a name="[3af]"></a>prvInitialiseNewTask</STRONG> (Thumb, 156 bytes, Stack size 32 bytes, tasks.o(.text.prvInitialiseNewTask))
<BR><BR>[Stack]<UL><LI>Max Depth = 32 + Unknown Stack Size
<LI>Call Chain = prvInitialiseNewTask
</UL>
<BR>[Calls]<UL><LI><a href="#[3b0]">&gt;&gt;</a>&nbsp;&nbsp;&nbsp;vListInitialiseItem
<LI><a href="#[3b1]">&gt;&gt;</a>&nbsp;&nbsp;&nbsp;pxPortInitialiseStack
<LI><a href="#[18a]">&gt;&gt;</a>&nbsp;&nbsp;&nbsp;__aeabi_memset4
</UL>
<BR>[Called By]<UL><LI><a href="#[3a0]">&gt;&gt;</a>&nbsp;&nbsp;&nbsp;xTaskCreateStatic
<LI><a href="#[39f]">&gt;&gt;</a>&nbsp;&nbsp;&nbsp;xTaskCreate
</UL>

<P><STRONG><a name="[125]"></a>prvListTasksWithinSingleList</STRONG> (Thumb, 86 bytes, Stack size 32 bytes, tasks.o(.text.prvListTasksWithinSingleList))
<BR><BR>[Stack]<UL><LI>Max Depth = 112<LI>Call Chain = prvListTasksWithinSingleList &rArr; vTaskGetInfo &rArr; xTaskResumeAll &rArr; xTaskIncrementTick
</UL>
<BR>[Calls]<UL><LI><a href="#[3b5]">&gt;&gt;</a>&nbsp;&nbsp;&nbsp;vTaskGetInfo
</UL>
<BR>[Called By]<UL><LI><a href="#[3c3]">&gt;&gt;</a>&nbsp;&nbsp;&nbsp;uxTaskGetSystemState
</UL>
<BR>[Address Reference Count : 1]<UL><LI> tasks.o(.text.uxTaskGetSystemState)
</UL>
<P><STRONG><a name="[3ca]"></a>prvResetNextTaskUnblockTime</STRONG> (Thumb, 32 bytes, Stack size 0 bytes, tasks.o(.text.prvResetNextTaskUnblockTime))
<BR><BR>[Called By]<UL><LI><a href="#[3ba]">&gt;&gt;</a>&nbsp;&nbsp;&nbsp;xTaskResumeAll
<LI><a href="#[3dd]">&gt;&gt;</a>&nbsp;&nbsp;&nbsp;xTaskIncrementTick
<LI><a href="#[3d9]">&gt;&gt;</a>&nbsp;&nbsp;&nbsp;vTaskSuspend
<LI><a href="#[3c9]">&gt;&gt;</a>&nbsp;&nbsp;&nbsp;vTaskDelete
</UL>

<P><STRONG><a name="[3d4]"></a>prvTaskIsTaskSuspended</STRONG> (Thumb, 64 bytes, Stack size 0 bytes, tasks.o(.text.prvTaskIsTaskSuspended), UNUSED)
<BR><BR>[Called By]<UL><LI><a href="#[3ef]">&gt;&gt;</a>&nbsp;&nbsp;&nbsp;xTaskResumeFromISR
<LI><a href="#[3d3]">&gt;&gt;</a>&nbsp;&nbsp;&nbsp;vTaskResume
</UL>

<P><STRONG><a name="[3a6]"></a>prvCheckForValidListAndQueue</STRONG> (Thumb, 92 bytes, Stack size 24 bytes, timers.o(.text.prvCheckForValidListAndQueue))
<BR><BR>[Stack]<UL><LI>Max Depth = 96<LI>Call Chain = prvCheckForValidListAndQueue &rArr; xQueueGenericCreateStatic &rArr; prvInitialiseNewQueue &rArr; xQueueGenericReset &rArr; xTaskRemoveFromEventList
</UL>
<BR>[Calls]<UL><LI><a href="#[38d]">&gt;&gt;</a>&nbsp;&nbsp;&nbsp;vPortExitCritical
<LI><a href="#[38c]">&gt;&gt;</a>&nbsp;&nbsp;&nbsp;vPortEnterCritical
<LI><a href="#[123]">&gt;&gt;</a>&nbsp;&nbsp;&nbsp;vListInitialise
<LI><a href="#[39a]">&gt;&gt;</a>&nbsp;&nbsp;&nbsp;xQueueGenericCreateStatic
<LI><a href="#[39c]">&gt;&gt;</a>&nbsp;&nbsp;&nbsp;vQueueAddToRegistry
</UL>
<BR>[Called By]<UL><LI><a href="#[3d7]">&gt;&gt;</a>&nbsp;&nbsp;&nbsp;xTimerCreateTimerTask
<LI><a href="#[3b2]">&gt;&gt;</a>&nbsp;&nbsp;&nbsp;prvInitialiseNewTimer
</UL>

<P><STRONG><a name="[3b2]"></a>prvInitialiseNewTimer</STRONG> (Thumb, 84 bytes, Stack size 32 bytes, timers.o(.text.prvInitialiseNewTimer), UNUSED)
<BR><BR>[Calls]<UL><LI><a href="#[3b0]">&gt;&gt;</a>&nbsp;&nbsp;&nbsp;vListInitialiseItem
<LI><a href="#[3a6]">&gt;&gt;</a>&nbsp;&nbsp;&nbsp;prvCheckForValidListAndQueue
</UL>
<BR>[Called By]<UL><LI><a href="#[3f1]">&gt;&gt;</a>&nbsp;&nbsp;&nbsp;xTimerCreateStatic
<LI><a href="#[3f0]">&gt;&gt;</a>&nbsp;&nbsp;&nbsp;xTimerCreate
</UL>

<P><STRONG><a name="[3b3]"></a>prvInsertTimerInActiveList</STRONG> (Thumb, 60 bytes, Stack size 8 bytes, timers.o(.text.prvInsertTimerInActiveList))
<BR><BR>[Stack]<UL><LI>Max Depth = 16<LI>Call Chain = prvInsertTimerInActiveList &rArr; vListInsert
</UL>
<BR>[Calls]<UL><LI><a href="#[3a4]">&gt;&gt;</a>&nbsp;&nbsp;&nbsp;vListInsert
</UL>
<BR>[Called By]<UL><LI><a href="#[127]">&gt;&gt;</a>&nbsp;&nbsp;&nbsp;prvTimerTask
</UL>

<P><STRONG><a name="[3b6]"></a>prvSampleTimeNow</STRONG> (Thumb, 156 bytes, Stack size 40 bytes, timers.o(.text.prvSampleTimeNow))
<BR><BR>[Stack]<UL><LI>Max Depth = 176<LI>Call Chain = prvSampleTimeNow &rArr; xTimerGenericCommand &rArr; xQueueGenericSend &rArr; xTaskResumeAll &rArr; xTaskIncrementTick
</UL>
<BR>[Calls]<UL><LI><a href="#[319]">&gt;&gt;</a>&nbsp;&nbsp;&nbsp;xTaskGetTickCount
<LI><a href="#[3a4]">&gt;&gt;</a>&nbsp;&nbsp;&nbsp;vListInsert
<LI><a href="#[3a2]">&gt;&gt;</a>&nbsp;&nbsp;&nbsp;uxListRemove
<LI><a href="#[3b7]">&gt;&gt;</a>&nbsp;&nbsp;&nbsp;xTimerGenericCommand
</UL>
<BR>[Called By]<UL><LI><a href="#[127]">&gt;&gt;</a>&nbsp;&nbsp;&nbsp;prvTimerTask
</UL>

<P><STRONG><a name="[127]"></a>prvTimerTask</STRONG> (Thumb, 508 bytes, Stack size 64 bytes, timers.o(.text.prvTimerTask))
<BR><BR>[Stack]<UL><LI>Max Depth = 240<LI>Call Chain = prvTimerTask &rArr; prvSampleTimeNow &rArr; xTimerGenericCommand &rArr; xQueueGenericSend &rArr; xTaskResumeAll &rArr; xTaskIncrementTick
</UL>
<BR>[Calls]<UL><LI><a href="#[3a2]">&gt;&gt;</a>&nbsp;&nbsp;&nbsp;uxListRemove
<LI><a href="#[3ba]">&gt;&gt;</a>&nbsp;&nbsp;&nbsp;xTaskResumeAll
<LI><a href="#[3b9]">&gt;&gt;</a>&nbsp;&nbsp;&nbsp;vTaskSuspendAll
<LI><a href="#[3ab]">&gt;&gt;</a>&nbsp;&nbsp;&nbsp;vPortFree
<LI><a href="#[3b8]">&gt;&gt;</a>&nbsp;&nbsp;&nbsp;xQueueReceive
<LI><a href="#[3bb]">&gt;&gt;</a>&nbsp;&nbsp;&nbsp;vQueueWaitForMessageRestricted
<LI><a href="#[3b7]">&gt;&gt;</a>&nbsp;&nbsp;&nbsp;xTimerGenericCommand
<LI><a href="#[3b6]">&gt;&gt;</a>&nbsp;&nbsp;&nbsp;prvSampleTimeNow
<LI><a href="#[3b3]">&gt;&gt;</a>&nbsp;&nbsp;&nbsp;prvInsertTimerInActiveList
</UL>
<BR>[Address Reference Count : 1]<UL><LI> timers.o(.text.xTimerCreateTimerTask)
</UL>
<P><STRONG><a name="[3dc]"></a>prvPortStartFirstTask</STRONG> (Thumb, 40 bytes, Stack size 0 bytes, port.o(.text.prvPortStartFirstTask))
<BR><BR>[Called By]<UL><LI><a href="#[3d8]">&gt;&gt;</a>&nbsp;&nbsp;&nbsp;xPortStartScheduler
</UL>

<P><STRONG><a name="[124]"></a>prvTaskExitError</STRONG> (Thumb, 52 bytes, Stack size 4 bytes, port.o(.text.prvTaskExitError))
<BR><BR>[Stack]<UL><LI>Max Depth = 4<LI>Call Chain = prvTaskExitError
</UL>
<BR>[Called By]<UL><LI><a href="#[3d8]">&gt;&gt;</a>&nbsp;&nbsp;&nbsp;xPortStartScheduler
</UL>
<BR>[Address Reference Count : 1]<UL><LI> port.o(.text.pxPortInitialiseStack)
</UL>
<P><STRONG><a name="[3db]"></a>vPortEnableVFP</STRONG> (Thumb, 20 bytes, Stack size 0 bytes, port.o(.text.vPortEnableVFP))
<BR><BR>[Called By]<UL><LI><a href="#[3d8]">&gt;&gt;</a>&nbsp;&nbsp;&nbsp;xPortStartScheduler
</UL>

<P><STRONG><a name="[3c0]"></a>prvInsertBlockIntoFreeList</STRONG> (Thumb, 84 bytes, Stack size 8 bytes, heap_4.o(.text.prvInsertBlockIntoFreeList))
<BR><BR>[Stack]<UL><LI>Max Depth = 8<LI>Call Chain = prvInsertBlockIntoFreeList
</UL>
<BR>[Called By]<UL><LI><a href="#[3ab]">&gt;&gt;</a>&nbsp;&nbsp;&nbsp;vPortFree
<LI><a href="#[3bf]">&gt;&gt;</a>&nbsp;&nbsp;&nbsp;pvPortMalloc
</UL>

<P><STRONG><a name="[302]"></a>_ZN10__cxxabiv1L12failed_throwEPNS_15__cxa_exceptionE</STRONG> (Thumb, 16 bytes, Stack size unknown bytes, cxa_exception.cpp.o(.text._ZN10__cxxabiv1L12failed_throwEPNS_15__cxa_exceptionE))
<BR><BR>[Calls]<UL><LI><a href="#[303]">&gt;&gt;</a>&nbsp;&nbsp;&nbsp;__cxa_begin_catch
<LI><a href="#[304]">&gt;&gt;</a>&nbsp;&nbsp;&nbsp;std::__terminate(void(*)())
</UL>
<BR>[Called By]<UL><LI><a href="#[358]">&gt;&gt;</a>&nbsp;&nbsp;&nbsp;__cxa_throw
</UL>

<P><STRONG><a name="[121]"></a>_ZN10__cxxabiv1L22exception_cleanup_funcE19_Unwind_Reason_CodeP21_Unwind_Control_Block</STRONG> (Thumb, 22 bytes, Stack size unknown bytes, cxa_exception.cpp.o(.text._ZN10__cxxabiv1L22exception_cleanup_funcE19_Unwind_Reason_CodeP21_Unwind_Control_Block))
<BR><BR>[Stack]<UL><LI>Max Depth = 64 + Unknown Stack Size
<LI>Call Chain = _ZN10__cxxabiv1L22exception_cleanup_funcE19_Unwind_Reason_CodeP21_Unwind_Control_Block &rArr; std::__terminate(void(*)()) &rArr;  __cxa_begin_catch (Cycle)
</UL>
<BR>[Calls]<UL><LI><a href="#[304]">&gt;&gt;</a>&nbsp;&nbsp;&nbsp;std::__terminate(void(*)())
<LI><a href="#[306]">&gt;&gt;</a>&nbsp;&nbsp;&nbsp;__cxa_decrement_exception_refcount
</UL>
<BR>[Address Reference Count : 1]<UL><LI> cxa_exception.cpp.o(.text.__cxa_throw)
</UL>
<P><STRONG><a name="[120]"></a>_ZN10__cxxabiv1L27dependent_exception_cleanupE19_Unwind_Reason_CodeP21_Unwind_Control_Block</STRONG> (Thumb, 34 bytes, Stack size unknown bytes, cxa_exception.cpp.o(.text._ZN10__cxxabiv1L27dependent_exception_cleanupE19_Unwind_Reason_CodeP21_Unwind_Control_Block))
<BR><BR>[Stack]<UL><LI>Max Depth = 64 + Unknown Stack Size
<LI>Call Chain = _ZN10__cxxabiv1L27dependent_exception_cleanupE19_Unwind_Reason_CodeP21_Unwind_Control_Block &rArr; std::__terminate(void(*)()) &rArr;  __cxa_begin_catch (Cycle)
</UL>
<BR>[Calls]<UL><LI><a href="#[304]">&gt;&gt;</a>&nbsp;&nbsp;&nbsp;std::__terminate(void(*)())
<LI><a href="#[2fc]">&gt;&gt;</a>&nbsp;&nbsp;&nbsp;__cxxabiv1::__aligned_free_with_fallback(void*)
<LI><a href="#[306]">&gt;&gt;</a>&nbsp;&nbsp;&nbsp;__cxa_decrement_exception_refcount
</UL>
<BR>[Address Reference Count : 1]<UL><LI> cxa_exception.cpp.o(.text.__cxa_rethrow_primary_exception)
</UL>
<P><STRONG><a name="[153]"></a>__cxa_end_cleanup_impl</STRONG> (Thumb, 88 bytes, Stack size unknown bytes, cxa_exception.cpp.o(.text.__cxa_end_cleanup_impl), UNUSED, KEPT)
<BR><BR>[Stack]<UL><LI>Max Depth = 72 + Unknown Stack Size
<LI>Call Chain = __cxa_end_cleanup_impl &rArr; std::terminate() &rArr;  __clang_call_terminate (Cycle)
</UL>
<BR>[Calls]<UL><LI><a href="#[11f]">&gt;&gt;</a>&nbsp;&nbsp;&nbsp;std::terminate()
<LI><a href="#[354]">&gt;&gt;</a>&nbsp;&nbsp;&nbsp;__cxa_get_globals
</UL>

<P><STRONG><a name="[2fe]"></a>_ZN10__cxxabiv1L11scan_eh_tabERNS_12_GLOBAL__N_112scan_resultsE14_Unwind_ActionbP21_Unwind_Control_BlockP15_Unwind_Context</STRONG> (Thumb, 926 bytes, Stack size unknown bytes, cxa_personality.cpp.o(.text._ZN10__cxxabiv1L11scan_eh_tabERNS_12_GLOBAL__N_112scan_resultsE14_Unwind_ActionbP21_Unwind_Control_BlockP15_Unwind_Context))
<BR><BR>[Stack]<UL><LI>Max Depth = 40 + Unknown Stack Size
<LI>Call Chain = _ZN10__cxxabiv1L11scan_eh_tabERNS_12_GLOBAL__N_112scan_resultsE14_Unwind_ActionbP21_Unwind_Control_BlockP15_Unwind_Context &rArr; _Unwind_VRS_Get &rArr; abort &rArr; __rt_SIGABRT &rArr; __rt_SIGABRT_inner &rArr; __default_signal_display
</UL>
<BR>[Calls]<UL><LI><a href="#[2c9]">&gt;&gt;</a>&nbsp;&nbsp;&nbsp;_Unwind_VRS_Get
<LI><a href="#[2c3]">&gt;&gt;</a>&nbsp;&nbsp;&nbsp;_Unwind_GetRegionStart
<LI><a href="#[2c1]">&gt;&gt;</a>&nbsp;&nbsp;&nbsp;_Unwind_GetLanguageSpecificData
<LI><a href="#[301]">&gt;&gt;</a>&nbsp;&nbsp;&nbsp;_ZN10__cxxabiv1L24exception_spec_can_catchExPKhhPKNS_16__shim_type_infoEPvP21_Unwind_Control_Block
<LI><a href="#[2ff]">&gt;&gt;</a>&nbsp;&nbsp;&nbsp;_ZN10__cxxabiv1L18readEncodedPointerEPPKhh
<LI><a href="#[300]">&gt;&gt;</a>&nbsp;&nbsp;&nbsp;_ZN10__cxxabiv1L14call_terminateEbP21_Unwind_Control_Block
<LI><a href="#[1bd]">&gt;&gt;</a>&nbsp;&nbsp;&nbsp;__aeabi_memclr8
</UL>
<BR>[Called By]<UL><LI><a href="#[128]">&gt;&gt;</a>&nbsp;&nbsp;&nbsp;__gxx_personality_v0
</UL>

<P><STRONG><a name="[305]"></a>_ZN10__cxxabiv1L13set_registersEP21_Unwind_Control_BlockP15_Unwind_ContextRKNS_12_GLOBAL__N_112scan_resultsE</STRONG> (Thumb, 92 bytes, Stack size unknown bytes, cxa_personality.cpp.o(.text._ZN10__cxxabiv1L13set_registersEP21_Unwind_Control_BlockP15_Unwind_ContextRKNS_12_GLOBAL__N_112scan_resultsE))
<BR><BR>[Stack]<UL><LI>Max Depth = 40 + Unknown Stack Size
<LI>Call Chain = _ZN10__cxxabiv1L13set_registersEP21_Unwind_Control_BlockP15_Unwind_ContextRKNS_12_GLOBAL__N_112scan_resultsE &rArr; _Unwind_VRS_Set &rArr; abort &rArr; __rt_SIGABRT &rArr; __rt_SIGABRT_inner &rArr; __default_signal_display
</UL>
<BR>[Calls]<UL><LI><a href="#[2d0]">&gt;&gt;</a>&nbsp;&nbsp;&nbsp;_Unwind_VRS_Set
<LI><a href="#[2c9]">&gt;&gt;</a>&nbsp;&nbsp;&nbsp;_Unwind_VRS_Get
</UL>
<BR>[Called By]<UL><LI><a href="#[128]">&gt;&gt;</a>&nbsp;&nbsp;&nbsp;__gxx_personality_v0
</UL>

<P><STRONG><a name="[300]"></a>_ZN10__cxxabiv1L14call_terminateEbP21_Unwind_Control_Block</STRONG> (Thumb, 26 bytes, Stack size unknown bytes, cxa_personality.cpp.o(.text._ZN10__cxxabiv1L14call_terminateEbP21_Unwind_Control_Block))
<BR><BR>[Calls]<UL><LI><a href="#[303]">&gt;&gt;</a>&nbsp;&nbsp;&nbsp;__cxa_begin_catch
<LI><a href="#[11f]">&gt;&gt;</a>&nbsp;&nbsp;&nbsp;std::terminate()
<LI><a href="#[304]">&gt;&gt;</a>&nbsp;&nbsp;&nbsp;std::__terminate(void(*)())
</UL>
<BR>[Called By]<UL><LI><a href="#[128]">&gt;&gt;</a>&nbsp;&nbsp;&nbsp;__gxx_personality_v0
<LI><a href="#[301]">&gt;&gt;</a>&nbsp;&nbsp;&nbsp;_ZN10__cxxabiv1L24exception_spec_can_catchExPKhhPKNS_16__shim_type_infoEPvP21_Unwind_Control_Block
<LI><a href="#[2fe]">&gt;&gt;</a>&nbsp;&nbsp;&nbsp;_ZN10__cxxabiv1L11scan_eh_tabERNS_12_GLOBAL__N_112scan_resultsE14_Unwind_ActionbP21_Unwind_Control_BlockP15_Unwind_Context
<LI><a href="#[353]">&gt;&gt;</a>&nbsp;&nbsp;&nbsp;__cxa_call_unexpected
</UL>

<P><STRONG><a name="[2ff]"></a>_ZN10__cxxabiv1L18readEncodedPointerEPPKhh</STRONG> (Thumb, 322 bytes, Stack size unknown bytes, cxa_personality.cpp.o(.text._ZN10__cxxabiv1L18readEncodedPointerEPPKhh))
<BR><BR>[Stack]<UL><LI>Max Depth = 40 + Unknown Stack Size
<LI>Call Chain = _ZN10__cxxabiv1L18readEncodedPointerEPPKhh &rArr; abort &rArr; __rt_SIGABRT &rArr; __rt_SIGABRT_inner &rArr; __default_signal_display
</UL>
<BR>[Calls]<UL><LI><a href="#[11e]">&gt;&gt;</a>&nbsp;&nbsp;&nbsp;abort
</UL>
<BR>[Called By]<UL><LI><a href="#[2fe]">&gt;&gt;</a>&nbsp;&nbsp;&nbsp;_ZN10__cxxabiv1L11scan_eh_tabERNS_12_GLOBAL__N_112scan_resultsE14_Unwind_ActionbP21_Unwind_Control_BlockP15_Unwind_Context
<LI><a href="#[353]">&gt;&gt;</a>&nbsp;&nbsp;&nbsp;__cxa_call_unexpected
</UL>

<P><STRONG><a name="[301]"></a>_ZN10__cxxabiv1L24exception_spec_can_catchExPKhhPKNS_16__shim_type_infoEPvP21_Unwind_Control_Block</STRONG> (Thumb, 68 bytes, Stack size unknown bytes, cxa_personality.cpp.o(.text._ZN10__cxxabiv1L24exception_spec_can_catchExPKhhPKNS_16__shim_type_infoEPvP21_Unwind_Control_Block))
<BR><BR>[Calls]<UL><LI><a href="#[300]">&gt;&gt;</a>&nbsp;&nbsp;&nbsp;_ZN10__cxxabiv1L14call_terminateEbP21_Unwind_Control_Block
</UL>
<BR>[Called By]<UL><LI><a href="#[2fe]">&gt;&gt;</a>&nbsp;&nbsp;&nbsp;_ZN10__cxxabiv1L11scan_eh_tabERNS_12_GLOBAL__N_112scan_resultsE14_Unwind_ActionbP21_Unwind_Control_BlockP15_Unwind_Context
<LI><a href="#[353]">&gt;&gt;</a>&nbsp;&nbsp;&nbsp;__cxa_call_unexpected
</UL>

<P><STRONG><a name="[2c7]"></a>_ZL13unwind_phase2P13unw_context_tP12unw_cursor_tP21_Unwind_Control_Blockb</STRONG> (Thumb, 168 bytes, Stack size unknown bytes, Unwind-EHABI.cpp.o(.text._ZL13unwind_phase2P13unw_context_tP12unw_cursor_tP21_Unwind_Control_Blockb))
<BR><BR>[Stack]<UL><LI>Max Depth = 40 + Unknown Stack Size
<LI>Call Chain = _ZL13unwind_phase2P13unw_context_tP12unw_cursor_tP21_Unwind_Control_Blockb &rArr; abort &rArr; __rt_SIGABRT &rArr; __rt_SIGABRT_inner &rArr; __default_signal_display
</UL>
<BR>[Calls]<UL><LI><a href="#[11e]">&gt;&gt;</a>&nbsp;&nbsp;&nbsp;abort
<LI><a href="#[2cf]">&gt;&gt;</a>&nbsp;&nbsp;&nbsp;unw_set_reg
<LI><a href="#[2f2]">&gt;&gt;</a>&nbsp;&nbsp;&nbsp;unw_resume
<LI><a href="#[2c6]">&gt;&gt;</a>&nbsp;&nbsp;&nbsp;unw_init_local
<LI><a href="#[2ca]">&gt;&gt;</a>&nbsp;&nbsp;&nbsp;unw_get_reg
<LI><a href="#[2c2]">&gt;&gt;</a>&nbsp;&nbsp;&nbsp;unw_get_proc_info
</UL>
<BR>[Called By]<UL><LI><a href="#[2c8]">&gt;&gt;</a>&nbsp;&nbsp;&nbsp;_Unwind_Resume
<LI><a href="#[2c4]">&gt;&gt;</a>&nbsp;&nbsp;&nbsp;_Unwind_RaiseException
</UL>

<P><STRONG><a name="[314]"></a>&lang;unnamed namespace 1&rang;::unwindOneFrame(unsigned, _Unwind_Control_Block*, _Unwind_Context*)</STRONG> (Thumb, 56 bytes, Stack size unknown bytes, Unwind-EHABI.cpp.o(.text._ZN12_GLOBAL__N_114unwindOneFrameEjP21_Unwind_Control_BlockP15_Unwind_Context))
<BR><BR>[Calls]<UL><LI><a href="#[315]">&gt;&gt;</a>&nbsp;&nbsp;&nbsp;unw_step
<LI><a href="#[2c2]">&gt;&gt;</a>&nbsp;&nbsp;&nbsp;unw_get_proc_info
</UL>
<BR>[Called By]<UL><LI><a href="#[11c]">&gt;&gt;</a>&nbsp;&nbsp;&nbsp;__aeabi_unwind_cpp_pr1
<LI><a href="#[11b]">&gt;&gt;</a>&nbsp;&nbsp;&nbsp;__aeabi_unwind_cpp_pr0
<LI><a href="#[11d]">&gt;&gt;</a>&nbsp;&nbsp;&nbsp;__aeabi_unwind_cpp_pr2
</UL>

<P><STRONG><a name="[194]"></a>_fp_digits</STRONG> (Thumb, 432 bytes, Stack size 96 bytes, _printf_fp_dec.o(.text))
<BR><BR>[Stack]<UL><LI>Max Depth = 220<LI>Call Chain = _fp_digits &rArr; _btod_etento &rArr; _btod_emul &rArr; _e2e
</UL>
<BR>[Calls]<UL><LI><a href="#[198]">&gt;&gt;</a>&nbsp;&nbsp;&nbsp;_btod_emul
<LI><a href="#[197]">&gt;&gt;</a>&nbsp;&nbsp;&nbsp;_btod_ediv
<LI><a href="#[196]">&gt;&gt;</a>&nbsp;&nbsp;&nbsp;_btod_d2e
<LI><a href="#[195]">&gt;&gt;</a>&nbsp;&nbsp;&nbsp;_btod_etento
<LI><a href="#[199]">&gt;&gt;</a>&nbsp;&nbsp;&nbsp;_ll_udiv10
</UL>
<BR>[Called By]<UL><LI><a href="#[19a]">&gt;&gt;</a>&nbsp;&nbsp;&nbsp;_printf_fp_dec_real
</UL>

<P><STRONG><a name="[a6]"></a>_printf_input_char</STRONG> (Thumb, 10 bytes, Stack size 0 bytes, _printf_char_common.o(.text))
<BR>[Address Reference Count : 1]<UL><LI> _printf_char_common.o(.text)
</UL>
<P><STRONG><a name="[2f9]"></a>&lang;unnamed namespace 1&rang;::fallback_free(void*)</STRONG> (Thumb, 156 bytes, Stack size unknown bytes, fallback_malloc.cpp.o(.text._ZN12_GLOBAL__N_113fallback_freeEPv))
<BR><BR>[Called By]<UL><LI><a href="#[2f8]">&gt;&gt;</a>&nbsp;&nbsp;&nbsp;__cxxabiv1::__free_with_fallback(void*)
<LI><a href="#[2fc]">&gt;&gt;</a>&nbsp;&nbsp;&nbsp;__cxxabiv1::__aligned_free_with_fallback(void*)
</UL>

<P><STRONG><a name="[2fb]"></a>&lang;unnamed namespace 1&rang;::fallback_malloc(unsigned)</STRONG> (Thumb, 146 bytes, Stack size unknown bytes, fallback_malloc.cpp.o(.text._ZN12_GLOBAL__N_115fallback_mallocEj))
<BR><BR>[Called By]<UL><LI><a href="#[2fa]">&gt;&gt;</a>&nbsp;&nbsp;&nbsp;__cxxabiv1::__calloc_with_fallback(unsigned, unsigned)
<LI><a href="#[2fd]">&gt;&gt;</a>&nbsp;&nbsp;&nbsp;__cxxabiv1::__aligned_malloc_with_fallback(unsigned)
</UL>
<P>
<H3>
Undefined Global Symbols
</H3><HR></body></html>
