<html>
<body>
<pre>
<h1>µVision Build Log</h1>
<h2>Tool Versions:</h2>
IDE-Version: ¦ÌVision V5.26.2.0
Copyright (C) 2018 ARM Ltd and ARM Germany GmbH. All rights reserved.
License Information: 2 ASUS, 123, LIC=9WSKC-7ALZ9-9UY4U-SA2HV-1DVAD-VEKKE
 
Tool Versions:
Toolchain:       MDK-ARM Plus  Version: 5.26.2.0
Toolchain Path:  D:\keil 51\ARM\ARMCLANG\Bin
C Compiler:      ArmClang.exe V6.10.1
Assembler:       Armasm.exe V6.10.1
Linker/Locator:  ArmLink.exe V6.10.1
Library Manager: ArmAr.exe V6.10.1
Hex Converter:   FromElf.exe V6.10.1
CPU DLL:         SARMCM3.DLL V5.26.2.0
Dialog DLL:      DCM.DLL V1.17.2.0
Target DLL:      STLink\ST-LINKIII-KEIL_SWO.dll V3.0.5.0
Dialog DLL:      TCM.DLL V1.36.1.0
 
<h2>Project:</h2>
C:\Users\ASUS\Desktop\STM32\H743\Cube\project.uvprojx
Project File Date:  03/22/2026

<h2>Output:</h2>
*** Using Compiler 'V6.10.1', folder: 'D:\keil 51\ARM\ARMCLANG\Bin'
Build target 'Target 1'
Middleware/MAVlink/mavlink_bridge.cpp(1): warning: In file included from...
./Middleware/MAVlink/mavlink_bridge.hpp(7): warning: In file included from...
./Middleware/MAVlink/common\mavlink.h(32): warning: In file included from...
./Middleware/MAVlink/common/common.h(29): warning: In file included from...
./Middleware/MAVlink/common/../protocol.h(89): warning: In file included from...
./Middleware/MAVlink/mavlink_helpers.h(86): warning: taking address of packed member 'checksum' of class or structure '__mavlink_message' may result in an unaligned pointer value [-Waddress-of-packed-member]
        crc_accumulate_buffer(&msg->checksum, _MAV_PAYLOAD(msg), msg->len);
                               ^~~~~~~~~~~~~
./Middleware/MAVlink/mavlink_helpers.h(88): warning: taking address of packed member 'checksum' of class or structure '__mavlink_message' may result in an unaligned pointer value [-Waddress-of-packed-member]
        crc_accumulate(crc_extra, &msg->checksum);
                                   ^~~~~~~~~~~~~
./Middleware/MAVlink/mavlink_helpers.h(127): warning: taking address of packed member 'checksum' of class or structure '__mavlink_message' may result in an unaligned pointer value [-Waddress-of-packed-member]
        crc_accumulate_buffer(&msg->checksum, _MAV_PAYLOAD(msg), msg->len);
                               ^~~~~~~~~~~~~
./Middleware/MAVlink/mavlink_helpers.h(129): warning: taking address of packed member 'checksum' of class or structure '__mavlink_message' may result in an unaligned pointer value [-Waddress-of-packed-member]
        crc_accumulate(crc_extra, &msg->checksum);
                                   ^~~~~~~~~~~~~
./Middleware/MAVlink/mavlink_helpers.h(241): warning: taking address of packed member 'checksum' of class or structure '__mavlink_message' may result in an unaligned pointer value [-Waddress-of-packed-member]
        crc_init(&msg->checksum);
                  ^~~~~~~~~~~~~
./Middleware/MAVlink/mavlink_helpers.h(246): warning: taking address of packed member 'checksum' of class or structure '__mavlink_message' may result in an unaligned pointer value [-Waddress-of-packed-member]
        crc_accumulate(c, &msg->checksum);
                           ^~~~~~~~~~~~~
6 warnings generated.
compiling mavlink_bridge.cpp...
USER/task_Communication.cpp(2): warning: In file included from...
./Middleware/MAVlink\MAVLink_bridge.hpp(7): warning: In file included from...
./Middleware/MAVlink/common\mavlink.h(32): warning: In file included from...
./Middleware/MAVlink/common/common.h(29): warning: In file included from...
./Middleware/MAVlink/common/../protocol.h(89): warning: In file included from...
./Middleware/MAVlink/mavlink_helpers.h(86): warning: taking address of packed member 'checksum' of class or structure '__mavlink_message' may result in an unaligned pointer value [-Waddress-of-packed-member]
        crc_accumulate_buffer(&msg->checksum, _MAV_PAYLOAD(msg), msg->len);
                               ^~~~~~~~~~~~~
./Middleware/MAVlink/mavlink_helpers.h(88): warning: taking address of packed member 'checksum' of class or structure '__mavlink_message' may result in an unaligned pointer value [-Waddress-of-packed-member]
        crc_accumulate(crc_extra, &msg->checksum);
                                   ^~~~~~~~~~~~~
./Middleware/MAVlink/mavlink_helpers.h(127): warning: taking address of packed member 'checksum' of class or structure '__mavlink_message' may result in an unaligned pointer value [-Waddress-of-packed-member]
        crc_accumulate_buffer(&msg->checksum, _MAV_PAYLOAD(msg), msg->len);
                               ^~~~~~~~~~~~~
./Middleware/MAVlink/mavlink_helpers.h(129): warning: taking address of packed member 'checksum' of class or structure '__mavlink_message' may result in an unaligned pointer value [-Waddress-of-packed-member]
        crc_accumulate(crc_extra, &msg->checksum);
                                   ^~~~~~~~~~~~~
./Middleware/MAVlink/mavlink_helpers.h(241): warning: taking address of packed member 'checksum' of class or structure '__mavlink_message' may result in an unaligned pointer value [-Waddress-of-packed-member]
        crc_init(&msg->checksum);
                  ^~~~~~~~~~~~~
./Middleware/MAVlink/mavlink_helpers.h(246): warning: taking address of packed member 'checksum' of class or structure '__mavlink_message' may result in an unaligned pointer value [-Waddress-of-packed-member]
        crc_accumulate(c, &msg->checksum);
                           ^~~~~~~~~~~~~
6 warnings generated.
compiling task_Communication.cpp...
linking...
Program Size: Code=103520 RO-data=5852 RW-data=60 ZI-data=23892  
FromELF: creating hex file...
".\Objects\project.axf" - 0 Error(s), 12 Warning(s).

<h2>Software Packages used:</h2>

Package Vendor: ARM
                http://www.keil.com/pack/ARM.CMSIS.5.7.0.pack
                ARM.CMSIS.5.7.0
                CMSIS (Cortex Microcontroller Software Interface Standard)
   * Component: CORE Version: 5.4.0

Package Vendor: Keil
                https://www.keil.com/pack/Keil.STM32H7xx_DFP.3.1.1.pack
                Keil.STM32H7xx_DFP.3.1.1
                STMicroelectronics STM32H7 Series Device Support and Examples

<h2>Collection of Component include folders:</h2>
  .\RTE\_Target_1
  D:\keil 51\ARM\PACK\ARM\CMSIS\5.7.0\CMSIS\Core\Include
  D:\keil 51\ARM\PACK\Keil\STM32H7xx_DFP\3.1.1\Drivers\CMSIS\Device\ST\STM32H7xx\Include

<h2>Collection of Component Files used:</h2>

   * Component: ARM::CMSIS:CORE:5.4.0
Build Time Elapsed:  00:00:02
</pre>
</body>
</html>
