<!doctype html public "-//w3c//dtd html 4.0 transitional//en">
<html><head>
<title>Static Call Graph - [.\Objects\project.axf]</title></head>
<body><HR>
<H1>Static Call Graph for image .\Objects\project.axf</H1><HR>
<BR><P>#&#060CALLGRAPH&#062# ARM Linker, 6100100: Last Updated: Thu Mar 26 09:54:15 2026
<BR><P>
<H3>Maximum Stack Usage =        752 bytes + Unknown(Functions without stacksize, Cycles, Untraceable Function Pointers)</H3><H3>
Call chain for Maximum Stack Depth:</H3>
StartCommunicationTask(void*) &rArr; MAVLink::SendHeartbeat() &rArr; Uart1Driver::send(const unsigned char*, unsigned short) &rArr; osMutexRelease &rArr; xQueueGiveMutexRecursive &rArr; xQueueGenericSend &rArr; xTaskResumeAll &rArr; xTaskIncrementTick
<P>
<H3>
Functions with no stack information
</H3><UL>
 <LI><a href="#[1c5]">__user_initial_stackheap</a>
 <LI><a href="#[354]">unw_getcontext</a>
 <LI><a href="#[3fd]">libunwind::Registers_arm::saveVFPWithFSTMD(unsigned long long*)</a>
 <LI><a href="#[3fb]">libunwind::Registers_arm::saveVFPWithFSTMX(unsigned long long*)</a>
 <LI><a href="#[3fc]">libunwind::Registers_arm::saveVFPv3(unsigned long long*)</a>
 <LI><a href="#[404]">libunwind::Registers_arm::restoreCoreAndJumpTo()</a>
 <LI><a href="#[406]">libunwind::Registers_arm::restoreVFPWithFLDMD(unsigned long long*)</a>
 <LI><a href="#[405]">libunwind::Registers_arm::restoreVFPWithFLDMX(unsigned long long*)</a>
 <LI><a href="#[407]">libunwind::Registers_arm::restoreVFPv3(unsigned long long*)</a>
 <LI><a href="#[50e]">_Unwind_Complete</a>
 <LI><a href="#[424]">_Unwind_DeleteException</a>
 <LI><a href="#[350]">_Unwind_GetLanguageSpecificData</a>
 <LI><a href="#[352]">_Unwind_GetRegionStart</a>
 <LI><a href="#[353]">_Unwind_RaiseException</a>
 <LI><a href="#[357]">_Unwind_Resume</a>
 <LI><a href="#[358]">_Unwind_VRS_Get</a>
 <LI><a href="#[35c]">_Unwind_VRS_Interpret</a>
 <LI><a href="#[35d]">_Unwind_VRS_Pop</a>
 <LI><a href="#[35f]">_Unwind_VRS_Set</a>
 <LI><a href="#[39c]">__cxxabiv1::__enum_type_info::~__enum_type_info()</a>
 <LI><a href="#[510]">__cxxabiv1::__enum_type_info::~__enum_type_info__sub_object()</a>
 <LI><a href="#[511]">__cxxabiv1::__shim_type_info::~__shim_type_info()</a>
 <LI><a href="#[145]">__cxxabiv1::__shim_type_info::~__shim_type_info__sub_object()</a>
 <LI><a href="#[512]">__cxxabiv1::__array_type_info::~__array_type_info()</a>
 <LI><a href="#[513]">__cxxabiv1::__array_type_info::~__array_type_info__sub_object()</a>
 <LI><a href="#[514]">__cxxabiv1::__class_type_info::~__class_type_info()</a>
 <LI><a href="#[515]">__cxxabiv1::__class_type_info::~__class_type_info__sub_object()</a>
 <LI><a href="#[516]">__cxxabiv1::__pbase_type_info::~__pbase_type_info()</a>
 <LI><a href="#[517]">__cxxabiv1::__pbase_type_info::~__pbase_type_info__sub_object()</a>
 <LI><a href="#[518]">__cxxabiv1::__pointer_type_info::~__pointer_type_info()</a>
 <LI><a href="#[519]">__cxxabiv1::__pointer_type_info::~__pointer_type_info__sub_object()</a>
 <LI><a href="#[51a]">__cxxabiv1::__function_type_info::~__function_type_info()</a>
 <LI><a href="#[51b]">__cxxabiv1::__function_type_info::~__function_type_info__sub_object()</a>
 <LI><a href="#[51c]">__cxxabiv1::__si_class_type_info::~__si_class_type_info()</a>
 <LI><a href="#[51d]">__cxxabiv1::__si_class_type_info::~__si_class_type_info__sub_object()</a>
 <LI><a href="#[51e]">__cxxabiv1::__vmi_class_type_info::~__vmi_class_type_info()</a>
 <LI><a href="#[51f]">__cxxabiv1::__vmi_class_type_info::~__vmi_class_type_info__sub_object()</a>
 <LI><a href="#[520]">__cxxabiv1::__fundamental_type_info::~__fundamental_type_info()</a>
 <LI><a href="#[521]">__cxxabiv1::__fundamental_type_info::~__fundamental_type_info__sub_object()</a>
 <LI><a href="#[522]">__cxxabiv1::__pointer_to_member_type_info::~__pointer_to_member_type_info()</a>
 <LI><a href="#[523]">__cxxabiv1::__pointer_to_member_type_info::~__pointer_to_member_type_info__sub_object()</a>
 <LI><a href="#[146]">__cxxabiv1::__class_type_info::~__class_type_info__deallocating()</a>
 <LI><a href="#[39e]">__cxxabiv1::__free_with_fallback(void*)</a>
 <LI><a href="#[14d]">__cxxabiv1::__si_class_type_info::~__si_class_type_info__deallocating()</a>
 <LI><a href="#[3a0]">__cxxabiv1::__calloc_with_fallback(unsigned, unsigned)</a>
 <LI><a href="#[151]">__cxxabiv1::__fundamental_type_info::~__fundamental_type_info__deallocating()</a>
 <LI><a href="#[3a2]">__cxxabiv1::__aligned_free_with_fallback(void*)</a>
 <LI><a href="#[3a3]">__cxxabiv1::__aligned_malloc_with_fallback(unsigned)</a>
 <LI><a href="#[162]">libunwind::UnwindCursor&lang;libunwind::LocalAddressSpace, libunwind::Registers_arm&rang;::saveVFPAsX()</a>
 <LI><a href="#[159]">libunwind::UnwindCursor&lang;libunwind::LocalAddressSpace, libunwind::Registers_arm&rang;::getFloatReg(int)</a>
 <LI><a href="#[15a]">libunwind::UnwindCursor&lang;libunwind::LocalAddressSpace, libunwind::Registers_arm&rang;::setFloatReg(int, unsigned long long)</a>
 <LI><a href="#[15e]">libunwind::UnwindCursor&lang;libunwind::LocalAddressSpace, libunwind::Registers_arm&rang;::isSignalFrame()</a>
 <LI><a href="#[3fe]">libunwind::UnwindCursor&lang;libunwind::LocalAddressSpace, libunwind::Registers_arm&rang;::stepWithEHABI()</a>
 <LI><a href="#[158]">libunwind::UnwindCursor&lang;libunwind::LocalAddressSpace, libunwind::Registers_arm&rang;::validFloatReg(int)</a>
 <LI><a href="#[15f]">libunwind::UnwindCursor&lang;libunwind::LocalAddressSpace, libunwind::Registers_arm&rang;::getFunctionName(char*, unsigned, unsigned*)</a>
 <LI><a href="#[161]">libunwind::UnwindCursor&lang;libunwind::LocalAddressSpace, libunwind::Registers_arm&rang;::getRegisterName(int)</a>
 <LI><a href="#[401]">libunwind::UnwindCursor&lang;libunwind::LocalAddressSpace, libunwind::Registers_arm&rang;::getInfoFromEHABISection(unsigned, const libunwind::UnwindInfoSections&)</a>
 <LI><a href="#[160]">libunwind::UnwindCursor&lang;libunwind::LocalAddressSpace, libunwind::Registers_arm&rang;::setInfoBasedOnIPRegister(bool)</a>
 <LI><a href="#[15b]">libunwind::UnwindCursor&lang;libunwind::LocalAddressSpace, libunwind::Registers_arm&rang;::step()</a>
 <LI><a href="#[156]">libunwind::UnwindCursor&lang;libunwind::LocalAddressSpace, libunwind::Registers_arm&rang;::getReg(int)</a>
 <LI><a href="#[15d]">libunwind::UnwindCursor&lang;libunwind::LocalAddressSpace, libunwind::Registers_arm&rang;::jumpto()</a>
 <LI><a href="#[157]">libunwind::UnwindCursor&lang;libunwind::LocalAddressSpace, libunwind::Registers_arm&rang;::setReg(int, unsigned)</a>
 <LI><a href="#[15c]">libunwind::UnwindCursor&lang;libunwind::LocalAddressSpace, libunwind::Registers_arm&rang;::getInfo(unw_proc_info_t*)</a>
 <LI><a href="#[155]">libunwind::UnwindCursor&lang;libunwind::LocalAddressSpace, libunwind::Registers_arm&rang;::validReg(int)</a>
 <LI><a href="#[154]">libunwind::UnwindCursor&lang;libunwind::LocalAddressSpace, libunwind::Registers_arm&rang;::~UnwindCursor__deallocating()</a>
 <LI><a href="#[400]">libunwind::Registers_arm::getRegisterName(int)</a>
 <LI><a href="#[403]">libunwind::Registers_arm::restoreSavedFloatRegisters()</a>
 <LI><a href="#[153]">libunwind::AbstractUnwindCursor::~AbstractUnwindCursor__sub_object()</a>
 <LI><a href="#[147]">__cxxabiv1::__shim_type_info::noop1() const</a>
 <LI><a href="#[148]">__cxxabiv1::__shim_type_info::noop2() const</a>
 <LI><a href="#[14a]">__cxxabiv1::__class_type_info::search_above_dst(__cxxabiv1::__dynamic_cast_info*, const void*, const void*, int, bool) const</a>
 <LI><a href="#[14b]">__cxxabiv1::__class_type_info::search_below_dst(__cxxabiv1::__dynamic_cast_info*, const void*, int, bool) const</a>
 <LI><a href="#[14c]">__cxxabiv1::__class_type_info::has_unambiguous_public_base(__cxxabiv1::__dynamic_cast_info*, void*, int) const</a>
 <LI><a href="#[409]">__cxxabiv1::__class_type_info::process_static_type_above_dst(__cxxabiv1::__dynamic_cast_info*, const void*, const void*, int) const</a>
 <LI><a href="#[149]">__cxxabiv1::__class_type_info::can_catch(const __cxxabiv1::__shim_type_info*, void*&) const</a>
 <LI><a href="#[40b]">__cxxabiv1::__pbase_type_info::can_catch(const __cxxabiv1::__shim_type_info*, void*&) const</a>
 <LI><a href="#[40c]">__cxxabiv1::__pointer_type_info::can_catch_nested(const __cxxabiv1::__shim_type_info*) const</a>
 <LI><a href="#[40e]">__cxxabiv1::__pointer_type_info::can_catch(const __cxxabiv1::__shim_type_info*, void*&) const</a>
 <LI><a href="#[14e]">__cxxabiv1::__si_class_type_info::search_above_dst(__cxxabiv1::__dynamic_cast_info*, const void*, const void*, int, bool) const</a>
 <LI><a href="#[14f]">__cxxabiv1::__si_class_type_info::search_below_dst(__cxxabiv1::__dynamic_cast_info*, const void*, int, bool) const</a>
 <LI><a href="#[150]">__cxxabiv1::__si_class_type_info::has_unambiguous_public_base(__cxxabiv1::__dynamic_cast_info*, void*, int) const</a>
 <LI><a href="#[40f]">__cxxabiv1::__vmi_class_type_info::search_above_dst(__cxxabiv1::__dynamic_cast_info*, const void*, const void*, int, bool) const</a>
 <LI><a href="#[152]">__cxxabiv1::__fundamental_type_info::can_catch(const __cxxabiv1::__shim_type_info*, void*&) const</a>
 <LI><a href="#[40d]">__cxxabiv1::__pointer_to_member_type_info::can_catch_nested(const __cxxabiv1::__shim_type_info*) const</a>
 <LI><a href="#[410]">__cxxabiv1::__pointer_to_member_type_info::can_catch(const __cxxabiv1::__shim_type_info*, void*&) const</a>
 <LI><a href="#[164]">std::bad_exception::what() const</a>
 <LI><a href="#[166]">std::bad_array_length::what() const</a>
 <LI><a href="#[168]">std::bad_array_new_length::what() const</a>
 <LI><a href="#[16a]">std::bad_alloc::what() const</a>
 <LI><a href="#[163]">std::bad_exception::~bad_exception__deallocating()</a>
 <LI><a href="#[532]">std::bad_array_length::bad_array_length()</a>
 <LI><a href="#[533]">std::bad_array_length::bad_array_length__sub_object()</a>
 <LI><a href="#[165]">std::bad_array_length::~bad_array_length__deallocating()</a>
 <LI><a href="#[534]">std::bad_array_new_length::bad_array_new_length()</a>
 <LI><a href="#[535]">std::bad_array_new_length::bad_array_new_length__sub_object()</a>
 <LI><a href="#[167]">std::bad_array_new_length::~bad_array_new_length__deallocating()</a>
 <LI><a href="#[402]">T2 std::__1::__upper_bound&lang;std::__1::__less&lang;unsigned, unsigned&rang;&, libunwind::EHABISectionIterator&lang;libunwind::LocalAddressSpace&rang;, unsigned&rang;(T2, T2, const T3&, T1)</a>
 <LI><a href="#[536]">std::bad_alloc::bad_alloc()</a>
 <LI><a href="#[537]">std::bad_alloc::bad_alloc__sub_object()</a>
 <LI><a href="#[169]">std::bad_alloc::~bad_alloc__deallocating()</a>
 <LI><a href="#[3]">std::bad_exception::~bad_exception()</a>
 <LI><a href="#[538]">std::bad_exception::~bad_exception__sub_object()</a>
 <LI><a href="#[539]">std::bad_array_length::~bad_array_length()</a>
 <LI><a href="#[53a]">std::bad_array_length::~bad_array_length__sub_object()</a>
 <LI><a href="#[53b]">std::bad_array_new_length::~bad_array_new_length()</a>
 <LI><a href="#[53c]">std::bad_array_new_length::~bad_array_new_length__sub_object()</a>
 <LI><a href="#[53d]">std::bad_alloc::~bad_alloc()</a>
 <LI><a href="#[53e]">std::bad_alloc::~bad_alloc__sub_object()</a>
 <LI><a href="#[53f]">std::exception::~exception()</a>
 <LI><a href="#[c]">std::exception::~exception__sub_object()</a>
 <LI><a href="#[540]">std::type_info::~type_info()</a>
 <LI><a href="#[a]">std::type_info::~type_info__sub_object()</a>
 <LI><a href="#[411]">std::unexpected()</a>
 <LI><a href="#[3aa]">std::__terminate(void(*)())</a>
 <LI><a href="#[412]">std::__unexpected(void(*)())</a>
 <LI><a href="#[420]">std::get_terminate()</a>
 <LI><a href="#[541]">std::set_terminate(void(*)())</a>
 <LI><a href="#[421]">std::get_unexpected()</a>
 <LI><a href="#[542]">std::set_unexpected(void(*)())</a>
 <LI><a href="#[25]">std::terminate()</a>
 <LI><a href="#[416]">operator delete[] (void*)</a>
 <LI><a href="#[417]">operator delete[] (void*, const std::nothrow_t&)</a>
 <LI><a href="#[418]">operator delete[] (void*, unsigned)</a>
 <LI><a href="#[39d]">operator delete (void*)</a>
 <LI><a href="#[419]">operator delete (void*, const std::nothrow_t&)</a>
 <LI><a href="#[41a]">operator delete (void*, unsigned)</a>
 <LI><a href="#[139]">__aeabi_unwind_cpp_pr0</a>
 <LI><a href="#[13a]">__aeabi_unwind_cpp_pr1</a>
 <LI><a href="#[13b]">__aeabi_unwind_cpp_pr2</a>
 <LI><a href="#[41b]">__cxa_allocate_dependent_exception</a>
 <LI><a href="#[41c]">__cxa_allocate_exception</a>
 <LI><a href="#[3a9]">__cxa_begin_catch</a>
 <LI><a href="#[41f]">__cxa_begin_cleanup</a>
 <LI><a href="#[41d]">__cxa_call_unexpected</a>
 <LI><a href="#[3ac]">__cxa_decrement_exception_refcount</a>
 <LI><a href="#[414]">__cxa_end_catch</a>
 <LI><a href="#[41e]">__cxa_get_globals</a>
 <LI><a href="#[415]">__cxa_get_globals_fast</a>
 <LI><a href="#[384]">__cxa_guard_acquire</a>
 <LI><a href="#[423]">__cxa_rethrow</a>
 <LI><a href="#[425]">__cxa_rethrow_primary_exception</a>
 <LI><a href="#[422]">__cxa_throw</a>
 <LI><a href="#[40a]">__dynamic_cast</a>
 <LI><a href="#[426]">__gnu_unwind_frame</a>
 <LI><a href="#[144]">__gxx_personality_v0</a>
 <LI><a href="#[413]">abort_message</a>
 <LI><a href="#[3ff]">decode_eht_entry</a>
 <LI><a href="#[35b]">unw_get_fpreg</a>
 <LI><a href="#[351]">unw_get_proc_info</a>
 <LI><a href="#[359]">unw_get_reg</a>
 <LI><a href="#[355]">unw_init_local</a>
 <LI><a href="#[395]">unw_resume</a>
 <LI><a href="#[35a]">unw_save_vfp_as_X</a>
 <LI><a href="#[360]">unw_set_fpreg</a>
 <LI><a href="#[35e]">unw_set_reg</a>
 <LI><a href="#[3c0]">unw_step</a>
 <LI><a href="#[3a8]">_ZN10__cxxabiv1L12failed_throwEPNS_15__cxa_exceptionE</a>
 <LI><a href="#[13d]">_ZN10__cxxabiv1L22exception_cleanup_funcE19_Unwind_Reason_CodeP21_Unwind_Control_Block</a>
 <LI><a href="#[13c]">_ZN10__cxxabiv1L27dependent_exception_cleanupE19_Unwind_Reason_CodeP21_Unwind_Control_Block</a>
 <LI><a href="#[16e]">__cxa_end_cleanup_impl</a>
 <LI><a href="#[3a4]">_ZN10__cxxabiv1L11scan_eh_tabERNS_12_GLOBAL__N_112scan_resultsE14_Unwind_ActionbP21_Unwind_Control_BlockP15_Unwind_Context</a>
 <LI><a href="#[3ab]">_ZN10__cxxabiv1L13set_registersEP21_Unwind_Control_BlockP15_Unwind_ContextRKNS_12_GLOBAL__N_112scan_resultsE</a>
 <LI><a href="#[3a6]">_ZN10__cxxabiv1L14call_terminateEbP21_Unwind_Control_Block</a>
 <LI><a href="#[3a5]">_ZN10__cxxabiv1L18readEncodedPointerEPPKhh</a>
 <LI><a href="#[3a7]">_ZN10__cxxabiv1L24exception_spec_can_catchExPKhhPKNS_16__shim_type_infoEPvP21_Unwind_Control_Block</a>
 <LI><a href="#[356]">_ZL13unwind_phase2P13unw_context_tP12unw_cursor_tP21_Unwind_Control_Blockb</a>
 <LI><a href="#[3bf]">&lang;unnamed namespace 1&rang;::unwindOneFrame(unsigned, _Unwind_Control_Block*, _Unwind_Context*)</a>
 <LI><a href="#[39f]">&lang;unnamed namespace 1&rang;::fallback_free(void*)</a>
 <LI><a href="#[3a1]">&lang;unnamed namespace 1&rang;::fallback_malloc(unsigned)</a>
</UL>
</UL>
<P>
<H3>
Mutually Recursive functions
</H3> <LI><a href="#[a7]">ADC3_IRQHandler</a>&nbsp;&nbsp;&nbsp;&rArr;&nbsp;&nbsp;&nbsp;<a href="#[a7]">ADC3_IRQHandler</a><BR>
 <LI><a href="#[2a]">BusFault_Handler</a>&nbsp;&nbsp;&nbsp;&rArr;&nbsp;&nbsp;&nbsp;<a href="#[2a]">BusFault_Handler</a><BR>
 <LI><a href="#[28]">HardFault_Handler</a>&nbsp;&nbsp;&nbsp;&rArr;&nbsp;&nbsp;&nbsp;<a href="#[28]">HardFault_Handler</a><BR>
 <LI><a href="#[29]">MemManage_Handler</a>&nbsp;&nbsp;&nbsp;&rArr;&nbsp;&nbsp;&nbsp;<a href="#[29]">MemManage_Handler</a><BR>
 <LI><a href="#[27]">NMI_Handler</a>&nbsp;&nbsp;&nbsp;&rArr;&nbsp;&nbsp;&nbsp;<a href="#[27]">NMI_Handler</a><BR>
 <LI><a href="#[2ea]">UART_EndRxTransfer</a>&nbsp;&nbsp;&nbsp;&rArr;&nbsp;&nbsp;&nbsp;<a href="#[2ea]">UART_EndRxTransfer</a><BR>
 <LI><a href="#[2b]">UsageFault_Handler</a>&nbsp;&nbsp;&nbsp;&rArr;&nbsp;&nbsp;&nbsp;<a href="#[2b]">UsageFault_Handler</a><BR>
 <LI><a href="#[2e9]">UART_EndTxTransfer</a>&nbsp;&nbsp;&nbsp;&rArr;&nbsp;&nbsp;&nbsp;<a href="#[2e9]">UART_EndTxTransfer</a><BR>
 <LI><a href="#[25]">std::terminate()</a>&nbsp;&nbsp;&nbsp;&rArr;&nbsp;&nbsp;&nbsp;<a href="#[3df]">__clang_call_terminate</a><BR>
 <LI><a href="#[3aa]">std::__terminate(void(*)())</a>&nbsp;&nbsp;&nbsp;&rArr;&nbsp;&nbsp;&nbsp;<a href="#[3a9]">__cxa_begin_catch</a><BR>
 <LI><a href="#[41d]">__cxa_call_unexpected</a>&nbsp;&nbsp;&nbsp;&rArr;&nbsp;&nbsp;&nbsp;<a href="#[3a9]">__cxa_begin_catch</a><BR>
 <LI><a href="#[3a6]">_ZN10__cxxabiv1L14call_terminateEbP21_Unwind_Control_Block</a>&nbsp;&nbsp;&nbsp;&rArr;&nbsp;&nbsp;&nbsp;<a href="#[3a9]">__cxa_begin_catch</a><BR>
 <LI><a href="#[3a8]">_ZN10__cxxabiv1L12failed_throwEPNS_15__cxa_exceptionE</a>&nbsp;&nbsp;&nbsp;&rArr;&nbsp;&nbsp;&nbsp;<a href="#[3a9]">__cxa_begin_catch</a><BR>
 <LI><a href="#[423]">__cxa_rethrow</a>&nbsp;&nbsp;&nbsp;&rArr;&nbsp;&nbsp;&nbsp;<a href="#[3a9]">__cxa_begin_catch</a><BR>
 <LI><a href="#[41c]">__cxa_allocate_exception</a>&nbsp;&nbsp;&nbsp;&rArr;&nbsp;&nbsp;&nbsp;<a href="#[25]">std::terminate()</a><BR>
</UL>
<P>
<H3>
Function Pointers
</H3><UL>
 <LI><a href="#[a7]">ADC3_IRQHandler</a> from startup_stm32h743xx.o(.text) referenced from startup_stm32h743xx.o(RESET)
 <LI><a href="#[42]">ADC_IRQHandler</a> from startup_stm32h743xx.o(.text) referenced from startup_stm32h743xx.o(RESET)
 <LI><a href="#[a9]">BDMA_Channel0_IRQHandler</a> from startup_stm32h743xx.o(.text) referenced from startup_stm32h743xx.o(RESET)
 <LI><a href="#[aa]">BDMA_Channel1_IRQHandler</a> from startup_stm32h743xx.o(.text) referenced from startup_stm32h743xx.o(RESET)
 <LI><a href="#[ab]">BDMA_Channel2_IRQHandler</a> from startup_stm32h743xx.o(.text) referenced from startup_stm32h743xx.o(RESET)
 <LI><a href="#[ac]">BDMA_Channel3_IRQHandler</a> from startup_stm32h743xx.o(.text) referenced from startup_stm32h743xx.o(RESET)
 <LI><a href="#[ad]">BDMA_Channel4_IRQHandler</a> from startup_stm32h743xx.o(.text) referenced from startup_stm32h743xx.o(RESET)
 <LI><a href="#[ae]">BDMA_Channel5_IRQHandler</a> from startup_stm32h743xx.o(.text) referenced from startup_stm32h743xx.o(RESET)
 <LI><a href="#[af]">BDMA_Channel6_IRQHandler</a> from startup_stm32h743xx.o(.text) referenced from startup_stm32h743xx.o(RESET)
 <LI><a href="#[b0]">BDMA_Channel7_IRQHandler</a> from startup_stm32h743xx.o(.text) referenced from startup_stm32h743xx.o(RESET)
 <LI><a href="#[2a]">BusFault_Handler</a> from stm32h7xx_it.o(.text.BusFault_Handler) referenced from startup_stm32h743xx.o(RESET)
 <LI><a href="#[21]">CDC_Control_FS</a> from usbd_cdc_if.o(.text.CDC_Control_FS) referenced 2 times from usbd_cdc_if.o(.data.USBD_Interface_fops_FS)
 <LI><a href="#[20]">CDC_DeInit_FS</a> from usbd_cdc_if.o(.text.CDC_DeInit_FS) referenced 2 times from usbd_cdc_if.o(.data.USBD_Interface_fops_FS)
 <LI><a href="#[1f]">CDC_Init_FS</a> from usbd_cdc_if.o(.text.CDC_Init_FS) referenced 2 times from usbd_cdc_if.o(.data.USBD_Interface_fops_FS)
 <LI><a href="#[22]">CDC_Receive_FS</a> from usbd_cdc_if.o(.text.CDC_Receive_FS) referenced 2 times from usbd_cdc_if.o(.data.USBD_Interface_fops_FS)
 <LI><a href="#[23]">CDC_TransmitCplt_FS</a> from usbd_cdc_if.o(.text.CDC_TransmitCplt_FS) referenced 2 times from usbd_cdc_if.o(.data.USBD_Interface_fops_FS)
 <LI><a href="#[88]">CEC_IRQHandler</a> from startup_stm32h743xx.o(.text) referenced from startup_stm32h743xx.o(RESET)
 <LI><a href="#[b1]">COMP1_IRQHandler</a> from startup_stm32h743xx.o(.text) referenced from startup_stm32h743xx.o(RESET)
 <LI><a href="#[b7]">CRS_IRQHandler</a> from startup_stm32h743xx.o(.text) referenced from startup_stm32h743xx.o(RESET)
 <LI><a href="#[79]">DCMI_IRQHandler</a> from startup_stm32h743xx.o(.text) referenced from startup_stm32h743xx.o(RESET)
 <LI><a href="#[98]">DFSDM1_FLT0_IRQHandler</a> from startup_stm32h743xx.o(.text) referenced from startup_stm32h743xx.o(RESET)
 <LI><a href="#[99]">DFSDM1_FLT1_IRQHandler</a> from startup_stm32h743xx.o(.text) referenced from startup_stm32h743xx.o(RESET)
 <LI><a href="#[9a]">DFSDM1_FLT2_IRQHandler</a> from startup_stm32h743xx.o(.text) referenced from startup_stm32h743xx.o(RESET)
 <LI><a href="#[9b]">DFSDM1_FLT3_IRQHandler</a> from startup_stm32h743xx.o(.text) referenced from startup_stm32h743xx.o(RESET)
 <LI><a href="#[3b]">DMA1_Stream0_IRQHandler</a> from stm32h7xx_it.o(.text.DMA1_Stream0_IRQHandler) referenced from startup_stm32h743xx.o(RESET)
 <LI><a href="#[3c]">DMA1_Stream1_IRQHandler</a> from stm32h7xx_it.o(.text.DMA1_Stream1_IRQHandler) referenced from startup_stm32h743xx.o(RESET)
 <LI><a href="#[3d]">DMA1_Stream2_IRQHandler</a> from startup_stm32h743xx.o(.text) referenced from startup_stm32h743xx.o(RESET)
 <LI><a href="#[3e]">DMA1_Stream3_IRQHandler</a> from startup_stm32h743xx.o(.text) referenced from startup_stm32h743xx.o(RESET)
 <LI><a href="#[3f]">DMA1_Stream4_IRQHandler</a> from startup_stm32h743xx.o(.text) referenced from startup_stm32h743xx.o(RESET)
 <LI><a href="#[40]">DMA1_Stream5_IRQHandler</a> from startup_stm32h743xx.o(.text) referenced from startup_stm32h743xx.o(RESET)
 <LI><a href="#[41]">DMA1_Stream6_IRQHandler</a> from startup_stm32h743xx.o(.text) referenced from startup_stm32h743xx.o(RESET)
 <LI><a href="#[5e]">DMA1_Stream7_IRQHandler</a> from startup_stm32h743xx.o(.text) referenced from startup_stm32h743xx.o(RESET)
 <LI><a href="#[84]">DMA2D_IRQHandler</a> from startup_stm32h743xx.o(.text) referenced from startup_stm32h743xx.o(RESET)
 <LI><a href="#[67]">DMA2_Stream0_IRQHandler</a> from startup_stm32h743xx.o(.text) referenced from startup_stm32h743xx.o(RESET)
 <LI><a href="#[68]">DMA2_Stream1_IRQHandler</a> from startup_stm32h743xx.o(.text) referenced from startup_stm32h743xx.o(RESET)
 <LI><a href="#[69]">DMA2_Stream2_IRQHandler</a> from startup_stm32h743xx.o(.text) referenced from startup_stm32h743xx.o(RESET)
 <LI><a href="#[6a]">DMA2_Stream3_IRQHandler</a> from startup_stm32h743xx.o(.text) referenced from startup_stm32h743xx.o(RESET)
 <LI><a href="#[6b]">DMA2_Stream4_IRQHandler</a> from startup_stm32h743xx.o(.text) referenced from startup_stm32h743xx.o(RESET)
 <LI><a href="#[6f]">DMA2_Stream5_IRQHandler</a> from startup_stm32h743xx.o(.text) referenced from startup_stm32h743xx.o(RESET)
 <LI><a href="#[70]">DMA2_Stream6_IRQHandler</a> from startup_stm32h743xx.o(.text) referenced from startup_stm32h743xx.o(RESET)
 <LI><a href="#[71]">DMA2_Stream7_IRQHandler</a> from startup_stm32h743xx.o(.text) referenced from startup_stm32h743xx.o(RESET)
 <LI><a href="#[90]">DMAMUX1_OVR_IRQHandler</a> from startup_stm32h743xx.o(.text) referenced from startup_stm32h743xx.o(RESET)
 <LI><a href="#[a8]">DMAMUX2_OVR_IRQHandler</a> from startup_stm32h743xx.o(.text) referenced from startup_stm32h743xx.o(RESET)
 <LI><a href="#[2d]">DebugMon_Handler</a> from stm32h7xx_it.o(.text.DebugMon_Handler) referenced from startup_stm32h743xx.o(RESET)
 <LI><a href="#[b8]">ECC_IRQHandler</a> from startup_stm32h743xx.o(.text) referenced from startup_stm32h743xx.o(RESET)
 <LI><a href="#[6c]">ETH_IRQHandler</a> from startup_stm32h743xx.o(.text) referenced from startup_stm32h743xx.o(RESET)
 <LI><a href="#[6d]">ETH_WKUP_IRQHandler</a> from startup_stm32h743xx.o(.text) referenced from startup_stm32h743xx.o(RESET)
 <LI><a href="#[36]">EXTI0_IRQHandler</a> from startup_stm32h743xx.o(.text) referenced from startup_stm32h743xx.o(RESET)
 <LI><a href="#[58]">EXTI15_10_IRQHandler</a> from startup_stm32h743xx.o(.text) referenced from startup_stm32h743xx.o(RESET)
 <LI><a href="#[37]">EXTI1_IRQHandler</a> from startup_stm32h743xx.o(.text) referenced from startup_stm32h743xx.o(RESET)
 <LI><a href="#[38]">EXTI2_IRQHandler</a> from startup_stm32h743xx.o(.text) referenced from startup_stm32h743xx.o(RESET)
 <LI><a href="#[39]">EXTI3_IRQHandler</a> from startup_stm32h743xx.o(.text) referenced from startup_stm32h743xx.o(RESET)
 <LI><a href="#[3a]">EXTI4_IRQHandler</a> from startup_stm32h743xx.o(.text) referenced from startup_stm32h743xx.o(RESET)
 <LI><a href="#[47]">EXTI9_5_IRQHandler</a> from startup_stm32h743xx.o(.text) referenced from startup_stm32h743xx.o(RESET)
 <LI><a href="#[43]">FDCAN1_IT0_IRQHandler</a> from startup_stm32h743xx.o(.text) referenced from startup_stm32h743xx.o(RESET)
 <LI><a href="#[45]">FDCAN1_IT1_IRQHandler</a> from startup_stm32h743xx.o(.text) referenced from startup_stm32h743xx.o(RESET)
 <LI><a href="#[44]">FDCAN2_IT0_IRQHandler</a> from startup_stm32h743xx.o(.text) referenced from startup_stm32h743xx.o(RESET)
 <LI><a href="#[46]">FDCAN2_IT1_IRQHandler</a> from startup_stm32h743xx.o(.text) referenced from startup_stm32h743xx.o(RESET)
 <LI><a href="#[6e]">FDCAN_CAL_IRQHandler</a> from startup_stm32h743xx.o(.text) referenced from startup_stm32h743xx.o(RESET)
 <LI><a href="#[34]">FLASH_IRQHandler</a> from startup_stm32h743xx.o(.text) referenced from startup_stm32h743xx.o(RESET)
 <LI><a href="#[5f]">FMC_IRQHandler</a> from startup_stm32h743xx.o(.text) referenced from startup_stm32h743xx.o(RESET)
 <LI><a href="#[7b]">FPU_IRQHandler</a> from startup_stm32h743xx.o(.text) referenced from startup_stm32h743xx.o(RESET)
 <LI><a href="#[12e]">HAL_GPIO_Init</a> from stm32h7xx_hal_gpio.o(.text.HAL_GPIO_Init) referenced from board.o(.text._Z12MX_GPIO_Initv)
 <LI><a href="#[125]">HAL_GPIO_WritePin</a> from stm32h7xx_hal_gpio.o(.text.HAL_GPIO_WritePin) referenced from oled.o(.text.OLED_Hw_Init)
 <LI><a href="#[ca]">HAL_I2C_AbortCpltCallback</a> from stm32h7xx_hal_i2c.o(.text.HAL_I2C_AbortCpltCallback) referenced from stm32h7xx_hal_i2c.o(.text.HAL_I2C_Init)
 <LI><a href="#[ca]">HAL_I2C_AbortCpltCallback</a> from stm32h7xx_hal_i2c.o(.text.HAL_I2C_AbortCpltCallback) referenced from stm32h7xx_hal_i2c.o(.text.HAL_I2C_UnRegisterCallback)
 <LI><a href="#[cb]">HAL_I2C_AddrCallback</a> from stm32h7xx_hal_i2c.o(.text.HAL_I2C_AddrCallback) referenced from stm32h7xx_hal_i2c.o(.text.HAL_I2C_Init)
 <LI><a href="#[cb]">HAL_I2C_AddrCallback</a> from stm32h7xx_hal_i2c.o(.text.HAL_I2C_AddrCallback) referenced from stm32h7xx_hal_i2c.o(.text.HAL_I2C_UnRegisterAddrCallback)
 <LI><a href="#[c9]">HAL_I2C_ErrorCallback</a> from stm32h7xx_hal_i2c.o(.text.HAL_I2C_ErrorCallback) referenced from stm32h7xx_hal_i2c.o(.text.HAL_I2C_Init)
 <LI><a href="#[c9]">HAL_I2C_ErrorCallback</a> from stm32h7xx_hal_i2c.o(.text.HAL_I2C_ErrorCallback) referenced from stm32h7xx_hal_i2c.o(.text.HAL_I2C_UnRegisterCallback)
 <LI><a href="#[c6]">HAL_I2C_ListenCpltCallback</a> from stm32h7xx_hal_i2c.o(.text.HAL_I2C_ListenCpltCallback) referenced from stm32h7xx_hal_i2c.o(.text.HAL_I2C_Init)
 <LI><a href="#[c6]">HAL_I2C_ListenCpltCallback</a> from stm32h7xx_hal_i2c.o(.text.HAL_I2C_ListenCpltCallback) referenced from stm32h7xx_hal_i2c.o(.text.HAL_I2C_UnRegisterCallback)
 <LI><a href="#[c3]">HAL_I2C_MasterRxCpltCallback</a> from stm32h7xx_hal_i2c.o(.text.HAL_I2C_MasterRxCpltCallback) referenced from stm32h7xx_hal_i2c.o(.text.HAL_I2C_Init)
 <LI><a href="#[c3]">HAL_I2C_MasterRxCpltCallback</a> from stm32h7xx_hal_i2c.o(.text.HAL_I2C_MasterRxCpltCallback) referenced from stm32h7xx_hal_i2c.o(.text.HAL_I2C_UnRegisterCallback)
 <LI><a href="#[c2]">HAL_I2C_MasterTxCpltCallback</a> from stm32h7xx_hal_i2c.o(.text.HAL_I2C_MasterTxCpltCallback) referenced from stm32h7xx_hal_i2c.o(.text.HAL_I2C_Init)
 <LI><a href="#[c2]">HAL_I2C_MasterTxCpltCallback</a> from stm32h7xx_hal_i2c.o(.text.HAL_I2C_MasterTxCpltCallback) referenced from stm32h7xx_hal_i2c.o(.text.HAL_I2C_UnRegisterCallback)
 <LI><a href="#[c8]">HAL_I2C_MemRxCpltCallback</a> from stm32h7xx_hal_i2c.o(.text.HAL_I2C_MemRxCpltCallback) referenced from stm32h7xx_hal_i2c.o(.text.HAL_I2C_Init)
 <LI><a href="#[c8]">HAL_I2C_MemRxCpltCallback</a> from stm32h7xx_hal_i2c.o(.text.HAL_I2C_MemRxCpltCallback) referenced from stm32h7xx_hal_i2c.o(.text.HAL_I2C_UnRegisterCallback)
 <LI><a href="#[c7]">HAL_I2C_MemTxCpltCallback</a> from stm32h7xx_hal_i2c.o(.text.HAL_I2C_MemTxCpltCallback) referenced from stm32h7xx_hal_i2c.o(.text.HAL_I2C_Init)
 <LI><a href="#[c7]">HAL_I2C_MemTxCpltCallback</a> from stm32h7xx_hal_i2c.o(.text.HAL_I2C_MemTxCpltCallback) referenced from stm32h7xx_hal_i2c.o(.text.HAL_I2C_UnRegisterCallback)
 <LI><a href="#[d8]">HAL_I2C_MspDeInit</a> from stm32h7xx_hal_msp.o(.text.HAL_I2C_MspDeInit) referenced from stm32h7xx_hal_i2c.o(.text.HAL_I2C_UnRegisterCallback)
 <LI><a href="#[cc]">HAL_I2C_MspInit</a> from stm32h7xx_hal_msp.o(.text.HAL_I2C_MspInit) referenced from stm32h7xx_hal_i2c.o(.text.HAL_I2C_Init)
 <LI><a href="#[cc]">HAL_I2C_MspInit</a> from stm32h7xx_hal_msp.o(.text.HAL_I2C_MspInit) referenced from stm32h7xx_hal_i2c.o(.text.HAL_I2C_UnRegisterCallback)
 <LI><a href="#[c5]">HAL_I2C_SlaveRxCpltCallback</a> from stm32h7xx_hal_i2c.o(.text.HAL_I2C_SlaveRxCpltCallback) referenced from stm32h7xx_hal_i2c.o(.text.HAL_I2C_Init)
 <LI><a href="#[c5]">HAL_I2C_SlaveRxCpltCallback</a> from stm32h7xx_hal_i2c.o(.text.HAL_I2C_SlaveRxCpltCallback) referenced from stm32h7xx_hal_i2c.o(.text.HAL_I2C_UnRegisterCallback)
 <LI><a href="#[c4]">HAL_I2C_SlaveTxCpltCallback</a> from stm32h7xx_hal_i2c.o(.text.HAL_I2C_SlaveTxCpltCallback) referenced from stm32h7xx_hal_i2c.o(.text.HAL_I2C_Init)
 <LI><a href="#[c4]">HAL_I2C_SlaveTxCpltCallback</a> from stm32h7xx_hal_i2c.o(.text.HAL_I2C_SlaveTxCpltCallback) referenced from stm32h7xx_hal_i2c.o(.text.HAL_I2C_UnRegisterCallback)
 <LI><a href="#[e2]">HAL_SPI_AbortCpltCallback</a> from stm32h7xx_hal_spi.o(.text.HAL_SPI_AbortCpltCallback) referenced from stm32h7xx_hal_spi.o(.text.HAL_SPI_Init)
 <LI><a href="#[e2]">HAL_SPI_AbortCpltCallback</a> from stm32h7xx_hal_spi.o(.text.HAL_SPI_AbortCpltCallback) referenced from stm32h7xx_hal_spi.o(.text.HAL_SPI_UnRegisterCallback)
 <LI><a href="#[e1]">HAL_SPI_ErrorCallback</a> from stm32h7xx_hal_spi.o(.text.HAL_SPI_ErrorCallback) referenced from stm32h7xx_hal_spi.o(.text.HAL_SPI_Init)
 <LI><a href="#[e1]">HAL_SPI_ErrorCallback</a> from stm32h7xx_hal_spi.o(.text.HAL_SPI_ErrorCallback) referenced from stm32h7xx_hal_spi.o(.text.HAL_SPI_UnRegisterCallback)
 <LI><a href="#[ec]">HAL_SPI_MspDeInit</a> from stm32h7xx_hal_msp.o(.text.HAL_SPI_MspDeInit) referenced from stm32h7xx_hal_spi.o(.text.HAL_SPI_UnRegisterCallback)
 <LI><a href="#[e4]">HAL_SPI_MspInit</a> from stm32h7xx_hal_msp.o(.text.HAL_SPI_MspInit) referenced from stm32h7xx_hal_spi.o(.text.HAL_SPI_Init)
 <LI><a href="#[e4]">HAL_SPI_MspInit</a> from stm32h7xx_hal_msp.o(.text.HAL_SPI_MspInit) referenced from stm32h7xx_hal_spi.o(.text.HAL_SPI_UnRegisterCallback)
 <LI><a href="#[dc]">HAL_SPI_RxCpltCallback</a> from stm32h7xx_hal_spi.o(.text.HAL_SPI_RxCpltCallback) referenced from stm32h7xx_hal_spi.o(.text.HAL_SPI_Init)
 <LI><a href="#[dc]">HAL_SPI_RxCpltCallback</a> from stm32h7xx_hal_spi.o(.text.HAL_SPI_RxCpltCallback) referenced from stm32h7xx_hal_spi.o(.text.HAL_SPI_UnRegisterCallback)
 <LI><a href="#[df]">HAL_SPI_RxHalfCpltCallback</a> from stm32h7xx_hal_spi.o(.text.HAL_SPI_RxHalfCpltCallback) referenced from stm32h7xx_hal_spi.o(.text.HAL_SPI_Init)
 <LI><a href="#[df]">HAL_SPI_RxHalfCpltCallback</a> from stm32h7xx_hal_spi.o(.text.HAL_SPI_RxHalfCpltCallback) referenced from stm32h7xx_hal_spi.o(.text.HAL_SPI_UnRegisterCallback)
 <LI><a href="#[e3]">HAL_SPI_SuspendCallback</a> from stm32h7xx_hal_spi.o(.text.HAL_SPI_SuspendCallback) referenced from stm32h7xx_hal_spi.o(.text.HAL_SPI_Init)
 <LI><a href="#[e3]">HAL_SPI_SuspendCallback</a> from stm32h7xx_hal_spi.o(.text.HAL_SPI_SuspendCallback) referenced from stm32h7xx_hal_spi.o(.text.HAL_SPI_UnRegisterCallback)
 <LI><a href="#[db]">HAL_SPI_TxCpltCallback</a> from stm32h7xx_hal_spi.o(.text.HAL_SPI_TxCpltCallback) referenced from stm32h7xx_hal_spi.o(.text.HAL_SPI_Init)
 <LI><a href="#[db]">HAL_SPI_TxCpltCallback</a> from stm32h7xx_hal_spi.o(.text.HAL_SPI_TxCpltCallback) referenced from stm32h7xx_hal_spi.o(.text.HAL_SPI_UnRegisterCallback)
 <LI><a href="#[de]">HAL_SPI_TxHalfCpltCallback</a> from stm32h7xx_hal_spi.o(.text.HAL_SPI_TxHalfCpltCallback) referenced from stm32h7xx_hal_spi.o(.text.HAL_SPI_Init)
 <LI><a href="#[de]">HAL_SPI_TxHalfCpltCallback</a> from stm32h7xx_hal_spi.o(.text.HAL_SPI_TxHalfCpltCallback) referenced from stm32h7xx_hal_spi.o(.text.HAL_SPI_UnRegisterCallback)
 <LI><a href="#[dd]">HAL_SPI_TxRxCpltCallback</a> from stm32h7xx_hal_spi.o(.text.HAL_SPI_TxRxCpltCallback) referenced from stm32h7xx_hal_spi.o(.text.HAL_SPI_Init)
 <LI><a href="#[dd]">HAL_SPI_TxRxCpltCallback</a> from stm32h7xx_hal_spi.o(.text.HAL_SPI_TxRxCpltCallback) referenced from stm32h7xx_hal_spi.o(.text.HAL_SPI_UnRegisterCallback)
 <LI><a href="#[e0]">HAL_SPI_TxRxHalfCpltCallback</a> from stm32h7xx_hal_spi.o(.text.HAL_SPI_TxRxHalfCpltCallback) referenced from stm32h7xx_hal_spi.o(.text.HAL_SPI_Init)
 <LI><a href="#[e0]">HAL_SPI_TxRxHalfCpltCallback</a> from stm32h7xx_hal_spi.o(.text.HAL_SPI_TxRxHalfCpltCallback) referenced from stm32h7xx_hal_spi.o(.text.HAL_SPI_UnRegisterCallback)
 <LI><a href="#[106]">HAL_TIMEx_Break2Callback</a> from stm32h7xx_hal_tim_ex.o(.text.HAL_TIMEx_Break2Callback) referenced from stm32h7xx_hal_tim.o(.text.HAL_TIM_UnRegisterCallback)
 <LI><a href="#[106]">HAL_TIMEx_Break2Callback</a> from stm32h7xx_hal_tim_ex.o(.text.HAL_TIMEx_Break2Callback) referenced from stm32h7xx_hal_tim.o(.text.TIM_ResetCallback)
 <LI><a href="#[107]">HAL_TIMEx_BreakCallback</a> from stm32h7xx_hal_tim_ex.o(.text.HAL_TIMEx_BreakCallback) referenced from stm32h7xx_hal_tim.o(.text.HAL_TIM_UnRegisterCallback)
 <LI><a href="#[107]">HAL_TIMEx_BreakCallback</a> from stm32h7xx_hal_tim_ex.o(.text.HAL_TIMEx_BreakCallback) referenced from stm32h7xx_hal_tim.o(.text.TIM_ResetCallback)
 <LI><a href="#[109]">HAL_TIMEx_CommutCallback</a> from stm32h7xx_hal_tim_ex.o(.text.HAL_TIMEx_CommutCallback) referenced from stm32h7xx_hal_tim.o(.text.HAL_TIM_UnRegisterCallback)
 <LI><a href="#[109]">HAL_TIMEx_CommutCallback</a> from stm32h7xx_hal_tim_ex.o(.text.HAL_TIMEx_CommutCallback) referenced from stm32h7xx_hal_tim.o(.text.TIM_ResetCallback)
 <LI><a href="#[108]">HAL_TIMEx_CommutHalfCpltCallback</a> from stm32h7xx_hal_tim_ex.o(.text.HAL_TIMEx_CommutHalfCpltCallback) referenced from stm32h7xx_hal_tim.o(.text.HAL_TIM_UnRegisterCallback)
 <LI><a href="#[108]">HAL_TIMEx_CommutHalfCpltCallback</a> from stm32h7xx_hal_tim_ex.o(.text.HAL_TIMEx_CommutHalfCpltCallback) referenced from stm32h7xx_hal_tim.o(.text.TIM_ResetCallback)
 <LI><a href="#[ef]">HAL_TIMEx_HallSensor_MspDeInit</a> from stm32h7xx_hal_tim_ex.o(.text.HAL_TIMEx_HallSensor_MspDeInit) referenced from stm32h7xx_hal_tim_ex.o(.text.HAL_TIMEx_HallSensor_DeInit)
 <LI><a href="#[ef]">HAL_TIMEx_HallSensor_MspDeInit</a> from stm32h7xx_hal_tim_ex.o(.text.HAL_TIMEx_HallSensor_MspDeInit) referenced from stm32h7xx_hal_tim.o(.text.HAL_TIM_UnRegisterCallback)
 <LI><a href="#[f0]">HAL_TIMEx_HallSensor_MspInit</a> from stm32h7xx_hal_tim_ex.o(.text.HAL_TIMEx_HallSensor_MspInit) referenced from stm32h7xx_hal_tim_ex.o(.text.HAL_TIMEx_HallSensor_Init)
 <LI><a href="#[f0]">HAL_TIMEx_HallSensor_MspInit</a> from stm32h7xx_hal_tim_ex.o(.text.HAL_TIMEx_HallSensor_MspInit) referenced from stm32h7xx_hal_tim.o(.text.HAL_TIM_UnRegisterCallback)
 <LI><a href="#[105]">HAL_TIM_Base_MspDeInit</a> from stm32h7xx_hal_msp.o(.text.HAL_TIM_Base_MspDeInit) referenced from stm32h7xx_hal_tim.o(.text.HAL_TIM_UnRegisterCallback)
 <LI><a href="#[f1]">HAL_TIM_Base_MspInit</a> from stm32h7xx_hal_msp.o(.text.HAL_TIM_Base_MspInit) referenced from stm32h7xx_hal_tim.o(.text.HAL_TIM_Base_Init)
 <LI><a href="#[f1]">HAL_TIM_Base_MspInit</a> from stm32h7xx_hal_msp.o(.text.HAL_TIM_Base_MspInit) referenced from stm32h7xx_hal_tim.o(.text.HAL_TIM_UnRegisterCallback)
 <LI><a href="#[fb]">HAL_TIM_Encoder_MspDeInit</a> from stm32h7xx_hal_tim.o(.text.HAL_TIM_Encoder_MspDeInit) referenced from stm32h7xx_hal_tim.o(.text.HAL_TIM_Encoder_DeInit)
 <LI><a href="#[fb]">HAL_TIM_Encoder_MspDeInit</a> from stm32h7xx_hal_tim.o(.text.HAL_TIM_Encoder_MspDeInit) referenced from stm32h7xx_hal_tim.o(.text.HAL_TIM_UnRegisterCallback)
 <LI><a href="#[fc]">HAL_TIM_Encoder_MspInit</a> from stm32h7xx_hal_tim.o(.text.HAL_TIM_Encoder_MspInit) referenced from stm32h7xx_hal_tim.o(.text.HAL_TIM_Encoder_Init)
 <LI><a href="#[fc]">HAL_TIM_Encoder_MspInit</a> from stm32h7xx_hal_tim.o(.text.HAL_TIM_Encoder_MspInit) referenced from stm32h7xx_hal_tim.o(.text.HAL_TIM_UnRegisterCallback)
 <LI><a href="#[10a]">HAL_TIM_ErrorCallback</a> from stm32h7xx_hal_tim.o(.text.HAL_TIM_ErrorCallback) referenced from stm32h7xx_hal_tim.o(.text.HAL_TIM_UnRegisterCallback)
 <LI><a href="#[10a]">HAL_TIM_ErrorCallback</a> from stm32h7xx_hal_tim.o(.text.HAL_TIM_ErrorCallback) referenced from stm32h7xx_hal_tim.o(.text.TIM_ResetCallback)
 <LI><a href="#[10f]">HAL_TIM_IC_CaptureCallback</a> from stm32h7xx_hal_tim.o(.text.HAL_TIM_IC_CaptureCallback) referenced from stm32h7xx_hal_tim.o(.text.HAL_TIM_UnRegisterCallback)
 <LI><a href="#[10f]">HAL_TIM_IC_CaptureCallback</a> from stm32h7xx_hal_tim.o(.text.HAL_TIM_IC_CaptureCallback) referenced from stm32h7xx_hal_tim.o(.text.TIM_ResetCallback)
 <LI><a href="#[10e]">HAL_TIM_IC_CaptureHalfCpltCallback</a> from stm32h7xx_hal_tim.o(.text.HAL_TIM_IC_CaptureHalfCpltCallback) referenced from stm32h7xx_hal_tim.o(.text.HAL_TIM_UnRegisterCallback)
 <LI><a href="#[10e]">HAL_TIM_IC_CaptureHalfCpltCallback</a> from stm32h7xx_hal_tim.o(.text.HAL_TIM_IC_CaptureHalfCpltCallback) referenced from stm32h7xx_hal_tim.o(.text.TIM_ResetCallback)
 <LI><a href="#[fd]">HAL_TIM_IC_MspDeInit</a> from stm32h7xx_hal_tim.o(.text.HAL_TIM_IC_MspDeInit) referenced from stm32h7xx_hal_tim.o(.text.HAL_TIM_IC_DeInit)
 <LI><a href="#[fd]">HAL_TIM_IC_MspDeInit</a> from stm32h7xx_hal_tim.o(.text.HAL_TIM_IC_MspDeInit) referenced from stm32h7xx_hal_tim.o(.text.HAL_TIM_UnRegisterCallback)
 <LI><a href="#[fe]">HAL_TIM_IC_MspInit</a> from stm32h7xx_hal_tim.o(.text.HAL_TIM_IC_MspInit) referenced from stm32h7xx_hal_tim.o(.text.HAL_TIM_IC_Init)
 <LI><a href="#[fe]">HAL_TIM_IC_MspInit</a> from stm32h7xx_hal_tim.o(.text.HAL_TIM_IC_MspInit) referenced from stm32h7xx_hal_tim.o(.text.HAL_TIM_UnRegisterCallback)
 <LI><a href="#[10d]">HAL_TIM_OC_DelayElapsedCallback</a> from stm32h7xx_hal_tim.o(.text.HAL_TIM_OC_DelayElapsedCallback) referenced from stm32h7xx_hal_tim.o(.text.HAL_TIM_UnRegisterCallback)
 <LI><a href="#[10d]">HAL_TIM_OC_DelayElapsedCallback</a> from stm32h7xx_hal_tim.o(.text.HAL_TIM_OC_DelayElapsedCallback) referenced from stm32h7xx_hal_tim.o(.text.TIM_ResetCallback)
 <LI><a href="#[ff]">HAL_TIM_OC_MspDeInit</a> from stm32h7xx_hal_tim.o(.text.HAL_TIM_OC_MspDeInit) referenced from stm32h7xx_hal_tim.o(.text.HAL_TIM_OC_DeInit)
 <LI><a href="#[ff]">HAL_TIM_OC_MspDeInit</a> from stm32h7xx_hal_tim.o(.text.HAL_TIM_OC_MspDeInit) referenced from stm32h7xx_hal_tim.o(.text.HAL_TIM_UnRegisterCallback)
 <LI><a href="#[100]">HAL_TIM_OC_MspInit</a> from stm32h7xx_hal_tim.o(.text.HAL_TIM_OC_MspInit) referenced from stm32h7xx_hal_tim.o(.text.HAL_TIM_OC_Init)
 <LI><a href="#[100]">HAL_TIM_OC_MspInit</a> from stm32h7xx_hal_tim.o(.text.HAL_TIM_OC_MspInit) referenced from stm32h7xx_hal_tim.o(.text.HAL_TIM_UnRegisterCallback)
 <LI><a href="#[101]">HAL_TIM_OnePulse_MspDeInit</a> from stm32h7xx_hal_tim.o(.text.HAL_TIM_OnePulse_MspDeInit) referenced from stm32h7xx_hal_tim.o(.text.HAL_TIM_OnePulse_DeInit)
 <LI><a href="#[101]">HAL_TIM_OnePulse_MspDeInit</a> from stm32h7xx_hal_tim.o(.text.HAL_TIM_OnePulse_MspDeInit) referenced from stm32h7xx_hal_tim.o(.text.HAL_TIM_UnRegisterCallback)
 <LI><a href="#[102]">HAL_TIM_OnePulse_MspInit</a> from stm32h7xx_hal_tim.o(.text.HAL_TIM_OnePulse_MspInit) referenced from stm32h7xx_hal_tim.o(.text.HAL_TIM_OnePulse_Init)
 <LI><a href="#[102]">HAL_TIM_OnePulse_MspInit</a> from stm32h7xx_hal_tim.o(.text.HAL_TIM_OnePulse_MspInit) referenced from stm32h7xx_hal_tim.o(.text.HAL_TIM_UnRegisterCallback)
 <LI><a href="#[103]">HAL_TIM_PWM_MspDeInit</a> from stm32h7xx_hal_tim.o(.text.HAL_TIM_PWM_MspDeInit) referenced from stm32h7xx_hal_tim.o(.text.HAL_TIM_PWM_DeInit)
 <LI><a href="#[103]">HAL_TIM_PWM_MspDeInit</a> from stm32h7xx_hal_tim.o(.text.HAL_TIM_PWM_MspDeInit) referenced from stm32h7xx_hal_tim.o(.text.HAL_TIM_UnRegisterCallback)
 <LI><a href="#[104]">HAL_TIM_PWM_MspInit</a> from stm32h7xx_hal_tim.o(.text.HAL_TIM_PWM_MspInit) referenced from stm32h7xx_hal_tim.o(.text.HAL_TIM_PWM_Init)
 <LI><a href="#[104]">HAL_TIM_PWM_MspInit</a> from stm32h7xx_hal_tim.o(.text.HAL_TIM_PWM_MspInit) referenced from stm32h7xx_hal_tim.o(.text.HAL_TIM_UnRegisterCallback)
 <LI><a href="#[10c]">HAL_TIM_PWM_PulseFinishedCallback</a> from stm32h7xx_hal_tim.o(.text.HAL_TIM_PWM_PulseFinishedCallback) referenced from stm32h7xx_hal_tim.o(.text.HAL_TIM_UnRegisterCallback)
 <LI><a href="#[10c]">HAL_TIM_PWM_PulseFinishedCallback</a> from stm32h7xx_hal_tim.o(.text.HAL_TIM_PWM_PulseFinishedCallback) referenced from stm32h7xx_hal_tim.o(.text.TIM_ResetCallback)
 <LI><a href="#[10b]">HAL_TIM_PWM_PulseFinishedHalfCpltCallback</a> from stm32h7xx_hal_tim.o(.text.HAL_TIM_PWM_PulseFinishedHalfCpltCallback) referenced from stm32h7xx_hal_tim.o(.text.HAL_TIM_UnRegisterCallback)
 <LI><a href="#[10b]">HAL_TIM_PWM_PulseFinishedHalfCpltCallback</a> from stm32h7xx_hal_tim.o(.text.HAL_TIM_PWM_PulseFinishedHalfCpltCallback) referenced from stm32h7xx_hal_tim.o(.text.TIM_ResetCallback)
 <LI><a href="#[138]">HAL_TIM_PWM_Start</a> from stm32h7xx_hal_tim.o(.text.HAL_TIM_PWM_Start) referenced from led.o(.text._ZN6LedPwm4initEv)
 <LI><a href="#[113]">HAL_TIM_PeriodElapsedCallback</a> from stm32h7xx_hal_timebase_tim.o(.text.HAL_TIM_PeriodElapsedCallback) referenced from stm32h7xx_hal_tim.o(.text.HAL_TIM_UnRegisterCallback)
 <LI><a href="#[113]">HAL_TIM_PeriodElapsedCallback</a> from stm32h7xx_hal_timebase_tim.o(.text.HAL_TIM_PeriodElapsedCallback) referenced from stm32h7xx_hal_tim.o(.text.TIM_ResetCallback)
 <LI><a href="#[112]">HAL_TIM_PeriodElapsedHalfCpltCallback</a> from stm32h7xx_hal_tim.o(.text.HAL_TIM_PeriodElapsedHalfCpltCallback) referenced from stm32h7xx_hal_tim.o(.text.HAL_TIM_UnRegisterCallback)
 <LI><a href="#[112]">HAL_TIM_PeriodElapsedHalfCpltCallback</a> from stm32h7xx_hal_tim.o(.text.HAL_TIM_PeriodElapsedHalfCpltCallback) referenced from stm32h7xx_hal_tim.o(.text.TIM_ResetCallback)
 <LI><a href="#[111]">HAL_TIM_TriggerCallback</a> from stm32h7xx_hal_tim.o(.text.HAL_TIM_TriggerCallback) referenced from stm32h7xx_hal_tim.o(.text.HAL_TIM_UnRegisterCallback)
 <LI><a href="#[111]">HAL_TIM_TriggerCallback</a> from stm32h7xx_hal_tim.o(.text.HAL_TIM_TriggerCallback) referenced from stm32h7xx_hal_tim.o(.text.TIM_ResetCallback)
 <LI><a href="#[110]">HAL_TIM_TriggerHalfCpltCallback</a> from stm32h7xx_hal_tim.o(.text.HAL_TIM_TriggerHalfCpltCallback) referenced from stm32h7xx_hal_tim.o(.text.HAL_TIM_UnRegisterCallback)
 <LI><a href="#[110]">HAL_TIM_TriggerHalfCpltCallback</a> from stm32h7xx_hal_tim.o(.text.HAL_TIM_TriggerHalfCpltCallback) referenced from stm32h7xx_hal_tim.o(.text.TIM_ResetCallback)
 <LI><a href="#[124]">HAL_UARTEx_RxEventCallback</a> from stm32h7xx_hal_uart.o(.text.HAL_UARTEx_RxEventCallback) referenced from stm32h7xx_hal_uart.o(.text.HAL_UART_UnRegisterRxEventCallback)
 <LI><a href="#[124]">HAL_UARTEx_RxEventCallback</a> from stm32h7xx_hal_uart.o(.text.HAL_UARTEx_RxEventCallback) referenced from stm32h7xx_hal_uart.o(.text.UART_InitCallbacksToDefault)
 <LI><a href="#[11a]">HAL_UARTEx_RxFifoFullCallback</a> from stm32h7xx_hal_uart_ex.o(.text.HAL_UARTEx_RxFifoFullCallback) referenced from stm32h7xx_hal_uart.o(.text.HAL_UART_UnRegisterCallback)
 <LI><a href="#[11a]">HAL_UARTEx_RxFifoFullCallback</a> from stm32h7xx_hal_uart_ex.o(.text.HAL_UARTEx_RxFifoFullCallback) referenced from stm32h7xx_hal_uart.o(.text.UART_InitCallbacksToDefault)
 <LI><a href="#[119]">HAL_UARTEx_TxFifoEmptyCallback</a> from stm32h7xx_hal_uart_ex.o(.text.HAL_UARTEx_TxFifoEmptyCallback) referenced from stm32h7xx_hal_uart.o(.text.HAL_UART_UnRegisterCallback)
 <LI><a href="#[119]">HAL_UARTEx_TxFifoEmptyCallback</a> from stm32h7xx_hal_uart_ex.o(.text.HAL_UARTEx_TxFifoEmptyCallback) referenced from stm32h7xx_hal_uart.o(.text.UART_InitCallbacksToDefault)
 <LI><a href="#[11b]">HAL_UARTEx_WakeupCallback</a> from stm32h7xx_hal_uart_ex.o(.text.HAL_UARTEx_WakeupCallback) referenced from stm32h7xx_hal_uart.o(.text.HAL_UART_UnRegisterCallback)
 <LI><a href="#[11b]">HAL_UARTEx_WakeupCallback</a> from stm32h7xx_hal_uart_ex.o(.text.HAL_UARTEx_WakeupCallback) referenced from stm32h7xx_hal_uart.o(.text.UART_InitCallbacksToDefault)
 <LI><a href="#[11e]">HAL_UART_AbortCpltCallback</a> from stm32h7xx_hal_uart.o(.text.HAL_UART_AbortCpltCallback) referenced from stm32h7xx_hal_uart.o(.text.HAL_UART_UnRegisterCallback)
 <LI><a href="#[11e]">HAL_UART_AbortCpltCallback</a> from stm32h7xx_hal_uart.o(.text.HAL_UART_AbortCpltCallback) referenced from stm32h7xx_hal_uart.o(.text.UART_InitCallbacksToDefault)
 <LI><a href="#[11c]">HAL_UART_AbortReceiveCpltCallback</a> from stm32h7xx_hal_uart.o(.text.HAL_UART_AbortReceiveCpltCallback) referenced from stm32h7xx_hal_uart.o(.text.HAL_UART_UnRegisterCallback)
 <LI><a href="#[11c]">HAL_UART_AbortReceiveCpltCallback</a> from stm32h7xx_hal_uart.o(.text.HAL_UART_AbortReceiveCpltCallback) referenced from stm32h7xx_hal_uart.o(.text.UART_InitCallbacksToDefault)
 <LI><a href="#[11d]">HAL_UART_AbortTransmitCpltCallback</a> from stm32h7xx_hal_uart.o(.text.HAL_UART_AbortTransmitCpltCallback) referenced from stm32h7xx_hal_uart.o(.text.HAL_UART_UnRegisterCallback)
 <LI><a href="#[11d]">HAL_UART_AbortTransmitCpltCallback</a> from stm32h7xx_hal_uart.o(.text.HAL_UART_AbortTransmitCpltCallback) referenced from stm32h7xx_hal_uart.o(.text.UART_InitCallbacksToDefault)
 <LI><a href="#[11f]">HAL_UART_ErrorCallback</a> from stm32h7xx_hal_uart.o(.text.HAL_UART_ErrorCallback) referenced from stm32h7xx_hal_uart.o(.text.HAL_UART_UnRegisterCallback)
 <LI><a href="#[11f]">HAL_UART_ErrorCallback</a> from stm32h7xx_hal_uart.o(.text.HAL_UART_ErrorCallback) referenced from stm32h7xx_hal_uart.o(.text.UART_InitCallbacksToDefault)
 <LI><a href="#[114]">HAL_UART_MspDeInit</a> from stm32h7xx_hal_msp.o(.text.HAL_UART_MspDeInit) referenced from stm32h7xx_hal_uart.o(.text.HAL_UART_DeInit)
 <LI><a href="#[114]">HAL_UART_MspDeInit</a> from stm32h7xx_hal_msp.o(.text.HAL_UART_MspDeInit) referenced from stm32h7xx_hal_uart.o(.text.HAL_UART_UnRegisterCallback)
 <LI><a href="#[c0]">HAL_UART_MspInit</a> from stm32h7xx_hal_msp.o(.text.HAL_UART_MspInit) referenced from stm32h7xx_hal_uart.o(.text.HAL_HalfDuplex_Init)
 <LI><a href="#[c0]">HAL_UART_MspInit</a> from stm32h7xx_hal_msp.o(.text.HAL_UART_MspInit) referenced from stm32h7xx_hal_uart.o(.text.HAL_MultiProcessor_Init)
 <LI><a href="#[c0]">HAL_UART_MspInit</a> from stm32h7xx_hal_msp.o(.text.HAL_UART_MspInit) referenced from stm32h7xx_hal_uart.o(.text.HAL_UART_Init)
 <LI><a href="#[c0]">HAL_UART_MspInit</a> from stm32h7xx_hal_msp.o(.text.HAL_UART_MspInit) referenced from stm32h7xx_hal_uart.o(.text.HAL_UART_UnRegisterCallback)
 <LI><a href="#[120]">HAL_UART_RxCpltCallback</a> from stm32h7xx_hal_uart.o(.text.HAL_UART_RxCpltCallback) referenced from stm32h7xx_hal_uart.o(.text.HAL_UART_UnRegisterCallback)
 <LI><a href="#[120]">HAL_UART_RxCpltCallback</a> from stm32h7xx_hal_uart.o(.text.HAL_UART_RxCpltCallback) referenced from stm32h7xx_hal_uart.o(.text.UART_InitCallbacksToDefault)
 <LI><a href="#[121]">HAL_UART_RxHalfCpltCallback</a> from stm32h7xx_hal_uart.o(.text.HAL_UART_RxHalfCpltCallback) referenced from stm32h7xx_hal_uart.o(.text.HAL_UART_UnRegisterCallback)
 <LI><a href="#[121]">HAL_UART_RxHalfCpltCallback</a> from stm32h7xx_hal_uart.o(.text.HAL_UART_RxHalfCpltCallback) referenced from stm32h7xx_hal_uart.o(.text.UART_InitCallbacksToDefault)
 <LI><a href="#[122]">HAL_UART_TxCpltCallback</a> from stm32h7xx_hal_uart.o(.text.HAL_UART_TxCpltCallback) referenced from stm32h7xx_hal_uart.o(.text.HAL_UART_UnRegisterCallback)
 <LI><a href="#[122]">HAL_UART_TxCpltCallback</a> from stm32h7xx_hal_uart.o(.text.HAL_UART_TxCpltCallback) referenced from stm32h7xx_hal_uart.o(.text.UART_InitCallbacksToDefault)
 <LI><a href="#[123]">HAL_UART_TxHalfCpltCallback</a> from stm32h7xx_hal_uart.o(.text.HAL_UART_TxHalfCpltCallback) referenced from stm32h7xx_hal_uart.o(.text.HAL_UART_UnRegisterCallback)
 <LI><a href="#[123]">HAL_UART_TxHalfCpltCallback</a> from stm32h7xx_hal_uart.o(.text.HAL_UART_TxHalfCpltCallback) referenced from stm32h7xx_hal_uart.o(.text.UART_InitCallbacksToDefault)
 <LI><a href="#[97]">HRTIM1_FLT_IRQHandler</a> from startup_stm32h743xx.o(.text) referenced from startup_stm32h743xx.o(RESET)
 <LI><a href="#[91]">HRTIM1_Master_IRQHandler</a> from startup_stm32h743xx.o(.text) referenced from startup_stm32h743xx.o(RESET)
 <LI><a href="#[92]">HRTIM1_TIMA_IRQHandler</a> from startup_stm32h743xx.o(.text) referenced from startup_stm32h743xx.o(RESET)
 <LI><a href="#[93]">HRTIM1_TIMB_IRQHandler</a> from startup_stm32h743xx.o(.text) referenced from startup_stm32h743xx.o(RESET)
 <LI><a href="#[94]">HRTIM1_TIMC_IRQHandler</a> from startup_stm32h743xx.o(.text) referenced from startup_stm32h743xx.o(RESET)
 <LI><a href="#[95]">HRTIM1_TIMD_IRQHandler</a> from startup_stm32h743xx.o(.text) referenced from startup_stm32h743xx.o(RESET)
 <LI><a href="#[96]">HRTIM1_TIME_IRQHandler</a> from startup_stm32h743xx.o(.text) referenced from startup_stm32h743xx.o(RESET)
 <LI><a href="#[a6]">HSEM1_IRQHandler</a> from startup_stm32h743xx.o(.text) referenced from startup_stm32h743xx.o(RESET)
 <LI><a href="#[28]">HardFault_Handler</a> from stm32h7xx_it.o(.text.HardFault_Handler) referenced from startup_stm32h743xx.o(RESET)
 <LI><a href="#[50]">I2C1_ER_IRQHandler</a> from startup_stm32h743xx.o(.text) referenced from startup_stm32h743xx.o(RESET)
 <LI><a href="#[4f]">I2C1_EV_IRQHandler</a> from startup_stm32h743xx.o(.text) referenced from startup_stm32h743xx.o(RESET)
 <LI><a href="#[52]">I2C2_ER_IRQHandler</a> from startup_stm32h743xx.o(.text) referenced from startup_stm32h743xx.o(RESET)
 <LI><a href="#[51]">I2C2_EV_IRQHandler</a> from startup_stm32h743xx.o(.text) referenced from startup_stm32h743xx.o(RESET)
 <LI><a href="#[74]">I2C3_ER_IRQHandler</a> from startup_stm32h743xx.o(.text) referenced from startup_stm32h743xx.o(RESET)
 <LI><a href="#[73]">I2C3_EV_IRQHandler</a> from startup_stm32h743xx.o(.text) referenced from startup_stm32h743xx.o(RESET)
 <LI><a href="#[8a]">I2C4_ER_IRQHandler</a> from startup_stm32h743xx.o(.text) referenced from startup_stm32h743xx.o(RESET)
 <LI><a href="#[89]">I2C4_EV_IRQHandler</a> from startup_stm32h743xx.o(.text) referenced from startup_stm32h743xx.o(RESET)
 <LI><a href="#[d6]">I2C_DMAAbort</a> from stm32h7xx_hal_i2c.o(.text.I2C_DMAAbort) referenced from stm32h7xx_hal_i2c.o(.text.HAL_I2C_Slave_Seq_Transmit_IT)
 <LI><a href="#[d6]">I2C_DMAAbort</a> from stm32h7xx_hal_i2c.o(.text.I2C_DMAAbort) referenced from stm32h7xx_hal_i2c.o(.text.I2C_ITError)
 <LI><a href="#[ce]">I2C_DMAError</a> from stm32h7xx_hal_i2c.o(.text.I2C_DMAError) referenced from stm32h7xx_hal_i2c.o(.text.HAL_I2C_Master_Seq_Receive_DMA)
 <LI><a href="#[ce]">I2C_DMAError</a> from stm32h7xx_hal_i2c.o(.text.I2C_DMAError) referenced from stm32h7xx_hal_i2c.o(.text.HAL_I2C_Master_Seq_Transmit_DMA)
 <LI><a href="#[ce]">I2C_DMAError</a> from stm32h7xx_hal_i2c.o(.text.I2C_DMAError) referenced from stm32h7xx_hal_i2c.o(.text.HAL_I2C_Master_Transmit_DMA)
 <LI><a href="#[ce]">I2C_DMAError</a> from stm32h7xx_hal_i2c.o(.text.I2C_DMAError) referenced from stm32h7xx_hal_i2c.o(.text.HAL_I2C_Mem_Write_DMA)
 <LI><a href="#[ce]">I2C_DMAError</a> from stm32h7xx_hal_i2c.o(.text.I2C_DMAError) referenced from stm32h7xx_hal_i2c.o(.text.HAL_I2C_Slave_Seq_Receive_DMA)
 <LI><a href="#[ce]">I2C_DMAError</a> from stm32h7xx_hal_i2c.o(.text.I2C_DMAError) referenced from stm32h7xx_hal_i2c.o(.text.HAL_I2C_Slave_Seq_Transmit_DMA)
 <LI><a href="#[ce]">I2C_DMAError</a> from stm32h7xx_hal_i2c.o(.text.I2C_DMAError) referenced from stm32h7xx_hal_i2c.o(.text.HAL_I2C_Slave_Transmit_DMA)
 <LI><a href="#[cf]">I2C_DMAMasterReceiveCplt</a> from stm32h7xx_hal_i2c.o(.text.I2C_DMAMasterReceiveCplt) referenced from stm32h7xx_hal_i2c.o(.text.HAL_I2C_Master_Seq_Receive_DMA)
 <LI><a href="#[cf]">I2C_DMAMasterReceiveCplt</a> from stm32h7xx_hal_i2c.o(.text.I2C_DMAMasterReceiveCplt) referenced from stm32h7xx_hal_i2c.o(.text.HAL_I2C_Mem_Read_DMA)
 <LI><a href="#[d1]">I2C_DMAMasterTransmitCplt</a> from stm32h7xx_hal_i2c.o(.text.I2C_DMAMasterTransmitCplt) referenced from stm32h7xx_hal_i2c.o(.text.HAL_I2C_Master_Seq_Transmit_DMA)
 <LI><a href="#[d1]">I2C_DMAMasterTransmitCplt</a> from stm32h7xx_hal_i2c.o(.text.I2C_DMAMasterTransmitCplt) referenced from stm32h7xx_hal_i2c.o(.text.HAL_I2C_Master_Transmit_DMA)
 <LI><a href="#[d1]">I2C_DMAMasterTransmitCplt</a> from stm32h7xx_hal_i2c.o(.text.I2C_DMAMasterTransmitCplt) referenced from stm32h7xx_hal_i2c.o(.text.HAL_I2C_Mem_Write_DMA)
 <LI><a href="#[d5]">I2C_DMASlaveReceiveCplt</a> from stm32h7xx_hal_i2c.o(.text.I2C_DMASlaveReceiveCplt) referenced from stm32h7xx_hal_i2c.o(.text.HAL_I2C_Slave_Seq_Receive_DMA)
 <LI><a href="#[d7]">I2C_DMASlaveTransmitCplt</a> from stm32h7xx_hal_i2c.o(.text.I2C_DMASlaveTransmitCplt) referenced from stm32h7xx_hal_i2c.o(.text.HAL_I2C_Slave_Transmit_DMA)
 <LI><a href="#[cd]">I2C_Master_ISR_DMA</a> from stm32h7xx_hal_i2c.o(.text.I2C_Master_ISR_DMA) referenced from stm32h7xx_hal_i2c.o(.text.HAL_I2C_Master_Seq_Receive_DMA)
 <LI><a href="#[cd]">I2C_Master_ISR_DMA</a> from stm32h7xx_hal_i2c.o(.text.I2C_Master_ISR_DMA) referenced from stm32h7xx_hal_i2c.o(.text.HAL_I2C_Master_Seq_Transmit_DMA)
 <LI><a href="#[cd]">I2C_Master_ISR_DMA</a> from stm32h7xx_hal_i2c.o(.text.I2C_Master_ISR_DMA) referenced from stm32h7xx_hal_i2c.o(.text.HAL_I2C_Master_Transmit_DMA)
 <LI><a href="#[cd]">I2C_Master_ISR_DMA</a> from stm32h7xx_hal_i2c.o(.text.I2C_Master_ISR_DMA) referenced from stm32h7xx_hal_i2c.o(.text.I2C_Enable_IRQ)
 <LI><a href="#[d0]">I2C_Master_ISR_IT</a> from stm32h7xx_hal_i2c.o(.text.I2C_Master_ISR_IT) referenced from stm32h7xx_hal_i2c.o(.text.HAL_I2C_Master_Seq_Receive_IT)
 <LI><a href="#[d0]">I2C_Master_ISR_IT</a> from stm32h7xx_hal_i2c.o(.text.I2C_Master_ISR_IT) referenced from stm32h7xx_hal_i2c.o(.text.HAL_I2C_Master_Seq_Transmit_DMA)
 <LI><a href="#[d0]">I2C_Master_ISR_IT</a> from stm32h7xx_hal_i2c.o(.text.I2C_Master_ISR_IT) referenced from stm32h7xx_hal_i2c.o(.text.HAL_I2C_Master_Seq_Transmit_IT)
 <LI><a href="#[d0]">I2C_Master_ISR_IT</a> from stm32h7xx_hal_i2c.o(.text.I2C_Master_ISR_IT) referenced from stm32h7xx_hal_i2c.o(.text.HAL_I2C_Master_Transmit_DMA)
 <LI><a href="#[d0]">I2C_Master_ISR_IT</a> from stm32h7xx_hal_i2c.o(.text.I2C_Master_ISR_IT) referenced from stm32h7xx_hal_i2c.o(.text.HAL_I2C_Master_Transmit_IT)
 <LI><a href="#[d2]">I2C_Mem_ISR_DMA</a> from stm32h7xx_hal_i2c.o(.text.I2C_Mem_ISR_DMA) referenced from stm32h7xx_hal_i2c.o(.text.HAL_I2C_Mem_Read_DMA)
 <LI><a href="#[d2]">I2C_Mem_ISR_DMA</a> from stm32h7xx_hal_i2c.o(.text.I2C_Mem_ISR_DMA) referenced from stm32h7xx_hal_i2c.o(.text.HAL_I2C_Mem_Write_DMA)
 <LI><a href="#[d2]">I2C_Mem_ISR_DMA</a> from stm32h7xx_hal_i2c.o(.text.I2C_Mem_ISR_DMA) referenced from stm32h7xx_hal_i2c.o(.text.I2C_Enable_IRQ)
 <LI><a href="#[d3]">I2C_Mem_ISR_IT</a> from stm32h7xx_hal_i2c.o(.text.I2C_Mem_ISR_IT) referenced from stm32h7xx_hal_i2c.o(.text.HAL_I2C_Mem_Write_IT)
 <LI><a href="#[d4]">I2C_Slave_ISR_DMA</a> from stm32h7xx_hal_i2c.o(.text.I2C_Slave_ISR_DMA) referenced from stm32h7xx_hal_i2c.o(.text.HAL_I2C_Slave_Seq_Receive_DMA)
 <LI><a href="#[d4]">I2C_Slave_ISR_DMA</a> from stm32h7xx_hal_i2c.o(.text.I2C_Slave_ISR_DMA) referenced from stm32h7xx_hal_i2c.o(.text.HAL_I2C_Slave_Seq_Transmit_DMA)
 <LI><a href="#[d4]">I2C_Slave_ISR_DMA</a> from stm32h7xx_hal_i2c.o(.text.I2C_Slave_ISR_DMA) referenced from stm32h7xx_hal_i2c.o(.text.HAL_I2C_Slave_Transmit_DMA)
 <LI><a href="#[d4]">I2C_Slave_ISR_DMA</a> from stm32h7xx_hal_i2c.o(.text.I2C_Slave_ISR_DMA) referenced from stm32h7xx_hal_i2c.o(.text.I2C_Enable_IRQ)
 <LI><a href="#[c1]">I2C_Slave_ISR_IT</a> from stm32h7xx_hal_i2c.o(.text.I2C_Slave_ISR_IT) referenced from stm32h7xx_hal_i2c.o(.text.HAL_I2C_EnableListen_IT)
 <LI><a href="#[c1]">I2C_Slave_ISR_IT</a> from stm32h7xx_hal_i2c.o(.text.I2C_Slave_ISR_IT) referenced from stm32h7xx_hal_i2c.o(.text.HAL_I2C_Slave_Seq_Receive_IT)
 <LI><a href="#[c1]">I2C_Slave_ISR_IT</a> from stm32h7xx_hal_i2c.o(.text.I2C_Slave_ISR_IT) referenced from stm32h7xx_hal_i2c.o(.text.HAL_I2C_Slave_Seq_Transmit_IT)
 <LI><a href="#[c1]">I2C_Slave_ISR_IT</a> from stm32h7xx_hal_i2c.o(.text.I2C_Slave_ISR_IT) referenced from stm32h7xx_hal_i2c.o(.text.HAL_I2C_Slave_Transmit_IT)
 <LI><a href="#[c1]">I2C_Slave_ISR_IT</a> from stm32h7xx_hal_i2c.o(.text.I2C_Slave_ISR_IT) referenced from stm32h7xx_hal_i2c.o(.text.I2C_ITError)
 <LI><a href="#[a3]">JPEG_IRQHandler</a> from startup_stm32h743xx.o(.text) referenced from startup_stm32h743xx.o(RESET)
 <LI><a href="#[87]">LPTIM1_IRQHandler</a> from startup_stm32h743xx.o(.text) referenced from startup_stm32h743xx.o(RESET)
 <LI><a href="#[b2]">LPTIM2_IRQHandler</a> from startup_stm32h743xx.o(.text) referenced from startup_stm32h743xx.o(RESET)
 <LI><a href="#[b3]">LPTIM3_IRQHandler</a> from startup_stm32h743xx.o(.text) referenced from startup_stm32h743xx.o(RESET)
 <LI><a href="#[b4]">LPTIM4_IRQHandler</a> from startup_stm32h743xx.o(.text) referenced from startup_stm32h743xx.o(RESET)
 <LI><a href="#[b5]">LPTIM5_IRQHandler</a> from startup_stm32h743xx.o(.text) referenced from startup_stm32h743xx.o(RESET)
 <LI><a href="#[b6]">LPUART1_IRQHandler</a> from startup_stm32h743xx.o(.text) referenced from startup_stm32h743xx.o(RESET)
 <LI><a href="#[83]">LTDC_ER_IRQHandler</a> from startup_stm32h743xx.o(.text) referenced from startup_stm32h743xx.o(RESET)
 <LI><a href="#[82]">LTDC_IRQHandler</a> from startup_stm32h743xx.o(.text) referenced from startup_stm32h743xx.o(RESET)
 <LI><a href="#[a2]">MDIOS_IRQHandler</a> from startup_stm32h743xx.o(.text) referenced from startup_stm32h743xx.o(RESET)
 <LI><a href="#[a1]">MDIOS_WKUP_IRQHandler</a> from startup_stm32h743xx.o(.text) referenced from startup_stm32h743xx.o(RESET)
 <LI><a href="#[a4]">MDMA_IRQHandler</a> from startup_stm32h743xx.o(.text) referenced from startup_stm32h743xx.o(RESET)
 <LI><a href="#[29]">MemManage_Handler</a> from stm32h7xx_it.o(.text.MemManage_Handler) referenced from startup_stm32h743xx.o(RESET)
 <LI><a href="#[27]">NMI_Handler</a> from stm32h7xx_it.o(.text.NMI_Handler) referenced from startup_stm32h743xx.o(RESET)
 <LI><a href="#[12f]">OLED_ShowFloat</a> from oled.o(.text.OLED_ShowFloat) referenced from task_control.o(.text._Z16StartControlTaskPv)
 <LI><a href="#[126]">OLED_WR_Byte</a> from oled.o(.text.OLED_WR_Byte) referenced from oled.o(.text.OLED_SetPosition)
 <LI><a href="#[8d]">OTG_FS_EP1_IN_IRQHandler</a> from startup_stm32h743xx.o(.text) referenced from startup_stm32h743xx.o(RESET)
 <LI><a href="#[8c]">OTG_FS_EP1_OUT_IRQHandler</a> from startup_stm32h743xx.o(.text) referenced from startup_stm32h743xx.o(RESET)
 <LI><a href="#[8f]">OTG_FS_IRQHandler</a> from stm32h7xx_it.o(.text.OTG_FS_IRQHandler) referenced from startup_stm32h743xx.o(RESET)
 <LI><a href="#[8e]">OTG_FS_WKUP_IRQHandler</a> from startup_stm32h743xx.o(.text) referenced from startup_stm32h743xx.o(RESET)
 <LI><a href="#[76]">OTG_HS_EP1_IN_IRQHandler</a> from startup_stm32h743xx.o(.text) referenced from startup_stm32h743xx.o(RESET)
 <LI><a href="#[75]">OTG_HS_EP1_OUT_IRQHandler</a> from startup_stm32h743xx.o(.text) referenced from startup_stm32h743xx.o(RESET)
 <LI><a href="#[78]">OTG_HS_IRQHandler</a> from startup_stm32h743xx.o(.text) referenced from startup_stm32h743xx.o(RESET)
 <LI><a href="#[77]">OTG_HS_WKUP_IRQHandler</a> from startup_stm32h743xx.o(.text) referenced from startup_stm32h743xx.o(RESET)
 <LI><a href="#[31]">PVD_AVD_IRQHandler</a> from startup_stm32h743xx.o(.text) referenced from startup_stm32h743xx.o(RESET)
 <LI><a href="#[2e]">PendSV_Handler</a> from port.o(.text.PendSV_Handler) referenced from startup_stm32h743xx.o(RESET)
 <LI><a href="#[86]">QUADSPI_IRQHandler</a> from startup_stm32h743xx.o(.text) referenced from startup_stm32h743xx.o(RESET)
 <LI><a href="#[35]">RCC_IRQHandler</a> from startup_stm32h743xx.o(.text) referenced from startup_stm32h743xx.o(RESET)
 <LI><a href="#[7a]">RNG_IRQHandler</a> from startup_stm32h743xx.o(.text) referenced from startup_stm32h743xx.o(RESET)
 <LI><a href="#[59]">RTC_Alarm_IRQHandler</a> from startup_stm32h743xx.o(.text) referenced from startup_stm32h743xx.o(RESET)
 <LI><a href="#[33]">RTC_WKUP_IRQHandler</a> from startup_stm32h743xx.o(.text) referenced from startup_stm32h743xx.o(RESET)
 <LI><a href="#[26]">Reset_Handler</a> from startup_stm32h743xx.o(.text) referenced from startup_stm32h743xx.o(RESET)
 <LI><a href="#[81]">SAI1_IRQHandler</a> from startup_stm32h743xx.o(.text) referenced from startup_stm32h743xx.o(RESET)
 <LI><a href="#[85]">SAI2_IRQHandler</a> from startup_stm32h743xx.o(.text) referenced from startup_stm32h743xx.o(RESET)
 <LI><a href="#[9c]">SAI3_IRQHandler</a> from startup_stm32h743xx.o(.text) referenced from startup_stm32h743xx.o(RESET)
 <LI><a href="#[b9]">SAI4_IRQHandler</a> from startup_stm32h743xx.o(.text) referenced from startup_stm32h743xx.o(RESET)
 <LI><a href="#[60]">SDMMC1_IRQHandler</a> from stm32h7xx_it.o(.text.SDMMC1_IRQHandler) referenced from startup_stm32h743xx.o(RESET)
 <LI><a href="#[a5]">SDMMC2_IRQHandler</a> from startup_stm32h743xx.o(.text) referenced from startup_stm32h743xx.o(RESET)
 <LI><a href="#[d9]">SDMMC_GetResponse</a> from stm32h7xx_ll_sdmmc.o(.text.SDMMC_GetResponse) referenced from stm32h7xx_hal_sd.o(.text.HAL_SD_InitCard)
 <LI><a href="#[8b]">SPDIF_RX_IRQHandler</a> from startup_stm32h743xx.o(.text) referenced from startup_stm32h743xx.o(RESET)
 <LI><a href="#[53]">SPI1_IRQHandler</a> from stm32h7xx_it.o(.text.SPI1_IRQHandler) referenced from startup_stm32h743xx.o(RESET)
 <LI><a href="#[54]">SPI2_IRQHandler</a> from startup_stm32h743xx.o(.text) referenced from startup_stm32h743xx.o(RESET)
 <LI><a href="#[62]">SPI3_IRQHandler</a> from startup_stm32h743xx.o(.text) referenced from startup_stm32h743xx.o(RESET)
 <LI><a href="#[7e]">SPI4_IRQHandler</a> from startup_stm32h743xx.o(.text) referenced from startup_stm32h743xx.o(RESET)
 <LI><a href="#[7f]">SPI5_IRQHandler</a> from startup_stm32h743xx.o(.text) referenced from startup_stm32h743xx.o(RESET)
 <LI><a href="#[80]">SPI6_IRQHandler</a> from startup_stm32h743xx.o(.text) referenced from startup_stm32h743xx.o(RESET)
 <LI><a href="#[da]">SPI_DMAAbortOnError</a> from stm32h7xx_hal_spi.o(.text.SPI_DMAAbortOnError) referenced from stm32h7xx_hal_spi.o(.text.HAL_SPI_IRQHandler)
 <LI><a href="#[e7]">SPI_DMAError</a> from stm32h7xx_hal_spi.o(.text.SPI_DMAError) referenced from stm32h7xx_hal_spi.o(.text.HAL_SPI_Receive_DMA)
 <LI><a href="#[e7]">SPI_DMAError</a> from stm32h7xx_hal_spi.o(.text.SPI_DMAError) referenced from stm32h7xx_hal_spi.o(.text.HAL_SPI_Transmit_DMA)
 <LI><a href="#[e6]">SPI_DMAHalfReceiveCplt</a> from stm32h7xx_hal_spi.o(.text.SPI_DMAHalfReceiveCplt) referenced from stm32h7xx_hal_spi.o(.text.HAL_SPI_Receive_DMA)
 <LI><a href="#[eb]">SPI_DMAHalfTransmitCplt</a> from stm32h7xx_hal_spi.o(.text.SPI_DMAHalfTransmitCplt) referenced from stm32h7xx_hal_spi.o(.text.HAL_SPI_Transmit_DMA)
 <LI><a href="#[e9]">SPI_DMAHalfTransmitReceiveCplt</a> from stm32h7xx_hal_spi.o(.text.SPI_DMAHalfTransmitReceiveCplt) referenced from stm32h7xx_hal_spi.o(.text.HAL_SPI_TransmitReceive_DMA)
 <LI><a href="#[e5]">SPI_DMAReceiveCplt</a> from stm32h7xx_hal_spi.o(.text.SPI_DMAReceiveCplt) referenced from stm32h7xx_hal_spi.o(.text.HAL_SPI_Receive_DMA)
 <LI><a href="#[ea]">SPI_DMATransmitCplt</a> from stm32h7xx_hal_spi.o(.text.SPI_DMATransmitCplt) referenced from stm32h7xx_hal_spi.o(.text.HAL_SPI_Transmit_DMA)
 <LI><a href="#[e8]">SPI_DMATransmitReceiveCplt</a> from stm32h7xx_hal_spi.o(.text.SPI_DMATransmitReceiveCplt) referenced from stm32h7xx_hal_spi.o(.text.HAL_SPI_TransmitReceive_DMA)
 <LI><a href="#[2c]">SVC_Handler</a> from port.o(.text.SVC_Handler) referenced from startup_stm32h743xx.o(RESET)
 <LI><a href="#[9d]">SWPMI1_IRQHandler</a> from startup_stm32h743xx.o(.text) referenced from startup_stm32h743xx.o(RESET)
 <LI><a href="#[2f]">SysTick_Handler</a> from cmsis_os2.o(.text.SysTick_Handler) referenced from startup_stm32h743xx.o(RESET)
 <LI><a href="#[bb]">SystemInit</a> from system_stm32h7xx.o(.text.SystemInit) referenced from startup_stm32h743xx.o(.text)
 <LI><a href="#[32]">TAMP_STAMP_IRQHandler</a> from startup_stm32h743xx.o(.text) referenced from startup_stm32h743xx.o(RESET)
 <LI><a href="#[9e]">TIM15_IRQHandler</a> from startup_stm32h743xx.o(.text) referenced from startup_stm32h743xx.o(RESET)
 <LI><a href="#[9f]">TIM16_IRQHandler</a> from startup_stm32h743xx.o(.text) referenced from startup_stm32h743xx.o(RESET)
 <LI><a href="#[a0]">TIM17_IRQHandler</a> from startup_stm32h743xx.o(.text) referenced from startup_stm32h743xx.o(RESET)
 <LI><a href="#[48]">TIM1_BRK_IRQHandler</a> from startup_stm32h743xx.o(.text) referenced from startup_stm32h743xx.o(RESET)
 <LI><a href="#[4b]">TIM1_CC_IRQHandler</a> from startup_stm32h743xx.o(.text) referenced from startup_stm32h743xx.o(RESET)
 <LI><a href="#[4a]">TIM1_TRG_COM_IRQHandler</a> from startup_stm32h743xx.o(.text) referenced from startup_stm32h743xx.o(RESET)
 <LI><a href="#[49]">TIM1_UP_IRQHandler</a> from startup_stm32h743xx.o(.text) referenced from startup_stm32h743xx.o(RESET)
 <LI><a href="#[4c]">TIM2_IRQHandler</a> from startup_stm32h743xx.o(.text) referenced from startup_stm32h743xx.o(RESET)
 <LI><a href="#[4d]">TIM3_IRQHandler</a> from startup_stm32h743xx.o(.text) referenced from startup_stm32h743xx.o(RESET)
 <LI><a href="#[4e]">TIM4_IRQHandler</a> from startup_stm32h743xx.o(.text) referenced from startup_stm32h743xx.o(RESET)
 <LI><a href="#[61]">TIM5_IRQHandler</a> from startup_stm32h743xx.o(.text) referenced from startup_stm32h743xx.o(RESET)
 <LI><a href="#[65]">TIM6_DAC_IRQHandler</a> from stm32h7xx_it.o(.text.TIM6_DAC_IRQHandler) referenced from startup_stm32h743xx.o(RESET)
 <LI><a href="#[66]">TIM7_IRQHandler</a> from startup_stm32h743xx.o(.text) referenced from startup_stm32h743xx.o(RESET)
 <LI><a href="#[5a]">TIM8_BRK_TIM12_IRQHandler</a> from startup_stm32h743xx.o(.text) referenced from startup_stm32h743xx.o(RESET)
 <LI><a href="#[5d]">TIM8_CC_IRQHandler</a> from startup_stm32h743xx.o(.text) referenced from startup_stm32h743xx.o(RESET)
 <LI><a href="#[5c]">TIM8_TRG_COM_TIM14_IRQHandler</a> from startup_stm32h743xx.o(.text) referenced from startup_stm32h743xx.o(RESET)
 <LI><a href="#[5b]">TIM8_UP_TIM13_IRQHandler</a> from startup_stm32h743xx.o(.text) referenced from startup_stm32h743xx.o(RESET)
 <LI><a href="#[ed]">TIMEx_DMACommutationCplt</a> from stm32h7xx_hal_tim_ex.o(.text.TIMEx_DMACommutationCplt) referenced from stm32h7xx_hal_tim_ex.o(.text.HAL_TIMEx_ConfigCommutEvent_DMA)
 <LI><a href="#[ed]">TIMEx_DMACommutationCplt</a> from stm32h7xx_hal_tim_ex.o(.text.TIMEx_DMACommutationCplt) referenced from stm32h7xx_hal_tim.o(.text.HAL_TIM_DMABurst_MultiWriteStart)
 <LI><a href="#[ee]">TIMEx_DMACommutationHalfCplt</a> from stm32h7xx_hal_tim_ex.o(.text.TIMEx_DMACommutationHalfCplt) referenced from stm32h7xx_hal_tim_ex.o(.text.HAL_TIMEx_ConfigCommutEvent_DMA)
 <LI><a href="#[ee]">TIMEx_DMACommutationHalfCplt</a> from stm32h7xx_hal_tim_ex.o(.text.TIMEx_DMACommutationHalfCplt) referenced from stm32h7xx_hal_tim.o(.text.HAL_TIM_DMABurst_MultiWriteStart)
 <LI><a href="#[f3]">TIM_DMACaptureCplt</a> from stm32h7xx_hal_tim.o(.text.TIM_DMACaptureCplt) referenced from stm32h7xx_hal_tim.o(.text.HAL_TIM_DMABurst_MultiReadStart)
 <LI><a href="#[f3]">TIM_DMACaptureCplt</a> from stm32h7xx_hal_tim.o(.text.TIM_DMACaptureCplt) referenced from stm32h7xx_hal_tim.o(.text.HAL_TIM_Encoder_Start_DMA)
 <LI><a href="#[f3]">TIM_DMACaptureCplt</a> from stm32h7xx_hal_tim.o(.text.TIM_DMACaptureCplt) referenced from stm32h7xx_hal_tim.o(.text.HAL_TIM_IC_Start_DMA)
 <LI><a href="#[f4]">TIM_DMACaptureHalfCplt</a> from stm32h7xx_hal_tim.o(.text.TIM_DMACaptureHalfCplt) referenced from stm32h7xx_hal_tim.o(.text.HAL_TIM_DMABurst_MultiReadStart)
 <LI><a href="#[f4]">TIM_DMACaptureHalfCplt</a> from stm32h7xx_hal_tim.o(.text.TIM_DMACaptureHalfCplt) referenced from stm32h7xx_hal_tim.o(.text.HAL_TIM_Encoder_Start_DMA)
 <LI><a href="#[f4]">TIM_DMACaptureHalfCplt</a> from stm32h7xx_hal_tim.o(.text.TIM_DMACaptureHalfCplt) referenced from stm32h7xx_hal_tim.o(.text.HAL_TIM_IC_Start_DMA)
 <LI><a href="#[f9]">TIM_DMADelayPulseCplt</a> from stm32h7xx_hal_tim.o(.text.TIM_DMADelayPulseCplt) referenced from stm32h7xx_hal_tim.o(.text.HAL_TIM_DMABurst_MultiWriteStart)
 <LI><a href="#[f9]">TIM_DMADelayPulseCplt</a> from stm32h7xx_hal_tim.o(.text.TIM_DMADelayPulseCplt) referenced from stm32h7xx_hal_tim.o(.text.HAL_TIM_OC_Start_DMA)
 <LI><a href="#[f9]">TIM_DMADelayPulseCplt</a> from stm32h7xx_hal_tim.o(.text.TIM_DMADelayPulseCplt) referenced from stm32h7xx_hal_tim.o(.text.HAL_TIM_PWM_Start_DMA)
 <LI><a href="#[fa]">TIM_DMADelayPulseHalfCplt</a> from stm32h7xx_hal_tim.o(.text.TIM_DMADelayPulseHalfCplt) referenced from stm32h7xx_hal_tim.o(.text.HAL_TIM_DMABurst_MultiWriteStart)
 <LI><a href="#[fa]">TIM_DMADelayPulseHalfCplt</a> from stm32h7xx_hal_tim.o(.text.TIM_DMADelayPulseHalfCplt) referenced from stm32h7xx_hal_tim.o(.text.HAL_TIM_OC_Start_DMA)
 <LI><a href="#[fa]">TIM_DMADelayPulseHalfCplt</a> from stm32h7xx_hal_tim.o(.text.TIM_DMADelayPulseHalfCplt) referenced from stm32h7xx_hal_tim.o(.text.HAL_TIM_PWM_Start_DMA)
 <LI><a href="#[f2]">TIM_DMAError</a> from stm32h7xx_hal_tim.o(.text.TIM_DMAError) referenced from stm32h7xx_hal_tim.o(.text.HAL_TIM_Base_Start_DMA)
 <LI><a href="#[f2]">TIM_DMAError</a> from stm32h7xx_hal_tim.o(.text.TIM_DMAError) referenced from stm32h7xx_hal_tim.o(.text.HAL_TIM_DMABurst_MultiReadStart)
 <LI><a href="#[f2]">TIM_DMAError</a> from stm32h7xx_hal_tim.o(.text.TIM_DMAError) referenced from stm32h7xx_hal_tim.o(.text.HAL_TIM_DMABurst_MultiWriteStart)
 <LI><a href="#[f2]">TIM_DMAError</a> from stm32h7xx_hal_tim.o(.text.TIM_DMAError) referenced from stm32h7xx_hal_tim.o(.text.HAL_TIM_Encoder_Start_DMA)
 <LI><a href="#[f2]">TIM_DMAError</a> from stm32h7xx_hal_tim.o(.text.TIM_DMAError) referenced from stm32h7xx_hal_tim.o(.text.HAL_TIM_IC_Start_DMA)
 <LI><a href="#[f2]">TIM_DMAError</a> from stm32h7xx_hal_tim.o(.text.TIM_DMAError) referenced from stm32h7xx_hal_tim.o(.text.HAL_TIM_OC_Start_DMA)
 <LI><a href="#[f2]">TIM_DMAError</a> from stm32h7xx_hal_tim.o(.text.TIM_DMAError) referenced from stm32h7xx_hal_tim.o(.text.HAL_TIM_PWM_Start_DMA)
 <LI><a href="#[f5]">TIM_DMAPeriodElapsedCplt</a> from stm32h7xx_hal_tim.o(.text.TIM_DMAPeriodElapsedCplt) referenced from stm32h7xx_hal_tim.o(.text.HAL_TIM_DMABurst_MultiReadStart)
 <LI><a href="#[f5]">TIM_DMAPeriodElapsedCplt</a> from stm32h7xx_hal_tim.o(.text.TIM_DMAPeriodElapsedCplt) referenced from stm32h7xx_hal_tim.o(.text.HAL_TIM_DMABurst_MultiWriteStart)
 <LI><a href="#[f6]">TIM_DMAPeriodElapsedHalfCplt</a> from stm32h7xx_hal_tim.o(.text.TIM_DMAPeriodElapsedHalfCplt) referenced from stm32h7xx_hal_tim.o(.text.HAL_TIM_DMABurst_MultiReadStart)
 <LI><a href="#[f6]">TIM_DMAPeriodElapsedHalfCplt</a> from stm32h7xx_hal_tim.o(.text.TIM_DMAPeriodElapsedHalfCplt) referenced from stm32h7xx_hal_tim.o(.text.HAL_TIM_DMABurst_MultiWriteStart)
 <LI><a href="#[f7]">TIM_DMATriggerCplt</a> from stm32h7xx_hal_tim.o(.text.TIM_DMATriggerCplt) referenced from stm32h7xx_hal_tim.o(.text.HAL_TIM_DMABurst_MultiWriteStart)
 <LI><a href="#[f8]">TIM_DMATriggerHalfCplt</a> from stm32h7xx_hal_tim.o(.text.TIM_DMATriggerHalfCplt) referenced from stm32h7xx_hal_tim.o(.text.HAL_TIM_DMABurst_MultiWriteStart)
 <LI><a href="#[63]">UART4_IRQHandler</a> from startup_stm32h743xx.o(.text) referenced from startup_stm32h743xx.o(RESET)
 <LI><a href="#[64]">UART5_IRQHandler</a> from startup_stm32h743xx.o(.text) referenced from startup_stm32h743xx.o(RESET)
 <LI><a href="#[7c]">UART7_IRQHandler</a> from startup_stm32h743xx.o(.text) referenced from startup_stm32h743xx.o(RESET)
 <LI><a href="#[7d]">UART8_IRQHandler</a> from startup_stm32h743xx.o(.text) referenced from startup_stm32h743xx.o(RESET)
 <LI><a href="#[115]">UART_DMAAbortOnError</a> from stm32h7xx_hal_uart.o(.text.UART_DMAAbortOnError) referenced from stm32h7xx_hal_uart.o(.text.HAL_UART_IRQHandler)
 <LI><a href="#[118]">UART_DMAError</a> from stm32h7xx_hal_uart.o(.text.UART_DMAError) referenced from stm32h7xx_hal_uart.o(.text.HAL_UART_Transmit_DMA)
 <LI><a href="#[118]">UART_DMAError</a> from stm32h7xx_hal_uart.o(.text.UART_DMAError) referenced from stm32h7xx_hal_uart.o(.text.UART_Start_Receive_DMA)
 <LI><a href="#[128]">UART_DMAReceiveCplt</a> from stm32h7xx_hal_uart.o(.text.UART_DMAReceiveCplt) referenced from stm32h7xx_hal_uart.o(.text.UART_Start_Receive_DMA)
 <LI><a href="#[127]">UART_DMARxHalfCplt</a> from stm32h7xx_hal_uart.o(.text.UART_DMARxHalfCplt) referenced from stm32h7xx_hal_uart.o(.text.UART_Start_Receive_DMA)
 <LI><a href="#[117]">UART_DMATransmitCplt</a> from stm32h7xx_hal_uart.o(.text.UART_DMATransmitCplt) referenced from stm32h7xx_hal_uart.o(.text.HAL_UART_Transmit_DMA)
 <LI><a href="#[116]">UART_DMATxHalfCplt</a> from stm32h7xx_hal_uart.o(.text.UART_DMATxHalfCplt) referenced from stm32h7xx_hal_uart.o(.text.HAL_UART_Transmit_DMA)
 <LI><a href="#[55]">USART1_IRQHandler</a> from stm32h7xx_it.o(.text.USART1_IRQHandler) referenced from startup_stm32h743xx.o(RESET)
 <LI><a href="#[56]">USART2_IRQHandler</a> from startup_stm32h743xx.o(.text) referenced from startup_stm32h743xx.o(RESET)
 <LI><a href="#[57]">USART3_IRQHandler</a> from stm32h7xx_it.o(.text.USART3_IRQHandler) referenced from startup_stm32h743xx.o(RESET)
 <LI><a href="#[72]">USART6_IRQHandler</a> from startup_stm32h743xx.o(.text) referenced from startup_stm32h743xx.o(RESET)
 <LI><a href="#[19]">USBD_CDC_DataIn</a> from usbd_cdc.o(.text.USBD_CDC_DataIn) referenced 2 times from usbd_cdc.o(.data.USBD_CDC)
 <LI><a href="#[1a]">USBD_CDC_DataOut</a> from usbd_cdc.o(.text.USBD_CDC_DataOut) referenced 2 times from usbd_cdc.o(.data.USBD_CDC)
 <LI><a href="#[16]">USBD_CDC_DeInit</a> from usbd_cdc.o(.text.USBD_CDC_DeInit) referenced 2 times from usbd_cdc.o(.data.USBD_CDC)
 <LI><a href="#[18]">USBD_CDC_EP0_RxReady</a> from usbd_cdc.o(.text.USBD_CDC_EP0_RxReady) referenced 2 times from usbd_cdc.o(.data.USBD_CDC)
 <LI><a href="#[1e]">USBD_CDC_GetDeviceQualifierDescriptor</a> from usbd_cdc.o(.text.USBD_CDC_GetDeviceQualifierDescriptor) referenced 2 times from usbd_cdc.o(.data.USBD_CDC)
 <LI><a href="#[1c]">USBD_CDC_GetFSCfgDesc</a> from usbd_cdc.o(.text.USBD_CDC_GetFSCfgDesc) referenced 2 times from usbd_cdc.o(.data.USBD_CDC)
 <LI><a href="#[1b]">USBD_CDC_GetHSCfgDesc</a> from usbd_cdc.o(.text.USBD_CDC_GetHSCfgDesc) referenced 2 times from usbd_cdc.o(.data.USBD_CDC)
 <LI><a href="#[1d]">USBD_CDC_GetOtherSpeedCfgDesc</a> from usbd_cdc.o(.text.USBD_CDC_GetOtherSpeedCfgDesc) referenced 2 times from usbd_cdc.o(.data.USBD_CDC)
 <LI><a href="#[15]">USBD_CDC_Init</a> from usbd_cdc.o(.text.USBD_CDC_Init) referenced 2 times from usbd_cdc.o(.data.USBD_CDC)
 <LI><a href="#[17]">USBD_CDC_Setup</a> from usbd_cdc.o(.text.USBD_CDC_Setup) referenced 2 times from usbd_cdc.o(.data.USBD_CDC)
 <LI><a href="#[13]">USBD_FS_ConfigStrDescriptor</a> from usbd_desc.o(.text.USBD_FS_ConfigStrDescriptor) referenced 2 times from usbd_desc.o(.data.FS_Desc)
 <LI><a href="#[e]">USBD_FS_DeviceDescriptor</a> from usbd_desc.o(.text.USBD_FS_DeviceDescriptor) referenced 2 times from usbd_desc.o(.data.FS_Desc)
 <LI><a href="#[14]">USBD_FS_InterfaceStrDescriptor</a> from usbd_desc.o(.text.USBD_FS_InterfaceStrDescriptor) referenced 2 times from usbd_desc.o(.data.FS_Desc)
 <LI><a href="#[f]">USBD_FS_LangIDStrDescriptor</a> from usbd_desc.o(.text.USBD_FS_LangIDStrDescriptor) referenced 2 times from usbd_desc.o(.data.FS_Desc)
 <LI><a href="#[10]">USBD_FS_ManufacturerStrDescriptor</a> from usbd_desc.o(.text.USBD_FS_ManufacturerStrDescriptor) referenced 2 times from usbd_desc.o(.data.FS_Desc)
 <LI><a href="#[11]">USBD_FS_ProductStrDescriptor</a> from usbd_desc.o(.text.USBD_FS_ProductStrDescriptor) referenced 2 times from usbd_desc.o(.data.FS_Desc)
 <LI><a href="#[12]">USBD_FS_SerialStrDescriptor</a> from usbd_desc.o(.text.USBD_FS_SerialStrDescriptor) referenced 2 times from usbd_desc.o(.data.FS_Desc)
 <LI><a href="#[12a]">USBD_GetEpDesc</a> from usbd_core.o(.text.USBD_GetEpDesc) referenced from usbd_cdc.o(.text.USBD_CDC_GetOtherSpeedCfgDesc)
 <LI><a href="#[129]">USBD_LL_CloseEP</a> from usbd_conf.o(.text.USBD_LL_CloseEP) referenced from usbd_cdc.o(.text.USBD_CDC_DeInit)
 <LI><a href="#[2b]">UsageFault_Handler</a> from stm32h7xx_it.o(.text.UsageFault_Handler) referenced from startup_stm32h743xx.o(RESET)
 <LI><a href="#[ba]">WAKEUP_PIN_IRQHandler</a> from startup_stm32h743xx.o(.text) referenced from startup_stm32h743xx.o(RESET)
 <LI><a href="#[30]">WWDG_IRQHandler</a> from startup_stm32h743xx.o(.text) referenced from startup_stm32h743xx.o(RESET)
 <LI><a href="#[16b]">_GLOBAL__sub_I_board.cpp</a> from board.o(.text._GLOBAL__sub_I_board.cpp) referenced from board.o(.init_array)
 <LI><a href="#[13e]">DriverInitTask(void*)</a> from main.o(.text._Z14DriverInitTaskPv) referenced from main.o(.text.main)
 <LI><a href="#[131]">StartControlTask(void*)</a> from task_control.o(.text._Z16StartControlTaskPv) referenced from drv_main.o(.text._Z24create_application_tasksv)
 <LI><a href="#[130]">StartCommunicationTask(void*)</a> from task_communication.o(.text._Z22StartCommunicationTaskPv) referenced from drv_main.o(.text._Z24create_application_tasksv)
 <LI><a href="#[145]">__cxxabiv1::__shim_type_info::~__shim_type_info__sub_object()</a> from private_typeinfo.cpp.o(.text._ZN10__cxxabiv116__shim_type_infoD2Ev) referenced from private_typeinfo.cpp.o(.rodata._ZTVN10__cxxabiv117__class_type_infoE)
 <LI><a href="#[145]">__cxxabiv1::__shim_type_info::~__shim_type_info__sub_object()</a> from private_typeinfo.cpp.o(.text._ZN10__cxxabiv116__shim_type_infoD2Ev) referenced from private_typeinfo.cpp.o(.rodata._ZTVN10__cxxabiv120__si_class_type_infoE)
 <LI><a href="#[145]">__cxxabiv1::__shim_type_info::~__shim_type_info__sub_object()</a> from private_typeinfo.cpp.o(.text._ZN10__cxxabiv116__shim_type_infoD2Ev) referenced from private_typeinfo.cpp.o(.rodata._ZTVN10__cxxabiv123__fundamental_type_infoE)
 <LI><a href="#[146]">__cxxabiv1::__class_type_info::~__class_type_info__deallocating()</a> from private_typeinfo.cpp.o(.text._ZN10__cxxabiv117__class_type_infoD0Ev) referenced from private_typeinfo.cpp.o(.rodata._ZTVN10__cxxabiv117__class_type_infoE)
 <LI><a href="#[14d]">__cxxabiv1::__si_class_type_info::~__si_class_type_info__deallocating()</a> from private_typeinfo.cpp.o(.text._ZN10__cxxabiv120__si_class_type_infoD0Ev) referenced from private_typeinfo.cpp.o(.rodata._ZTVN10__cxxabiv120__si_class_type_infoE)
 <LI><a href="#[151]">__cxxabiv1::__fundamental_type_info::~__fundamental_type_info__deallocating()</a> from private_typeinfo.cpp.o(.text._ZN10__cxxabiv123__fundamental_type_infoD0Ev) referenced from private_typeinfo.cpp.o(.rodata._ZTVN10__cxxabiv123__fundamental_type_infoE)
 <LI><a href="#[13d]">_ZN10__cxxabiv1L22exception_cleanup_funcE19_Unwind_Reason_CodeP21_Unwind_Control_Block</a> from cxa_exception.cpp.o(.text._ZN10__cxxabiv1L22exception_cleanup_funcE19_Unwind_Reason_CodeP21_Unwind_Control_Block) referenced 2 times from cxa_exception.cpp.o(.text.__cxa_throw)
 <LI><a href="#[13c]">_ZN10__cxxabiv1L27dependent_exception_cleanupE19_Unwind_Reason_CodeP21_Unwind_Control_Block</a> from cxa_exception.cpp.o(.text._ZN10__cxxabiv1L27dependent_exception_cleanupE19_Unwind_Reason_CodeP21_Unwind_Control_Block) referenced 2 times from cxa_exception.cpp.o(.text.__cxa_rethrow_primary_exception)
 <LI><a href="#[132]">BluetoothDriver::sendAT(const char*, char*, unsigned short)</a> from kt6368a.o(.text._ZN15BluetoothDriver6sendATEPKcPct) referenced from kt6368a.o(.text._ZN15BluetoothDriver12autoBaudScanEv)
 <LI><a href="#[12b]">Key::Key(GPIO_TypeDef*, unsigned short, Key::ActiveLevel, unsigned, unsigned)</a> from key.o(.text._ZN3KeyC2EP12GPIO_TypeDeftNS_11ActiveLevelEjj) referenced from board.o(.text._GLOBAL__sub_I_board.cpp)
 <LI><a href="#[12c]">Key::~Key()</a> from key.o(.text._ZN3KeyD2Ev) referenced from board.o(.text._GLOBAL__sub_I_board.cpp)
 <LI><a href="#[136]">Bmi088::delayUs(unsigned, void*)</a> from bmi088.o(.text._ZN6Bmi0887delayUsEjPv) referenced from bmi088.o(.text._ZN6Bmi0884initEv)
[...]
<BR><BR>[Stack]<UL><LI>Max Depth = 16<LI>Call Chain = prvInsertTimerInActiveList &rArr; vListInsert
</UL>
<BR>[Calls]<UL><LI><a href="#[46d]">&gt;&gt;</a>&nbsp;&nbsp;&nbsp;vListInsert
</UL>
<BR>[Called By]<UL><LI><a href="#[143]">&gt;&gt;</a>&nbsp;&nbsp;&nbsp;prvTimerTask
</UL>

<P><STRONG><a name="[47f]"></a>prvSampleTimeNow</STRONG> (Thumb, 156 bytes, Stack size 40 bytes, timers.o(.text.prvSampleTimeNow))
<BR><BR>[Stack]<UL><LI>Max Depth = 176<LI>Call Chain = prvSampleTimeNow &rArr; xTimerGenericCommand &rArr; xQueueGenericSend &rArr; xTaskResumeAll &rArr; xTaskIncrementTick
</UL>
<BR>[Calls]<UL><LI><a href="#[3db]">&gt;&gt;</a>&nbsp;&nbsp;&nbsp;xTaskGetTickCount
<LI><a href="#[46d]">&gt;&gt;</a>&nbsp;&nbsp;&nbsp;vListInsert
<LI><a href="#[46b]">&gt;&gt;</a>&nbsp;&nbsp;&nbsp;uxListRemove
<LI><a href="#[480]">&gt;&gt;</a>&nbsp;&nbsp;&nbsp;xTimerGenericCommand
</UL>
<BR>[Called By]<UL><LI><a href="#[143]">&gt;&gt;</a>&nbsp;&nbsp;&nbsp;prvTimerTask
</UL>

<P><STRONG><a name="[143]"></a>prvTimerTask</STRONG> (Thumb, 508 bytes, Stack size 64 bytes, timers.o(.text.prvTimerTask))
<BR><BR>[Stack]<UL><LI>Max Depth = 240<LI>Call Chain = prvTimerTask &rArr; prvSampleTimeNow &rArr; xTimerGenericCommand &rArr; xQueueGenericSend &rArr; xTaskResumeAll &rArr; xTaskIncrementTick
</UL>
<BR>[Calls]<UL><LI><a href="#[45e]">&gt;&gt;</a>&nbsp;&nbsp;&nbsp;xQueueReceive
<LI><a href="#[483]">&gt;&gt;</a>&nbsp;&nbsp;&nbsp;vQueueWaitForMessageRestricted
<LI><a href="#[46b]">&gt;&gt;</a>&nbsp;&nbsp;&nbsp;uxListRemove
<LI><a href="#[482]">&gt;&gt;</a>&nbsp;&nbsp;&nbsp;xTaskResumeAll
<LI><a href="#[481]">&gt;&gt;</a>&nbsp;&nbsp;&nbsp;vTaskSuspendAll
<LI><a href="#[474]">&gt;&gt;</a>&nbsp;&nbsp;&nbsp;vPortFree
<LI><a href="#[480]">&gt;&gt;</a>&nbsp;&nbsp;&nbsp;xTimerGenericCommand
<LI><a href="#[47f]">&gt;&gt;</a>&nbsp;&nbsp;&nbsp;prvSampleTimeNow
<LI><a href="#[47c]">&gt;&gt;</a>&nbsp;&nbsp;&nbsp;prvInsertTimerInActiveList
</UL>
<BR>[Address Reference Count : 1]<UL><LI> timers.o(.text.xTimerCreateTimerTask)
</UL>
<P><STRONG><a name="[488]"></a>prvInsertBlockIntoFreeList</STRONG> (Thumb, 84 bytes, Stack size 8 bytes, heap_4.o(.text.prvInsertBlockIntoFreeList))
<BR><BR>[Stack]<UL><LI>Max Depth = 8<LI>Call Chain = prvInsertBlockIntoFreeList
</UL>
<BR>[Called By]<UL><LI><a href="#[474]">&gt;&gt;</a>&nbsp;&nbsp;&nbsp;vPortFree
<LI><a href="#[487]">&gt;&gt;</a>&nbsp;&nbsp;&nbsp;pvPortMalloc
</UL>

<P><STRONG><a name="[4a3]"></a>prvPortStartFirstTask</STRONG> (Thumb, 40 bytes, Stack size 0 bytes, port.o(.text.prvPortStartFirstTask))
<BR><BR>[Called By]<UL><LI><a href="#[49f]">&gt;&gt;</a>&nbsp;&nbsp;&nbsp;xPortStartScheduler
</UL>

<P><STRONG><a name="[140]"></a>prvTaskExitError</STRONG> (Thumb, 52 bytes, Stack size 4 bytes, port.o(.text.prvTaskExitError))
<BR><BR>[Stack]<UL><LI>Max Depth = 4<LI>Call Chain = prvTaskExitError
</UL>
<BR>[Called By]<UL><LI><a href="#[49f]">&gt;&gt;</a>&nbsp;&nbsp;&nbsp;xPortStartScheduler
</UL>
<BR>[Address Reference Count : 1]<UL><LI> port.o(.text.pxPortInitialiseStack)
</UL>
<P><STRONG><a name="[4a2]"></a>vPortEnableVFP</STRONG> (Thumb, 20 bytes, Stack size 0 bytes, port.o(.text.vPortEnableVFP))
<BR><BR>[Called By]<UL><LI><a href="#[49f]">&gt;&gt;</a>&nbsp;&nbsp;&nbsp;xPortStartScheduler
</UL>

<P><STRONG><a name="[21]"></a>CDC_Control_FS</STRONG> (Thumb, 4 bytes, Stack size 0 bytes, usbd_cdc_if.o(.text.CDC_Control_FS))
<BR>[Address Reference Count : 1]<UL><LI> usbd_cdc_if.o(.data.USBD_Interface_fops_FS)
</UL>
<P><STRONG><a name="[20]"></a>CDC_DeInit_FS</STRONG> (Thumb, 4 bytes, Stack size 0 bytes, usbd_cdc_if.o(.text.CDC_DeInit_FS))
<BR>[Address Reference Count : 1]<UL><LI> usbd_cdc_if.o(.data.USBD_Interface_fops_FS)
</UL>
<P><STRONG><a name="[1f]"></a>CDC_Init_FS</STRONG> (Thumb, 40 bytes, Stack size 8 bytes, usbd_cdc_if.o(.text.CDC_Init_FS))
<BR><BR>[Stack]<UL><LI>Max Depth = 8<LI>Call Chain = CDC_Init_FS
</UL>
<BR>[Calls]<UL><LI><a href="#[1c9]">&gt;&gt;</a>&nbsp;&nbsp;&nbsp;USBD_CDC_SetTxBuffer
<LI><a href="#[1ca]">&gt;&gt;</a>&nbsp;&nbsp;&nbsp;USBD_CDC_SetRxBuffer
</UL>
<BR>[Address Reference Count : 1]<UL><LI> usbd_cdc_if.o(.data.USBD_Interface_fops_FS)
</UL>
<P><STRONG><a name="[22]"></a>CDC_Receive_FS</STRONG> (Thumb, 28 bytes, Stack size 8 bytes, usbd_cdc_if.o(.text.CDC_Receive_FS))
<BR><BR>[Stack]<UL><LI>Max Depth = 56<LI>Call Chain = CDC_Receive_FS &rArr; USBD_CDC_ReceivePacket &rArr; USBD_LL_PrepareReceive &rArr; HAL_PCD_EP_Receive &rArr; USB_EPStartXfer
</UL>
<BR>[Calls]<UL><LI><a href="#[1ca]">&gt;&gt;</a>&nbsp;&nbsp;&nbsp;USBD_CDC_SetRxBuffer
<LI><a href="#[1cb]">&gt;&gt;</a>&nbsp;&nbsp;&nbsp;USBD_CDC_ReceivePacket
</UL>
<BR>[Address Reference Count : 1]<UL><LI> usbd_cdc_if.o(.data.USBD_Interface_fops_FS)
</UL>
<P><STRONG><a name="[23]"></a>CDC_TransmitCplt_FS</STRONG> (Thumb, 4 bytes, Stack size 0 bytes, usbd_cdc_if.o(.text.CDC_TransmitCplt_FS))
<BR>[Address Reference Count : 1]<UL><LI> usbd_cdc_if.o(.data.USBD_Interface_fops_FS)
</UL>
<P><STRONG><a name="[336]"></a>IntToUnicode</STRONG> (Thumb, 54 bytes, Stack size 16 bytes, usbd_desc.o(.text.IntToUnicode))
<BR><BR>[Stack]<UL><LI>Max Depth = 16<LI>Call Chain = IntToUnicode
</UL>
<BR>[Called By]<UL><LI><a href="#[12]">&gt;&gt;</a>&nbsp;&nbsp;&nbsp;USBD_FS_SerialStrDescriptor
</UL>

<P><STRONG><a name="[19]"></a>USBD_CDC_DataIn</STRONG> (Thumb, 112 bytes, Stack size 16 bytes, usbd_cdc.o(.text.USBD_CDC_DataIn))
<BR><BR>[Stack]<UL><LI>Max Depth = 56<LI>Call Chain = USBD_CDC_DataIn &rArr; USBD_LL_Transmit &rArr; HAL_PCD_EP_Transmit &rArr; USB_EPStartXfer
</UL>
<BR>[Calls]<UL><LI><a href="#[327]">&gt;&gt;</a>&nbsp;&nbsp;&nbsp;USBD_LL_Transmit
</UL>
<BR>[Address Reference Count : 1]<UL><LI> usbd_cdc.o(.data.USBD_CDC)
</UL>
<P><STRONG><a name="[1a]"></a>USBD_CDC_DataOut</STRONG> (Thumb, 62 bytes, Stack size 16 bytes, usbd_cdc.o(.text.USBD_CDC_DataOut))
<BR><BR>[Stack]<UL><LI>Max Depth = 16<LI>Call Chain = USBD_CDC_DataOut
</UL>
<BR>[Calls]<UL><LI><a href="#[328]">&gt;&gt;</a>&nbsp;&nbsp;&nbsp;USBD_LL_GetRxDataSize
</UL>
<BR>[Address Reference Count : 1]<UL><LI> usbd_cdc.o(.data.USBD_CDC)
</UL>
<P><STRONG><a name="[16]"></a>USBD_CDC_DeInit</STRONG> (Thumb, 92 bytes, Stack size 16 bytes, usbd_cdc.o(.text.USBD_CDC_DeInit))
<BR><BR>[Stack]<UL><LI>Max Depth = 16<LI>Call Chain = USBD_CDC_DeInit
</UL>
<BR>[Calls]<UL><LI><a href="#[329]">&gt;&gt;</a>&nbsp;&nbsp;&nbsp;USBD_static_free
</UL>
<BR>[Address Reference Count : 1]<UL><LI> usbd_cdc.o(.data.USBD_CDC)
</UL>
<P><STRONG><a name="[18]"></a>USBD_CDC_EP0_RxReady</STRONG> (Thumb, 56 bytes, Stack size 8 bytes, usbd_cdc.o(.text.USBD_CDC_EP0_RxReady))
<BR><BR>[Stack]<UL><LI>Max Depth = 8<LI>Call Chain = USBD_CDC_EP0_RxReady
</UL>
<BR>[Address Reference Count : 1]<UL><LI> usbd_cdc.o(.data.USBD_CDC)
</UL>
<P><STRONG><a name="[1c]"></a>USBD_CDC_GetFSCfgDesc</STRONG> (Thumb, 72 bytes, Stack size 24 bytes, usbd_cdc.o(.text.USBD_CDC_GetFSCfgDesc))
<BR><BR>[Stack]<UL><LI>Max Depth = 24<LI>Call Chain = USBD_CDC_GetFSCfgDesc
</UL>
<BR>[Address Reference Count : 1]<UL><LI> usbd_cdc.o(.data.USBD_CDC)
</UL>
<P><STRONG><a name="[1b]"></a>USBD_CDC_GetHSCfgDesc</STRONG> (Thumb, 76 bytes, Stack size 24 bytes, usbd_cdc.o(.text.USBD_CDC_GetHSCfgDesc))
<BR><BR>[Stack]<UL><LI>Max Depth = 24<LI>Call Chain = USBD_CDC_GetHSCfgDesc
</UL>
<BR>[Address Reference Count : 1]<UL><LI> usbd_cdc.o(.data.USBD_CDC)
</UL>
<P><STRONG><a name="[1d]"></a>USBD_CDC_GetOtherSpeedCfgDesc</STRONG> (Thumb, 72 bytes, Stack size 24 bytes, usbd_cdc.o(.text.USBD_CDC_GetOtherSpeedCfgDesc))
<BR><BR>[Stack]<UL><LI>Max Depth = 24<LI>Call Chain = USBD_CDC_GetOtherSpeedCfgDesc
</UL>
<BR>[Address Reference Count : 1]<UL><LI> usbd_cdc.o(.data.USBD_CDC)
</UL>
<P><STRONG><a name="[15]"></a>USBD_CDC_Init</STRONG> (Thumb, 210 bytes, Stack size 16 bytes, usbd_cdc.o(.text.USBD_CDC_Init))
<BR><BR>[Stack]<UL><LI>Max Depth = 56<LI>Call Chain = USBD_CDC_Init &rArr; USBD_LL_PrepareReceive &rArr; HAL_PCD_EP_Receive &rArr; USB_EPStartXfer
</UL>
<BR>[Calls]<UL><LI><a href="#[1d3]">&gt;&gt;</a>&nbsp;&nbsp;&nbsp;__aeabi_memclr4
<LI><a href="#[32a]">&gt;&gt;</a>&nbsp;&nbsp;&nbsp;USBD_static_malloc
<LI><a href="#[32c]">&gt;&gt;</a>&nbsp;&nbsp;&nbsp;USBD_LL_PrepareReceive
<LI><a href="#[32b]">&gt;&gt;</a>&nbsp;&nbsp;&nbsp;USBD_LL_OpenEP
</UL>
<BR>[Address Reference Count : 1]<UL><LI> usbd_cdc.o(.data.USBD_CDC)
</UL>
<P><STRONG><a name="[17]"></a>USBD_CDC_Setup</STRONG> (Thumb, 202 bytes, Stack size 24 bytes, usbd_cdc.o(.text.USBD_CDC_Setup))
<BR><BR>[Stack]<UL><LI>Max Depth = 72<LI>Call Chain = USBD_CDC_Setup &rArr; USBD_CtlSendData &rArr; USBD_LL_Transmit &rArr; HAL_PCD_EP_Transmit &rArr; USB_EPStartXfer
</UL>
<BR>[Calls]<UL><LI><a href="#[32e]">&gt;&gt;</a>&nbsp;&nbsp;&nbsp;USBD_CtlSendData
<LI><a href="#[32d]">&gt;&gt;</a>&nbsp;&nbsp;&nbsp;USBD_CtlPrepareRx
<LI><a href="#[32f]">&gt;&gt;</a>&nbsp;&nbsp;&nbsp;USBD_CtlError
</UL>
<BR>[Address Reference Count : 1]<UL><LI> usbd_cdc.o(.data.USBD_CDC)
</UL>
<P><STRONG><a name="[3a8]"></a>_ZN10__cxxabiv1L12failed_throwEPNS_15__cxa_exceptionE</STRONG> (Thumb, 16 bytes, Stack size unknown bytes, cxa_exception.cpp.o(.text._ZN10__cxxabiv1L12failed_throwEPNS_15__cxa_exceptionE))
<BR><BR>[Calls]<UL><LI><a href="#[3a9]">&gt;&gt;</a>&nbsp;&nbsp;&nbsp;__cxa_begin_catch
<LI><a href="#[3aa]">&gt;&gt;</a>&nbsp;&nbsp;&nbsp;std::__terminate(void(*)())
</UL>
<BR>[Called By]<UL><LI><a href="#[422]">&gt;&gt;</a>&nbsp;&nbsp;&nbsp;__cxa_throw
</UL>

<P><STRONG><a name="[13d]"></a>_ZN10__cxxabiv1L22exception_cleanup_funcE19_Unwind_Reason_CodeP21_Unwind_Control_Block</STRONG> (Thumb, 22 bytes, Stack size unknown bytes, cxa_exception.cpp.o(.text._ZN10__cxxabiv1L22exception_cleanup_funcE19_Unwind_Reason_CodeP21_Unwind_Control_Block))
<BR><BR>[Stack]<UL><LI>Max Depth = 64 + Unknown Stack Size
<LI>Call Chain = _ZN10__cxxabiv1L22exception_cleanup_funcE19_Unwind_Reason_CodeP21_Unwind_Control_Block &rArr; std::__terminate(void(*)()) &rArr;  __cxa_begin_catch (Cycle)
</UL>
<BR>[Calls]<UL><LI><a href="#[3aa]">&gt;&gt;</a>&nbsp;&nbsp;&nbsp;std::__terminate(void(*)())
<LI><a href="#[3ac]">&gt;&gt;</a>&nbsp;&nbsp;&nbsp;__cxa_decrement_exception_refcount
</UL>
<BR>[Address Reference Count : 1]<UL><LI> cxa_exception.cpp.o(.text.__cxa_throw)
</UL>
<P><STRONG><a name="[13c]"></a>_ZN10__cxxabiv1L27dependent_exception_cleanupE19_Unwind_Reason_CodeP21_Unwind_Control_Block</STRONG> (Thumb, 34 bytes, Stack size unknown bytes, cxa_exception.cpp.o(.text._ZN10__cxxabiv1L27dependent_exception_cleanupE19_Unwind_Reason_CodeP21_Unwind_Control_Block))
<BR><BR>[Stack]<UL><LI>Max Depth = 64 + Unknown Stack Size
<LI>Call Chain = _ZN10__cxxabiv1L27dependent_exception_cleanupE19_Unwind_Reason_CodeP21_Unwind_Control_Block &rArr; std::__terminate(void(*)()) &rArr;  __cxa_begin_catch (Cycle)
</UL>
<BR>[Calls]<UL><LI><a href="#[3aa]">&gt;&gt;</a>&nbsp;&nbsp;&nbsp;std::__terminate(void(*)())
<LI><a href="#[3a2]">&gt;&gt;</a>&nbsp;&nbsp;&nbsp;__cxxabiv1::__aligned_free_with_fallback(void*)
<LI><a href="#[3ac]">&gt;&gt;</a>&nbsp;&nbsp;&nbsp;__cxa_decrement_exception_refcount
</UL>
<BR>[Address Reference Count : 1]<UL><LI> cxa_exception.cpp.o(.text.__cxa_rethrow_primary_exception)
</UL>
<P><STRONG><a name="[16e]"></a>__cxa_end_cleanup_impl</STRONG> (Thumb, 88 bytes, Stack size unknown bytes, cxa_exception.cpp.o(.text.__cxa_end_cleanup_impl), UNUSED, KEPT)
<BR><BR>[Stack]<UL><LI>Max Depth = 72 + Unknown Stack Size
<LI>Call Chain = __cxa_end_cleanup_impl &rArr; std::terminate() &rArr;  __clang_call_terminate (Cycle)
</UL>
<BR>[Calls]<UL><LI><a href="#[25]">&gt;&gt;</a>&nbsp;&nbsp;&nbsp;std::terminate()
<LI><a href="#[41e]">&gt;&gt;</a>&nbsp;&nbsp;&nbsp;__cxa_get_globals
</UL>

<P><STRONG><a name="[3a4]"></a>_ZN10__cxxabiv1L11scan_eh_tabERNS_12_GLOBAL__N_112scan_resultsE14_Unwind_ActionbP21_Unwind_Control_BlockP15_Unwind_Context</STRONG> (Thumb, 926 bytes, Stack size unknown bytes, cxa_personality.cpp.o(.text._ZN10__cxxabiv1L11scan_eh_tabERNS_12_GLOBAL__N_112scan_resultsE14_Unwind_ActionbP21_Unwind_Control_BlockP15_Unwind_Context))
<BR><BR>[Stack]<UL><LI>Max Depth = 40 + Unknown Stack Size
<LI>Call Chain = _ZN10__cxxabiv1L11scan_eh_tabERNS_12_GLOBAL__N_112scan_resultsE14_Unwind_ActionbP21_Unwind_Control_BlockP15_Unwind_Context &rArr; _Unwind_VRS_Get &rArr; abort &rArr; __rt_SIGABRT &rArr; __rt_SIGABRT_inner &rArr; __default_signal_display
</UL>
<BR>[Calls]<UL><LI><a href="#[358]">&gt;&gt;</a>&nbsp;&nbsp;&nbsp;_Unwind_VRS_Get
<LI><a href="#[352]">&gt;&gt;</a>&nbsp;&nbsp;&nbsp;_Unwind_GetRegionStart
<LI><a href="#[350]">&gt;&gt;</a>&nbsp;&nbsp;&nbsp;_Unwind_GetLanguageSpecificData
<LI><a href="#[3a7]">&gt;&gt;</a>&nbsp;&nbsp;&nbsp;_ZN10__cxxabiv1L24exception_spec_can_catchExPKhhPKNS_16__shim_type_infoEPvP21_Unwind_Control_Block
<LI><a href="#[3a5]">&gt;&gt;</a>&nbsp;&nbsp;&nbsp;_ZN10__cxxabiv1L18readEncodedPointerEPPKhh
<LI><a href="#[3a6]">&gt;&gt;</a>&nbsp;&nbsp;&nbsp;_ZN10__cxxabiv1L14call_terminateEbP21_Unwind_Control_Block
<LI><a href="#[1dc]">&gt;&gt;</a>&nbsp;&nbsp;&nbsp;__aeabi_memclr8
</UL>
<BR>[Called By]<UL><LI><a href="#[144]">&gt;&gt;</a>&nbsp;&nbsp;&nbsp;__gxx_personality_v0
</UL>

<P><STRONG><a name="[3ab]"></a>_ZN10__cxxabiv1L13set_registersEP21_Unwind_Control_BlockP15_Unwind_ContextRKNS_12_GLOBAL__N_112scan_resultsE</STRONG> (Thumb, 92 bytes, Stack size unknown bytes, cxa_personality.cpp.o(.text._ZN10__cxxabiv1L13set_registersEP21_Unwind_Control_BlockP15_Unwind_ContextRKNS_12_GLOBAL__N_112scan_resultsE))
<BR><BR>[Stack]<UL><LI>Max Depth = 40 + Unknown Stack Size
<LI>Call Chain = _ZN10__cxxabiv1L13set_registersEP21_Unwind_Control_BlockP15_Unwind_ContextRKNS_12_GLOBAL__N_112scan_resultsE &rArr; _Unwind_VRS_Set &rArr; abort &rArr; __rt_SIGABRT &rArr; __rt_SIGABRT_inner &rArr; __default_signal_display
</UL>
<BR>[Calls]<UL><LI><a href="#[35f]">&gt;&gt;</a>&nbsp;&nbsp;&nbsp;_Unwind_VRS_Set
<LI><a href="#[358]">&gt;&gt;</a>&nbsp;&nbsp;&nbsp;_Unwind_VRS_Get
</UL>
<BR>[Called By]<UL><LI><a href="#[144]">&gt;&gt;</a>&nbsp;&nbsp;&nbsp;__gxx_personality_v0
</UL>

<P><STRONG><a name="[3a6]"></a>_ZN10__cxxabiv1L14call_terminateEbP21_Unwind_Control_Block</STRONG> (Thumb, 26 bytes, Stack size unknown bytes, cxa_personality.cpp.o(.text._ZN10__cxxabiv1L14call_terminateEbP21_Unwind_Control_Block))
<BR><BR>[Calls]<UL><LI><a href="#[3a9]">&gt;&gt;</a>&nbsp;&nbsp;&nbsp;__cxa_begin_catch
<LI><a href="#[25]">&gt;&gt;</a>&nbsp;&nbsp;&nbsp;std::terminate()
<LI><a href="#[3aa]">&gt;&gt;</a>&nbsp;&nbsp;&nbsp;std::__terminate(void(*)())
</UL>
<BR>[Called By]<UL><LI><a href="#[144]">&gt;&gt;</a>&nbsp;&nbsp;&nbsp;__gxx_personality_v0
<LI><a href="#[3a7]">&gt;&gt;</a>&nbsp;&nbsp;&nbsp;_ZN10__cxxabiv1L24exception_spec_can_catchExPKhhPKNS_16__shim_type_infoEPvP21_Unwind_Control_Block
<LI><a href="#[3a4]">&gt;&gt;</a>&nbsp;&nbsp;&nbsp;_ZN10__cxxabiv1L11scan_eh_tabERNS_12_GLOBAL__N_112scan_resultsE14_Unwind_ActionbP21_Unwind_Control_BlockP15_Unwind_Context
<LI><a href="#[41d]">&gt;&gt;</a>&nbsp;&nbsp;&nbsp;__cxa_call_unexpected
</UL>

<P><STRONG><a name="[3a5]"></a>_ZN10__cxxabiv1L18readEncodedPointerEPPKhh</STRONG> (Thumb, 322 bytes, Stack size unknown bytes, cxa_personality.cpp.o(.text._ZN10__cxxabiv1L18readEncodedPointerEPPKhh))
<BR><BR>[Stack]<UL><LI>Max Depth = 40 + Unknown Stack Size
<LI>Call Chain = _ZN10__cxxabiv1L18readEncodedPointerEPPKhh &rArr; abort &rArr; __rt_SIGABRT &rArr; __rt_SIGABRT_inner &rArr; __default_signal_display
</UL>
<BR>[Calls]<UL><LI><a href="#[24]">&gt;&gt;</a>&nbsp;&nbsp;&nbsp;abort
</UL>
<BR>[Called By]<UL><LI><a href="#[3a4]">&gt;&gt;</a>&nbsp;&nbsp;&nbsp;_ZN10__cxxabiv1L11scan_eh_tabERNS_12_GLOBAL__N_112scan_resultsE14_Unwind_ActionbP21_Unwind_Control_BlockP15_Unwind_Context
<LI><a href="#[41d]">&gt;&gt;</a>&nbsp;&nbsp;&nbsp;__cxa_call_unexpected
</UL>

<P><STRONG><a name="[3a7]"></a>_ZN10__cxxabiv1L24exception_spec_can_catchExPKhhPKNS_16__shim_type_infoEPvP21_Unwind_Control_Block</STRONG> (Thumb, 68 bytes, Stack size unknown bytes, cxa_personality.cpp.o(.text._ZN10__cxxabiv1L24exception_spec_can_catchExPKhhPKNS_16__shim_type_infoEPvP21_Unwind_Control_Block))
<BR><BR>[Calls]<UL><LI><a href="#[3a6]">&gt;&gt;</a>&nbsp;&nbsp;&nbsp;_ZN10__cxxabiv1L14call_terminateEbP21_Unwind_Control_Block
</UL>
<BR>[Called By]<UL><LI><a href="#[3a4]">&gt;&gt;</a>&nbsp;&nbsp;&nbsp;_ZN10__cxxabiv1L11scan_eh_tabERNS_12_GLOBAL__N_112scan_resultsE14_Unwind_ActionbP21_Unwind_Control_BlockP15_Unwind_Context
<LI><a href="#[41d]">&gt;&gt;</a>&nbsp;&nbsp;&nbsp;__cxa_call_unexpected
</UL>

<P><STRONG><a name="[356]"></a>_ZL13unwind_phase2P13unw_context_tP12unw_cursor_tP21_Unwind_Control_Blockb</STRONG> (Thumb, 168 bytes, Stack size unknown bytes, Unwind-EHABI.cpp.o(.text._ZL13unwind_phase2P13unw_context_tP12unw_cursor_tP21_Unwind_Control_Blockb))
<BR><BR>[Stack]<UL><LI>Max Depth = 40 + Unknown Stack Size
<LI>Call Chain = _ZL13unwind_phase2P13unw_context_tP12unw_cursor_tP21_Unwind_Control_Blockb &rArr; abort &rArr; __rt_SIGABRT &rArr; __rt_SIGABRT_inner &rArr; __default_signal_display
</UL>
<BR>[Calls]<UL><LI><a href="#[24]">&gt;&gt;</a>&nbsp;&nbsp;&nbsp;abort
<LI><a href="#[35e]">&gt;&gt;</a>&nbsp;&nbsp;&nbsp;unw_set_reg
<LI><a href="#[395]">&gt;&gt;</a>&nbsp;&nbsp;&nbsp;unw_resume
<LI><a href="#[355]">&gt;&gt;</a>&nbsp;&nbsp;&nbsp;unw_init_local
<LI><a href="#[359]">&gt;&gt;</a>&nbsp;&nbsp;&nbsp;unw_get_reg
<LI><a href="#[351]">&gt;&gt;</a>&nbsp;&nbsp;&nbsp;unw_get_proc_info
</UL>
<BR>[Called By]<UL><LI><a href="#[357]">&gt;&gt;</a>&nbsp;&nbsp;&nbsp;_Unwind_Resume
<LI><a href="#[353]">&gt;&gt;</a>&nbsp;&nbsp;&nbsp;_Unwind_RaiseException
</UL>

<P><STRONG><a name="[3bf]"></a>&lang;unnamed namespace 1&rang;::unwindOneFrame(unsigned, _Unwind_Control_Block*, _Unwind_Context*)</STRONG> (Thumb, 56 bytes, Stack size unknown bytes, Unwind-EHABI.cpp.o(.text._ZN12_GLOBAL__N_114unwindOneFrameEjP21_Unwind_Control_BlockP15_Unwind_Context))
<BR><BR>[Calls]<UL><LI><a href="#[3c0]">&gt;&gt;</a>&nbsp;&nbsp;&nbsp;unw_step
<LI><a href="#[351]">&gt;&gt;</a>&nbsp;&nbsp;&nbsp;unw_get_proc_info
</UL>
<BR>[Called By]<UL><LI><a href="#[139]">&gt;&gt;</a>&nbsp;&nbsp;&nbsp;__aeabi_unwind_cpp_pr0
<LI><a href="#[13a]">&gt;&gt;</a>&nbsp;&nbsp;&nbsp;__aeabi_unwind_cpp_pr1
<LI><a href="#[13b]">&gt;&gt;</a>&nbsp;&nbsp;&nbsp;__aeabi_unwind_cpp_pr2
</UL>

<P><STRONG><a name="[1b0]"></a>_fp_digits</STRONG> (Thumb, 432 bytes, Stack size 96 bytes, _printf_fp_dec.o(.text))
<BR><BR>[Stack]<UL><LI>Max Depth = 220<LI>Call Chain = _fp_digits &rArr; _btod_etento &rArr; _btod_emul &rArr; _e2e
</UL>
<BR>[Calls]<UL><LI><a href="#[1b4]">&gt;&gt;</a>&nbsp;&nbsp;&nbsp;_btod_emul
<LI><a href="#[1b3]">&gt;&gt;</a>&nbsp;&nbsp;&nbsp;_btod_ediv
<LI><a href="#[1b2]">&gt;&gt;</a>&nbsp;&nbsp;&nbsp;_btod_d2e
<LI><a href="#[1b1]">&gt;&gt;</a>&nbsp;&nbsp;&nbsp;_btod_etento
<LI><a href="#[1b5]">&gt;&gt;</a>&nbsp;&nbsp;&nbsp;_ll_udiv10
</UL>
<BR>[Called By]<UL><LI><a href="#[1b6]">&gt;&gt;</a>&nbsp;&nbsp;&nbsp;_printf_fp_dec_real
</UL>

<P><STRONG><a name="[be]"></a>_printf_input_char</STRONG> (Thumb, 10 bytes, Stack size 0 bytes, _printf_char_common.o(.text))
<BR>[Address Reference Count : 1]<UL><LI> _printf_char_common.o(.text)
</UL>
<P><STRONG><a name="[39f]"></a>&lang;unnamed namespace 1&rang;::fallback_free(void*)</STRONG> (Thumb, 156 bytes, Stack size unknown bytes, fallback_malloc.cpp.o(.text._ZN12_GLOBAL__N_113fallback_freeEPv))
<BR><BR>[Called By]<UL><LI><a href="#[39e]">&gt;&gt;</a>&nbsp;&nbsp;&nbsp;__cxxabiv1::__free_with_fallback(void*)
<LI><a href="#[3a2]">&gt;&gt;</a>&nbsp;&nbsp;&nbsp;__cxxabiv1::__aligned_free_with_fallback(void*)
</UL>

<P><STRONG><a name="[3a1]"></a>&lang;unnamed namespace 1&rang;::fallback_malloc(unsigned)</STRONG> (Thumb, 146 bytes, Stack size unknown bytes, fallback_malloc.cpp.o(.text._ZN12_GLOBAL__N_115fallback_mallocEj))
<BR><BR>[Called By]<UL><LI><a href="#[3a0]">&gt;&gt;</a>&nbsp;&nbsp;&nbsp;__cxxabiv1::__calloc_with_fallback(unsigned, unsigned)
<LI><a href="#[3a3]">&gt;&gt;</a>&nbsp;&nbsp;&nbsp;__cxxabiv1::__aligned_malloc_with_fallback(unsigned)
</UL>
<P>
<H3>
Undefined Global Symbols
</H3><HR></body></html>
